 PhysXCooking_32

 Timestamp is 624d42be (Wed Apr  6 09:35:26 2022)

 Preferred load address is 10000000

 Start         Length     Name                   Class
 0001:00000000 00000640H .text$di                CODE
 0001:00000640 000380efH .text$mn                CODE
 0001:0003872f 00000047H .text$x                 CODE
 0002:00000000 00000120H .idata$5                DATA
 0002:00000120 00000004H .00cfg                  DATA
 0002:00000124 00000004H .CRT$XCA                DATA
 0002:00000128 000000f0H .CRT$XCU                DATA
 0002:00000218 00000004H .CRT$XCZ                DATA
 0002:0000021c 00000004H .CRT$XIA                DATA
 0002:00000220 0000000cH .CRT$XIC                DATA
 0002:0000022c 00000004H .CRT$XIZ                DATA
 0002:00000230 00000004H .CRT$XPA                DATA
 0002:00000234 00000008H .CRT$XPX                DATA
 0002:0000023c 00000004H .CRT$XPXA               DATA
 0002:00000240 00000004H .CRT$XPZ                DATA
 0002:00000244 00000004H .CRT$XTA                DATA
 0002:00000248 00000008H .CRT$XTZ                DATA
 0002:0000024c 00000000H .gfids$y                DATA
 0002:00000250 000084b0H .rdata                  DATA
 0002:00008700 00000000H .rdata$CastGuardVftablesA DATA
 0002:00008700 00000000H .rdata$CastGuardVftablesC DATA
 0002:00008700 0000028cH .rdata$r                DATA
 0002:0000898c 00000018H .rdata$sxdata           DATA
 0002:000089a4 00000024H .rdata$voltmd           DATA
 0002:000089c8 00000408H .rdata$zzzdbg           DATA
 0002:00008dd0 00000004H .rtc$IAA                DATA
 0002:00008dd4 00000004H .rtc$IZZ                DATA
 0002:00008dd8 00000004H .rtc$TAA                DATA
 0002:00008ddc 00000004H .rtc$TZZ                DATA
 0002:00008de0 00000564H .xdata$x                DATA
 0002:00009344 00000040H .didat$2                DATA
 0002:00009384 00000020H .didat$3                DATA
 0002:000093a4 000000c4H .didat$4                DATA
 0002:00009468 00000904H .didat$6                DATA
 0002:00009d6c 000000c4H .didat$7                DATA
 0002:00009e30 00001c38H .edata                  DATA
 0002:0000ba68 00000014H .idata$2                DATA
 0002:0000ba7c 00000014H .idata$3                DATA
 0002:0000ba90 00000120H .idata$4                DATA
 0002:0000bbb0 00000534H .idata$6                DATA
 0003:00000000 00000890H .data                   DATA
 0003:00000890 00000470H .data$r                 DATA
 0003:00000d00 000000b4H .data$rs                DATA
 0003:00000db4 000000ccH .didat$5                DATA
 0003:00000e80 00000e14H .bss                    DATA
 0004:00000000 00002608H _RDATA                  DATA
 0005:00000000 000000a0H .rsrc$01                DATA
 0005:000000a0 000004b0H .rsrc$02                DATA

  Address         Publics by Value              Rva+Base       Lib:Object

 0000:00000000       ___guard_longjmp_table     00000000     <absolute>
 0000:00000000       ___arm64x_redirection_metadata 00000000     <absolute>
 0000:00000000       ___arm64x_native_entrypoint 00000000     <absolute>
 0000:00000000       ___guard_eh_cont_count     00000000     <absolute>
 0000:00000000       ___guard_fids_count        00000000     <absolute>
 0000:00000000       ___hybrid_code_map_count   00000000     <absolute>
 0000:00000000       ___guard_eh_cont_table     00000000     <absolute>
 0000:00000000       ___x64_code_ranges_to_entry_points 00000000     <absolute>
 0000:00000000       ___guard_iat_count         00000000     <absolute>
 0000:00000000       __except_list              00000000     <absolute>
 0000:00000000       ___x64_code_ranges_to_entry_points_count 00000000     <absolute>
 0000:00000000       ___arm64x_extra_rfe_table  00000000     <absolute>
 0000:00000000       ___hybrid_code_map         00000000     <absolute>
 0000:00000000       ___guard_iat_table         00000000     <absolute>
 0000:00000000       ___arm64x_extra_rfe_table_size 00000000     <absolute>
 0000:00000000       ___guard_longjmp_count     00000000     <absolute>
 0000:00000000       ___hybrid_auxiliary_iat    00000000     <absolute>
 0000:00000000       ___guard_check_icall_a64n_fptr 00000000     <absolute>
 0000:00000000       ___arm64x_redirection_metadata_count 00000000     <absolute>
 0000:00000000       ___dynamic_value_reloc_table 00000000     <absolute>
 0000:00000000       ___AbsoluteZero            00000000     <absolute>
 0000:00000000       ___enclave_config          00000000     <absolute>
 0000:00000000       ___guard_fids_table        00000000     <absolute>
 0000:00000000       ___hybrid_auxiliary_iat_copy 00000000     <absolute>
 0000:00000006       ___safe_se_handler_count   00000006     <absolute>
 0000:00000100       ___guard_flags             00000100     <absolute>
 0000:00000000       ___ImageBase               10000000     <linker-defined>
 0001:00000640       ??0BuildStats@Gu@physx@@QAE@XZ 10001640 f   BVHStructureBuilder.obj
 0001:00000640       ??0AdjacenciesBuilder@physx@@QAE@XZ 10001640 f   Adjacencies.obj
 0001:00000650       ??4MutexImpl@shdfnd@physx@@QAEAAV012@ABV012@@Z 10001650 f i Adjacencies.obj
 0001:00000650       ??0Allocator@shdfnd@physx@@QAE@PBD@Z 10001650 f i Adjacencies.obj
 0001:00000650       ??4Allocator@shdfnd@physx@@QAEAAV012@$$QAV012@@Z 10001650 f i Adjacencies.obj
 0001:00000650       ??0BigConvexData@physx@@QAE@W4PxEMPTY@1@@Z 10001650 f i BigConvexDataBuilder.obj
 0001:00000650       ??4PxFoundation@physx@@QAEAAV01@ABV01@@Z 10001650 f i Adjacencies.obj
 0001:00000650       ??0HeightFieldData@Gu@physx@@QAE@W4PxEMPTY@2@@Z 10001650 f i Cooking.obj
 0001:00000650       ??4Allocator@shdfnd@physx@@QAEAAV012@ABV012@@Z 10001650 f i Adjacencies.obj
 0001:00000660       ??0PxFoundation@physx@@QAE@ABV01@@Z 10001660 f i Adjacencies.obj
 0001:00000670       ??0PxFoundation@physx@@QAE@XZ 10001670 f i Adjacencies.obj
 0001:00000680       ??1AdjacenciesBuilder@physx@@QAE@XZ 10001680 f   Adjacencies.obj
 0001:000006c0       ??1PxFoundation@physx@@MAE@XZ 100016c0 f i Adjacencies.obj
 0001:000006d0       ??_EPxFoundation@physx@@MAEPAXI@Z 100016d0 f i Adjacencies.obj
 0001:00000740       ??1Box@Gu@physx@@QAE@XZ    10001740 f i ConvexHullUtils.obj
 0001:00000740       ??1BigConvexDataBuilder@physx@@QAE@XZ 10001740 f i BigConvexDataBuilder.obj
 0001:00000740       ??1HeightFieldData@Gu@physx@@QAE@XZ 10001740 f i Cooking.obj
 0001:00000740       @_guard_check_icall_nop@4  10001740 f i LIBCMT:guard_support.obj
 0001:00000740       ??_FAllocator@shdfnd@physx@@QAEXXZ 10001740 f i Adjacencies.obj
 0001:00000740       ??1AABBTreeBuildNode@Gu@physx@@QAE@XZ 10001740 f i BVHStructureBuilder.obj
 0001:00000740       ?onMeshIndexFormatChange@TriangleMeshBuilder@physx@@UAEXXZ 10001740 f i TriangleMeshBuilder.obj
 0001:00000750       ?ComputeNbBoundaryEdges@Adjacencies@physx@@QBEIXZ 10001750 f   Adjacencies.obj
 0001:000009b0       ?GetNbHits@RadixSort@Cm@physx@@QBEIXZ 100019b0 f i Adjacencies.obj
 0001:000009c0       ?GetNbTotalCalls@RadixSort@Cm@physx@@QBEIXZ 100019c0 f i Adjacencies.obj
 0001:000009c0       ?getPos@AABBTreeBuildNode@Gu@physx@@QBEPBV123@XZ 100019c0 f i BVHStructureBuilder.obj
 0001:000009d0       ?length@pcharNode@@UBEHXZ  100019d0 f i libvcruntime:undname.obj
 0001:000009d0       ?raw_length@DNameStatusNode@@UBEHXZ 100019d0 f i libvcruntime:undname.obj
 0001:000009d0       ?length@DNameStatusNode@@UBEHXZ 100019d0 f i libvcruntime:undname.obj
 0001:000009d0       ?getErrorCallback@Foundation@shdfnd@physx@@UAEAAVPxErrorCallback@3@XZ 100019d0 f i Adjacencies.obj
 0001:000009d0       ?GetRanks@RadixSort@Cm@physx@@QBEPBIXZ 100019d0 f i Adjacencies.obj
 0001:000009d0       ?raw_length@pcharNode@@UBEHXZ 100019d0 f i libvcruntime:undname.obj
 0001:000009d0       ?GetNbVerts@BigConvexData@physx@@QBEIXZ 100019d0 f i BigConvexDataBuilder.obj
 0001:000009e0       ?GetRecyclable@RadixSort@Cm@physx@@QBEPAIXZ 100019e0 f i Adjacencies.obj
 0001:000009e0       ?raw_length@pairNode@@UBEHXZ 100019e0 f i libvcruntime:undname.obj
 0001:000009f0       ?Init@AdjacenciesBuilder@physx@@QAE_NABUADJACENCIESCREATE@2@@Z 100019f0 f   Adjacencies.obj
 0001:00000f00       ?getAllocator@Foundation@shdfnd@physx@@QAEAAVPxAllocatorCallback@3@XZ 10001f00 f i Adjacencies.obj
 0001:00000f10       ?getAllocatorCallback@Foundation@shdfnd@physx@@UAEAAVPxAllocatorCallback@3@XZ 10001f10 f i Adjacencies.obj
 0001:00000f20       ?getErrorLevel@Foundation@shdfnd@physx@@UBE?AW4Enum@PxErrorCode@3@XZ 10001f20 f i Adjacencies.obj
 0001:00000f30       ?getInternalErrorCallback@Foundation@shdfnd@physx@@QAEAAVPxErrorCallback@3@XZ 10001f30 f i Adjacencies.obj
 0001:00000f40       ?getNamedAllocMap@Foundation@shdfnd@physx@@QAEAAV?$HashMap@PBVNamedAllocator@shdfnd@physx@@PBDU?$Hash@PBVNamedAllocator@shdfnd@physx@@@23@VNonTrackingAllocator@23@@23@XZ 10001f40 f i Adjacencies.obj
 0001:00000f50       ?getNamedAllocMutex@Foundation@shdfnd@physx@@QAEAAV?$MutexT@VAllocator@shdfnd@physx@@@23@XZ 10001f50 f i Adjacencies.obj
 0001:00000f60       ?getReportAllocationNames@Foundation@shdfnd@physx@@UBE_NXZ 10001f60 f i Adjacencies.obj
 0001:00000f70       ?getTempAllocFreeTable@Foundation@shdfnd@physx@@QAEAAV?$Array@PATTempAllocatorChunk@shdfnd@physx@@VAllocator@23@@23@XZ 10001f70 f i Adjacencies.obj
 0001:00000f80       ?getTempAllocMutex@Foundation@shdfnd@physx@@QAEAAV?$MutexT@VAllocator@shdfnd@physx@@@23@XZ 10001f80 f i Adjacencies.obj
 0001:00000f90       ?invalidateRanks@RadixSort@Cm@physx@@QAEXXZ 10001f90 f i Adjacencies.obj
 0001:00000fa0       ?setErrorLevel@Foundation@shdfnd@physx@@UAEXW4Enum@PxErrorCode@3@@Z 10001fa0 f i Adjacencies.obj
 0001:00000fb0       ?setReportAllocationNames@Foundation@shdfnd@physx@@UAEX_N@Z 10001fb0 f i Adjacencies.obj
 0001:00000fc0       ??0DebugText@Cm@physx@@QAE@ABU012@@Z 10001fc0 f i Cooking.obj
 0001:00000fc0       ??0DebugText@Cm@physx@@QAE@$$QAU012@@Z 10001fc0 f i Cooking.obj
 0001:00001010       ??0HeightFieldData@Gu@physx@@QAE@ABU012@@Z 10002010 f i Cooking.obj
 0001:00001010       ??4HeightFieldData@Gu@physx@@QAEAAU012@ABU012@@Z 10002010 f i Cooking.obj
 0001:00001010       ??0HeightFieldData@Gu@physx@@QAE@$$QAU012@@Z 10002010 f i Cooking.obj
 0001:00001010       ??4HeightFieldData@Gu@physx@@QAEAAU012@$$QAU012@@Z 10002010 f i Cooking.obj
 0001:00001080       ??0HeightFieldData@Gu@physx@@QAE@XZ 10002080 f i Cooking.obj
 0001:00001090       ??0PxConvexMeshDesc@physx@@QAE@ABV01@@Z 10002090 f i Cooking.obj
 0001:000010e0       ??0RenderOutput@Cm@physx@@QAE@AAVRenderBuffer@12@@Z 100020e0 f i Cooking.obj
 0001:000011a0       ??0RenderOutput@Cm@physx@@QAE@ABV012@@Z 100021a0 f i Cooking.obj
 0001:00001250       ??1PxConvexMesh@physx@@MAE@XZ 10002250 f i Cooking.obj
 0001:00001250       ??1PxHeightField@physx@@MAE@XZ 10002250 f i Cooking.obj
 0001:00001260       ??4DebugText@Cm@physx@@QAEAAU012@ABU012@@Z 10002260 f i Cooking.obj
 0001:00001260       ??4DebugText@Cm@physx@@QAEAAU012@$$QAU012@@Z 10002260 f i Cooking.obj
 0001:000012f0       ??4FPUGuard@shdfnd@physx@@QAEAAV012@ABV012@@Z 100022f0 f i Cooking.obj
 0001:00001310       ??_ECooking@physx@@UAEPAXI@Z 10002310 f i Cooking.obj
 0001:00001310       ??_GCooking@physx@@UAEPAXI@Z 10002310 f i Cooking.obj
 0001:00001350       ??_GPxBase@physx@@MAEPAXI@Z 10002350 f i Cooking.obj
 0001:00001350       ??_EPxBase@physx@@MAEPAXI@Z 10002350 f i Cooking.obj
 0001:00001380       ??_GPxCooking@physx@@MAEPAXI@Z 10002380 f i Cooking.obj
 0001:00001380       ??_EPxCooking@physx@@MAEPAXI@Z 10002380 f i Cooking.obj
 0001:000013b0       ?allocate@?$Array@UPxDebugLine@physx@@V?$ReflectionAllocator@UPxDebugLine@physx@@@shdfnd@2@@shdfnd@physx@@IAEPAUPxDebugLine@3@I@Z 100023b0 f i Cooking.obj
 0001:00001420       ?computeHullPolygons@Cooking@physx@@UBE_NABVPxSimpleTriangleMesh@2@AAVPxAllocatorCallback@2@AAIAAPAVPxVec3@2@2AAPAI2AAPAUPxHullPolygon@2@@Z 10002420 f   Cooking.obj
 0001:00001550       ?cookBVHStructure@Cooking@physx@@UBE_NABVPxBVHStructureDesc@2@AAVPxOutputStream@2@@Z 10002550 f   Cooking.obj
 0001:00001600       ?cookConvexMesh@Cooking@physx@@UBE_NABVPxConvexMeshDesc@2@AAVPxOutputStream@2@PAW4Enum@PxConvexMeshCookingResult@2@@Z 10002600 f   Cooking.obj
 0001:00001780       ?cookConvexMeshInternal@Cooking@physx@@ABE_NABVPxConvexMeshDesc@2@AAVConvexMeshBuilder@2@PAVConvexHullLib@2@PAW4Enum@PxConvexMeshCookingResult@2@@Z 10002780 f   Cooking.obj
 0001:00001950       ?cookHeightField@Cooking@physx@@UBE_NABVPxHeightFieldDesc@2@AAVPxOutputStream@2@@Z 10002950 f   Cooking.obj
 0001:00001a10       ?cookTriangleMesh@Cooking@physx@@UBE_NABVPxTriangleMeshDesc@2@AAVPxOutputStream@2@PAW4Enum@PxTriangleMeshCookingResult@2@@Z 10002a10 f   Cooking.obj
 0001:00001b20       ?copy@?$Array@UPxDebugLine@physx@@V?$ReflectionAllocator@UPxDebugLine@physx@@@shdfnd@2@@shdfnd@physx@@KAXPAUPxDebugLine@3@0PBU43@@Z 10002b20 f i Cooking.obj
 0001:00001b90       ?createBVHStructure@Cooking@physx@@UBEPAVPxBVHStructure@2@ABVPxBVHStructureDesc@2@AAVPxPhysicsInsertionCallback@2@@Z 10002b90 f   Cooking.obj
 0001:00001c40       ?createConvexMesh@Cooking@physx@@UBEPAVPxConvexMesh@2@ABVPxConvexMeshDesc@2@AAVPxPhysicsInsertionCallback@2@PAW4Enum@PxConvexMeshCookingResult@2@@Z 10002c40 f   Cooking.obj
 0001:00001de0       ?createHeightField@Cooking@physx@@UBEPAVPxHeightField@2@ABVPxHeightFieldDesc@2@AAVPxPhysicsInsertionCallback@2@@Z 10002de0 f   Cooking.obj
 0001:00001f10       ?createTriangleMesh@Cooking@physx@@ABEPAVPxTriangleMesh@2@AAVTriangleMeshBuilder@2@ABVPxTriangleMeshDesc@2@AAVPxPhysicsInsertionCallback@2@PAW4Enum@PxTriangleMeshCookingResult@2@@Z 10002f10 f   Cooking.obj
 0001:00001fa0       ?createTriangleMesh@Cooking@physx@@UBEPAVPxTriangleMesh@2@ABVPxTriangleMeshDesc@2@AAVPxPhysicsInsertionCallback@2@PAW4Enum@PxTriangleMeshCookingResult@2@@Z 10002fa0 f   Cooking.obj
 0001:00002020       ?getConcreteTypeName@PxConvexMesh@physx@@UBEPBDXZ 10003020 f i Cooking.obj
 0001:00002030       ?getConcreteTypeName@PxHeightField@physx@@UBEPBDXZ 10003030 f i Cooking.obj
 0001:00002040       ?getConvexEdgeThreshold@HeightField@Gu@physx@@UBEMXZ 10003040 f i Cooking.obj
 0001:00002050       ?getFlags@HeightField@Gu@physx@@UBE?AV?$PxFlags@W4Enum@PxHeightFieldFlag@physx@@G@3@XZ 10003050 f i Cooking.obj
 0001:00002060       ?getFormat@HeightField@Gu@physx@@UBE?AW4Enum@PxHeightFieldFormat@3@XZ 10003060 f i Cooking.obj
 0001:00002070       ?getHeight@HeightField@Gu@physx@@UBEMMM@Z 10003070 f i Cooking.obj
 0001:000020d0       ?getHeightInternal2@HeightField@Gu@physx@@QBEMIMM@Z 100030d0 f i Cooking.obj
 0001:00002220       ?getIndexBuffer@ConvexMesh@Gu@physx@@UBEPBEXZ 10003220 f i Cooking.obj
 0001:00002260       ?getNbColumns@HeightField@Gu@physx@@UBEIXZ 10003260 f i Cooking.obj
 0001:00002270       ?getNbPolygons@ConvexMesh@Gu@physx@@UBEIXZ 10003270 f i Cooking.obj
 0001:00002280       ?getNbRows@HeightField@Gu@physx@@UBEIXZ 10003280 f i Cooking.obj
 0001:00002290       ?getNbVertices@ConvexMesh@Gu@physx@@UBEIXZ 10003290 f i Cooking.obj
 0001:000022a0       ?getPaddedBounds@HeightFieldData@Gu@physx@@QBEABVCenterExtentsPadded@23@XZ 100032a0 f i Cooking.obj
 0001:000022a0       ??0Box@Gu@physx@@QAE@XZ    100032a0 f i ConvexHullUtils.obj
 0001:000022a0       ?getAABB@AABBTreeBuildNode@Gu@physx@@QBEABVPxBounds3@3@XZ 100032a0 f i BVHStructureBuilder.obj
 0001:000022a0       ??0AABBTreeBuildNode@Gu@physx@@QAE@XZ 100032a0 f i BVHStructureBuilder.obj
 0001:000022b0       ?getDenormalizeScale@QuantizerImpl@@UBEABVPxVec3@physx@@XZ 100032b0 f   Quantizer.obj
 0001:000022b0       ?getParams@Cooking@physx@@UBEABUPxCookingParams@2@XZ 100032b0 f   Cooking.obj
 0001:000022c0       ?getSample@HeightField@Gu@physx@@UBEABUPxHeightFieldSample@3@II@Z 100032c0 f i Cooking.obj
 0001:000022e0       ?getSampleStride@HeightField@Gu@physx@@UBEIXZ 100032e0 f i Cooking.obj
 0001:000022f0       ?getTimestamp@HeightField@Gu@physx@@UBEIXZ 100032f0 f i Cooking.obj
 0001:00002300       ?getTriangleMaterialIndex@HeightField@Gu@physx@@UBEGI@Z 10003300 f i Cooking.obj
 0001:00002330       ?getTriangleNormal@HeightField@Gu@physx@@UBE?AVPxVec3@3@I@Z 10003330 f i Cooking.obj
 0001:00002420       ?getVertices@ConvexMesh@Gu@physx@@UBEPBVPxVec3@3@XZ 10003420 f i Cooking.obj
 0001:00002430       ?isKindOf@PxBase@physx@@MBE_NPBD@Z 10003430 f i Cooking.obj
 0001:00002480       ?isKindOf@PxConvexMesh@physx@@MBE_NPBD@Z 10003480 f i Cooking.obj
 0001:00002500       ?isKindOf@PxHeightField@physx@@MBE_NPBD@Z 10003500 f i Cooking.obj
 0001:00002580       ?isReleasable@PxBase@physx@@UBE_NXZ 10003580 f i Cooking.obj
 0001:00002590       ?outputSegment@RenderOutput@Cm@physx@@QAEXABVPxVec3@3@0@Z 10003590 f i Cooking.obj
 0001:00002620       ?platformMismatch@Cooking@physx@@UBE_NXZ 10003620 f   Cooking.obj
 0001:00002630       ?preExportDataReset@ConvexMesh@Gu@physx@@QAEXXZ 10003630 f i Cooking.obj
 0001:00002630       ?preExportDataReset@HeightField@Gu@physx@@QAEXXZ 10003630 f i Cooking.obj
 0001:00002640       ?recreate@?$Array@UPxDebugLine@physx@@V?$ReflectionAllocator@UPxDebugLine@physx@@@shdfnd@2@@shdfnd@physx@@IAEXI@Z 10003640 f i Cooking.obj
 0001:000026a0       ?release@Cooking@physx@@UAEXXZ 100036a0 f   Cooking.obj
 0001:000026b0       ?reserveSegments@RenderOutput@Cm@physx@@QAEPAUPxDebugLine@3@I@Z 100036b0 f i Cooking.obj
 0001:00002710       ?setParams@Cooking@physx@@UAEXABUPxCookingParams@2@@Z 10003710 f   Cooking.obj
 0001:00002770       ?validateConvexMesh@Cooking@physx@@UBE_NABVPxConvexMeshDesc@2@@Z 10003770 f   Cooking.obj
 0001:000027c0       ?validateTriangleMesh@Cooking@physx@@UBE_NABVPxTriangleMeshDesc@2@@Z 100037c0 f   Cooking.obj
 0001:000028a0       _PxCreateCooking           100038a0 f   Cooking.obj
 0001:00002960       ??0ReducedVertexCloud@physx@@QAE@PBVPxVec3@1@I@Z 10003960 f   CookingUtils.obj
 0001:00002990       ??1ReducedVertexCloud@physx@@QAE@XZ 10003990 f   CookingUtils.obj
 0001:000029d0       ?Reduce@ReducedVertexCloud@physx@@QAE_NPAUREDUCEDCLOUD@2@@Z 100039d0 f   CookingUtils.obj
 0001:00002c70       ??$?_UI@@YAPAXIV?$ReflectionAllocator@I@shdfnd@physx@@PBDH@Z 10003c70 f i EdgeList.obj
 0001:00002cd0       ??0EdgeListBuilder@Gu@physx@@QAE@XZ 10003cd0 f   EdgeList.obj
 0001:00002d00       ??1EdgeList@Gu@physx@@QAE@XZ 10003d00 f   EdgeList.obj
 0001:00002d80       ??1EdgeListBuilder@Gu@physx@@QAE@XZ 10003d80 f   EdgeList.obj
 0001:00002d90       ?computeActiveEdges@EdgeListBuilder@Gu@physx@@AAE_NIPBIPBGPBVPxVec3@3@M@Z 10003d90 f   EdgeList.obj
 0001:00004590       ?createEdgesToFaces@EdgeListBuilder@Gu@physx@@AAE_NIPBIPBG@Z 10005590 f   EdgeList.obj
 0001:00004750       ?createFacesToEdges@EdgeListBuilder@Gu@physx@@AAE_NIPBIPBG@Z 10005750 f   EdgeList.obj
 0001:00004b10       ?init@EdgeListBuilder@Gu@physx@@QAE_NABUEDGELISTCREATE@23@@Z 10005b10 f   EdgeList.obj
 0001:00004bf0       ??0MeshCleaner@physx@@QAE@IPBVPxVec3@1@IPBIM@Z 10005bf0 f   MeshCleaner.obj
 0001:00005470       ??1MeshCleaner@physx@@QAE@XZ 10006470 f   MeshCleaner.obj
 0001:000054d0       ??$kmeans_cluster@VPxVec3@physx@@M@@YAIPBVPxVec3@physx@@IIPAV01@PAIMM@Z 100064d0 f i Quantizer.obj
 0001:00005ad0       ??_EQuantizer@physx@@MAEPAXI@Z 10006ad0 f i Quantizer.obj
 0001:00005ad0       ??_GQuantizer@physx@@MAEPAXI@Z 10006ad0 f i Quantizer.obj
 0001:00005b00       ??_EQuantizerImpl@@EAEPAXI@Z 10006b00 f i Quantizer.obj
 0001:00005b00       ??_GQuantizerImpl@@EAEPAXI@Z 10006b00 f i Quantizer.obj
 0001:00005b90       ?createQuantizer@physx@@YAPAVQuantizer@1@XZ 10006b90 f   Quantizer.obj
 0001:00005c40       ?getDenormalizeCenter@QuantizerImpl@@UBEABVPxVec3@physx@@XZ 10006c40 f i Quantizer.obj
 0001:00005c50       ?growAndPushBack@?$Array@VPxVec3@physx@@V?$ReflectionAllocator@VPxVec3@physx@@@shdfnd@2@@shdfnd@physx@@IAEAAVPxVec3@3@ABV43@@Z 10006c50 f i Quantizer.obj
 0001:00005e00       ?kmeansQuantize3D@QuantizerImpl@@UAEPBVPxVec3@physx@@IPBV23@I_NIAAI@Z 10006e00 f i Quantizer.obj
 0001:00006000       ?normalizeInput@QuantizerImpl@@AAEXIPBVPxVec3@physx@@I@Z 10007000 f i Quantizer.obj
 0001:00006280       ?release@QuantizerImpl@@UAEXXZ 10007280 f i Quantizer.obj
 0001:00006290       ??$copy@V?$ReflectionAllocator@USlab@NodeAllocator@Gu@physx@@@shdfnd@physx@@@?$Array@USlab@NodeAllocator@Gu@physx@@V?$ReflectionAllocator@USlab@NodeAllocator@Gu@physx@@@shdfnd@4@@shdfnd@physx@@IAEXABV012@@Z 10007290 f i BVHStructureBuilder.obj
 0001:00006300       ??0AABBTreeBuildNode@Gu@physx@@QAE@ABV012@@Z 10007300 f i BVHStructureBuilder.obj
 0001:00006300       ??4AABBTreeBuildNode@Gu@physx@@QAEAAV012@ABV012@@Z 10007300 f i BVHStructureBuilder.obj
 0001:00006340       ??0AABBTreeBuildParams@Gu@physx@@QAE@IIPBVPxBounds3@2@@Z 10007340 f i BVHStructureBuilder.obj
 0001:00006360       ??0BVHStructureBuilder@physx@@QAE@XZ 10007360 f   BVHStructureBuilder.obj
 0001:00006390       ??0NodeAllocator@Gu@physx@@QAE@ABV012@@Z 10007390 f i BVHStructureBuilder.obj
 0001:000063c0       ?reset@AABBTreeBuildParams@Gu@physx@@QAEXXZ 100073c0 f i BVHStructureBuilder.obj
 0001:000063c0       ??1AABBTreeBuildParams@Gu@physx@@QAE@XZ 100073c0 f i BVHStructureBuilder.obj
 0001:00006400       ??1BVHStructureBuilder@physx@@QAE@XZ 10007400 f   BVHStructureBuilder.obj
 0001:00006460       ??4AABBTreeBuildParams@Gu@physx@@QAEAAV012@ABV012@@Z 10007460 f i BVHStructureBuilder.obj
 0001:00006470       ??4BuildStats@Gu@physx@@QAEAAU012@$$QAU012@@Z 10007470 f i BVHStructureBuilder.obj
 0001:00006490       ??4BuildStats@Gu@physx@@QAEAAU012@ABU012@@Z 10007490 f i BVHStructureBuilder.obj
 0001:000064b0       ??4NodeAllocator@Gu@physx@@QAEAAV012@ABV012@@Z 100074b0 f i BVHStructureBuilder.obj
 0001:00006540       ??_FAABBTreeBuildParams@Gu@physx@@QAEXXZ 10007540 f i BVHStructureBuilder.obj
 0001:00006560       ?__global_delete@@YAXPAXI@Z 10007560 f i BVHStructureBuilder.obj
 0001:00006570       ?allocate@?$Array@USlab@NodeAllocator@Gu@physx@@V?$ReflectionAllocator@USlab@NodeAllocator@Gu@physx@@@shdfnd@4@@shdfnd@physx@@IAEPAUSlab@NodeAllocator@Gu@3@I@Z 10007570 f i BVHStructureBuilder.obj
 0001:000065e0       ?getCount@BuildStats@Gu@physx@@QBEIXZ 100075e0 f i BVHStructureBuilder.obj
 0001:000065f0       ?getNbRuntimePrimitives@AABBTreeBuildNode@Gu@physx@@QBEIXZ 100075f0 f i BVHStructureBuilder.obj
 0001:000065f0       ?getNbPrimitives@AABBTreeBuildNode@Gu@physx@@QBEIXZ 100075f0 f i BVHStructureBuilder.obj
 0001:00006600       ?getNeg@AABBTreeBuildNode@Gu@physx@@QBEPBV123@XZ 10007600 f i BVHStructureBuilder.obj
 0001:00006610       ?getPrimitives@AABBTreeBuildNode@Gu@physx@@QAEPAIPAI@Z 10007610 f i BVHStructureBuilder.obj
 0001:00006610       ?getPrimitives@AABBTreeBuildNode@Gu@physx@@QBEPBIPBI@Z 10007610 f i BVHStructureBuilder.obj
 0001:00006620       ?increaseCount@BuildStats@Gu@physx@@QAEXI@Z 10007620 f i BVHStructureBuilder.obj
 0001:00006630       ?isLeaf@AABBTreeBuildNode@Gu@physx@@QBE_NXZ 10007630 f i BVHStructureBuilder.obj
 0001:00006640       ?loadFromDesc@BVHStructureBuilder@physx@@QAE_NABVPxBVHStructureDesc@2@@Z 10007640 f   BVHStructureBuilder.obj
 0001:00006960       ?moveData@BVHStructureBuilder@physx@@QAEXAAUBVHStructureData@Gu@2@@Z 10007960 f   BVHStructureBuilder.obj
 0001:000069b0       ?recreate@?$Array@USlab@NodeAllocator@Gu@physx@@V?$ReflectionAllocator@USlab@NodeAllocator@Gu@physx@@@shdfnd@4@@shdfnd@physx@@IAEXI@Z 100079b0 f i BVHStructureBuilder.obj
 0001:00006a10       ?reset@BuildStats@Gu@physx@@QAEXXZ 10007a10 f i BVHStructureBuilder.obj
 0001:00006a20       ?save@BVHStructureBuilder@physx@@QBE_NAAVPxOutputStream@2@_N@Z 10007a20 f   BVHStructureBuilder.obj
 0001:00006b30       ?setCount@BuildStats@Gu@physx@@QAEXI@Z 10007b30 f i BVHStructureBuilder.obj
 0001:00006b40       ?setNbRunTimePrimitives@AABBTreeBuildNode@Gu@physx@@QAEXI@Z 10007b40 f i BVHStructureBuilder.obj
 0001:00006b50       ?saveHeightField@physx@@YA_NABVHeightField@Gu@1@AAVPxOutputStream@1@_N@Z 10007b50 f   HeightFieldCooking.obj
 0001:00006d30       ??$sort@IU?$Less@I@shdfnd@physx@@V?$ReflectionAllocator@I@23@@shdfnd@physx@@YAXPAIIABU?$Less@I@01@ABV?$ReflectionAllocator@I@01@I@Z 10007d30 f i RTreeCooking.obj
 0001:000070b0       ??$sort@IUSortBoundsPredicate@physx@@V?$ReflectionAllocator@I@shdfnd@2@@shdfnd@physx@@YAXPAIIABUSortBoundsPredicate@1@ABV?$ReflectionAllocator@I@01@I@Z 100080b0 f i RTreeCooking.obj
 0001:00007590       ?allocate@?$Array@UInterval@physx@@V?$InlineAllocator@$0CAAA@V?$ReflectionAllocator@UInterval@physx@@@shdfnd@physx@@@shdfnd@2@@shdfnd@physx@@IAEPAUInterval@3@I@Z 10008590 f i RTreeCooking.obj
 0001:00007620       ?allocate@?$Array@UPxBounds3V@physx@@V?$ReflectionAllocator@UPxBounds3V@physx@@@shdfnd@2@@shdfnd@physx@@IAEPAUPxBounds3V@3@I@Z 10008620 f i RTreeCooking.obj
 0001:00007690       ?allocate@?$Array@URTreeNodeNQ@physx@@V?$ReflectionAllocator@URTreeNodeNQ@physx@@@shdfnd@2@@shdfnd@physx@@IAEPAURTreeNodeNQ@3@I@Z 10008690 f i RTreeCooking.obj
 0001:00007700       ?allocate@?$Array@URTreeNodeQ@Gu@physx@@V?$ReflectionAllocator@URTreeNodeQ@Gu@physx@@@shdfnd@3@@shdfnd@physx@@IAEPAURTreeNodeQ@Gu@3@I@Z 10008700 f i RTreeCooking.obj
 0001:00007770       ?allocate@?$Array@VPxVec3@physx@@V?$ReflectionAllocator@VPxVec3@physx@@@shdfnd@2@@shdfnd@physx@@IAEPAVPxVec3@3@I@Z 10008770 f i RTreeCooking.obj
 0001:000077e0       ?allocate@?$ReflectionAllocator@I@shdfnd@physx@@QAEPAXIPBDH@Z 100087e0 f i RTreeCooking.obj
 0001:00008480       ?buildFromTriangles@RTreeCooker@physx@@SAXAAURTree@Gu@2@PBVPxVec3@2@IPBGPBIIAAV?$Array@IV?$ReflectionAllocator@I@shdfnd@physx@@@shdfnd@2@PAURemapCallback@12@MW4Enum@PxMeshCookingHint@2@@Z 10009480 f   RTreeCooking.obj
 0001:000086b0       ?copy@?$Array@URTreeNodeNQ@physx@@V?$ReflectionAllocator@URTreeNodeNQ@physx@@@shdfnd@2@@shdfnd@physx@@KAXPAURTreeNodeNQ@3@0PBU43@@Z 100096b0 f i RTreeCooking.obj
 0001:00008720       ?copy@?$Array@VPxVec3@physx@@V?$ReflectionAllocator@VPxVec3@physx@@@shdfnd@2@@shdfnd@physx@@KAXPAVPxVec3@3@0PBV43@@Z 10009720 f i RTreeCooking.obj
 0001:000087e0       ?growAndPushBack@?$Array@IV?$ReflectionAllocator@I@shdfnd@physx@@@shdfnd@physx@@IAEAAIABI@Z 100097e0 f i RTreeCooking.obj
 0001:00008880       ?growAndPushBack@?$Array@UInterval@physx@@V?$InlineAllocator@$0CAAA@V?$ReflectionAllocator@UInterval@physx@@@shdfnd@physx@@@shdfnd@2@@shdfnd@physx@@IAEAAUInterval@3@ABU43@@Z 10009880 f i RTreeCooking.obj
 0001:00008950       ?growAndPushBack@?$Array@UPxBounds3V@physx@@V?$ReflectionAllocator@UPxBounds3V@physx@@@shdfnd@2@@shdfnd@physx@@IAEAAUPxBounds3V@3@ABU43@@Z 10009950 f i RTreeCooking.obj
 0001:000089f0       ?growAndPushBack@?$Array@URTreeNodeNQ@physx@@V?$ReflectionAllocator@URTreeNodeNQ@physx@@@shdfnd@2@@shdfnd@physx@@IAEAAURTreeNodeNQ@3@ABU43@@Z 100099f0 f i RTreeCooking.obj
 0001:00008aa0       ?growAndPushBack@?$Array@URTreeNodeQ@Gu@physx@@V?$ReflectionAllocator@URTreeNodeQ@Gu@physx@@@shdfnd@3@@shdfnd@physx@@IAEAAURTreeNodeQ@Gu@3@ABU453@@Z 10009aa0 f i RTreeCooking.obj
 0001:00008b70       ?recreate@?$Array@IV?$ReflectionAllocator@I@shdfnd@physx@@@shdfnd@physx@@IAEXI@Z 10009b70 f i RTreeCooking.obj
 0001:00008bf0       ?recreate@?$Array@UPxBounds3V@physx@@V?$ReflectionAllocator@UPxBounds3V@physx@@@shdfnd@2@@shdfnd@physx@@IAEXI@Z 10009bf0 f i RTreeCooking.obj
 0001:00008c50       ?recreate@?$Array@URTreeNodeNQ@physx@@V?$ReflectionAllocator@URTreeNodeNQ@physx@@@shdfnd@2@@shdfnd@physx@@IAEXI@Z 10009c50 f i RTreeCooking.obj
 0001:00008cb0       ?recreate@?$Array@URTreeNodeQ@Gu@physx@@V?$ReflectionAllocator@URTreeNodeQ@Gu@physx@@@shdfnd@3@@shdfnd@physx@@IAEXI@Z 10009cb0 f i RTreeCooking.obj
 0001:00008d30       ?recreate@?$Array@VPxVec3@physx@@V?$ReflectionAllocator@VPxVec3@physx@@@shdfnd@2@@shdfnd@physx@@IAEXI@Z 10009d30 f i RTreeCooking.obj
 0001:00008d90       ?resize@?$Array@IV?$ReflectionAllocator@I@shdfnd@physx@@@shdfnd@physx@@QAEXIABI@Z 10009d90 f i RTreeCooking.obj
 0001:00008e30       ?resizeUninitialized@?$Array@URTreeNodeNQ@physx@@V?$ReflectionAllocator@URTreeNodeNQ@physx@@@shdfnd@2@@shdfnd@physx@@QAEXI@Z 10009e30 f i RTreeCooking.obj
 0001:00008e60       ?sort4@SubSortQuick@physx@@QAEXPIAIIAAV?$Array@URTreeNodeNQ@physx@@V?$ReflectionAllocator@URTreeNodeNQ@physx@@@shdfnd@2@@shdfnd@2@AAIAAUPxBounds3V@2@I@Z 10009e60 f i RTreeCooking.obj
 0001:00009270       ?sort4@SubSortSAH@physx@@QAEXPAIIAAV?$Array@URTreeNodeNQ@physx@@V?$ReflectionAllocator@URTreeNodeNQ@physx@@@shdfnd@2@@shdfnd@2@AAIIPAURTreeNodeNQ@2@@Z 1000a270 f i RTreeCooking.obj
 0001:000099d0       ?split@SubSortSAH@physx@@QAEIPAII@Z 1000a9d0 f i RTreeCooking.obj
 0001:00009df0       ?computeLocalBounds@MeshBulider@physx@@IAEXAAVMeshDataBase@Gu@2@@Z 1000adf0 f   MeshBuilder.obj
 0001:00009e70       ??$?_UG@@YAPAXIV?$ReflectionAllocator@G@shdfnd@physx@@PBDH@Z 1000ae70 f i TriangleMeshBuilder.obj
 0001:00009ed0       ??$sort@UEdgeTriLookup@physx@@U?$Less@UEdgeTriLookup@physx@@@shdfnd@2@V?$ReflectionAllocator@UEdgeTriLookup@physx@@@42@@shdfnd@physx@@YAXPAUEdgeTriLookup@1@IABU?$Less@UEdgeTriLookup@physx@@@01@ABV?$ReflectionAllocator@UEdgeTriLookup@physx@@@01@I@Z 1000aed0 f i TriangleMeshBuilder.obj
 0001:0000a350       ??0BV4TriangleMeshBuilder@physx@@QAE@ABUPxCookingParams@1@@Z 1000b350 f   TriangleMeshBuilder.obj
 0001:0000a3a0       ??0RTreeTriangleMeshBuilder@physx@@QAE@ABUPxCookingParams@1@@Z 1000b3a0 f   TriangleMeshBuilder.obj
 0001:0000a410       ??0TriangleMeshData@Gu@physx@@QAE@XZ 1000b410 f i TriangleMeshBuilder.obj
 0001:0000a4b0       ??1BV4TriangleMeshBuilder@physx@@UAE@XZ 1000b4b0 f   TriangleMeshBuilder.obj
 0001:0000a510       ??1MeshDataBase@Gu@physx@@UAE@XZ 1000b510 f i TriangleMeshBuilder.obj
 0001:0000a5c0       ??1RTreeTriangleMeshBuilder@physx@@UAE@XZ 1000b5c0 f   TriangleMeshBuilder.obj
 0001:0000a640       ??1TriangleMeshData@Gu@physx@@UAE@XZ 1000b640 f i TriangleMeshBuilder.obj
 0001:0000a6c0       ??_GBV4TriangleData@Gu@physx@@UAEPAXI@Z 1000b6c0 f i TriangleMeshBuilder.obj
 0001:0000a6c0       ??_EBV4TriangleData@Gu@physx@@UAEPAXI@Z 1000b6c0 f i TriangleMeshBuilder.obj
 0001:0000a720       ??_GBV4TriangleMeshBuilder@physx@@UAEPAXI@Z 1000b720 f i TriangleMeshBuilder.obj
 0001:0000a720       ??_EBV4TriangleMeshBuilder@physx@@UAEPAXI@Z 1000b720 f i TriangleMeshBuilder.obj
 0001:0000a790       ??_GMeshDataBase@Gu@physx@@UAEPAXI@Z 1000b790 f i TriangleMeshBuilder.obj
 0001:0000a790       ??_EMeshDataBase@Gu@physx@@UAEPAXI@Z 1000b790 f i TriangleMeshBuilder.obj
 0001:0000a7d0       ??_ERTreeCookerRemap@physx@@UAEPAXI@Z 1000b7d0 f i TriangleMeshBuilder.obj
 0001:0000a7d0       ??_GRTreeCookerRemap@physx@@UAEPAXI@Z 1000b7d0 f i TriangleMeshBuilder.obj
 0001:0000a800       ??_ERTreeTriangleData@Gu@physx@@UAEPAXI@Z 1000b800 f i TriangleMeshBuilder.obj
 0001:0000a800       ??_GRTreeTriangleData@Gu@physx@@UAEPAXI@Z 1000b800 f i TriangleMeshBuilder.obj
 0001:0000a880       ??_GRTreeTriangleMeshBuilder@physx@@UAEPAXI@Z 1000b880 f i TriangleMeshBuilder.obj
 0001:0000a880       ??_ERTreeTriangleMeshBuilder@physx@@UAEPAXI@Z 1000b880 f i TriangleMeshBuilder.obj
 0001:0000a910       ??_ERemapCallback@RTreeCooker@physx@@UAEPAXI@Z 1000b910 f i TriangleMeshBuilder.obj
 0001:0000a910       ??_GRemapCallback@RTreeCooker@physx@@UAEPAXI@Z 1000b910 f i TriangleMeshBuilder.obj
 0001:0000a940       ??_GTriangleMeshBuilder@physx@@UAEPAXI@Z 1000b940 f i TriangleMeshBuilder.obj
 0001:0000a940       ??_ETriangleMeshBuilder@physx@@UAEPAXI@Z 1000b940 f i TriangleMeshBuilder.obj
 0001:0000a990       ??_ETriangleMeshData@Gu@physx@@UAEPAXI@Z 1000b990 f i TriangleMeshBuilder.obj
 0001:0000a990       ??_GTriangleMeshData@Gu@physx@@UAEPAXI@Z 1000b990 f i TriangleMeshBuilder.obj
 0001:0000a9d0       ?allocateTriangles@TriangleMeshData@Gu@physx@@QAEPAXI_NI@Z 1000b9d0 f i TriangleMeshBuilder.obj
 0001:0000ae10       ?checkMeshIndicesSize@TriangleMeshBuilder@physx@@QAEXXZ 1000be10 f   TriangleMeshBuilder.obj
 0001:0000aec0       ?cleanMesh@TriangleMeshBuilder@physx@@QAE_N_NPAW4Enum@PxTriangleMeshCookingResult@2@@Z 1000bec0 f   TriangleMeshBuilder.obj
 0001:0000b2b0       ?createGRBMidPhaseAndData@TriangleMeshBuilder@physx@@QAEXI@Z 1000c2b0 f   TriangleMeshBuilder.obj
 0001:0000b590       ?createMidPhaseStructure@BV4TriangleMeshBuilder@physx@@UAEXXZ 1000c590 f   TriangleMeshBuilder.obj
 0001:0000b790       ?createMidPhaseStructure@RTreeTriangleMeshBuilder@physx@@UAEXXZ 1000c790 f   TriangleMeshBuilder.obj
 0001:0000b850       ?createSharedEdgeData@TriangleMeshBuilder@physx@@QAEX_N0@Z 1000c850 f   TriangleMeshBuilder.obj
 0001:0000bdb0       ?getMidphaseID@BV4TriangleMeshBuilder@physx@@UBE?AW4Enum@PxMeshMidPhase@2@XZ 1000cdb0 f i TriangleMeshBuilder.obj
 0001:0000bdc0       ?getMidphaseID@RTreeTriangleMeshBuilder@physx@@UBE?AW4Enum@PxMeshMidPhase@2@XZ 1000cdc0 f i TriangleMeshBuilder.obj
 0001:0000bdd0       ?importMesh@TriangleMeshBuilder@physx@@IAE_NABVPxTriangleMeshDesc@2@ABUPxCookingParams@2@PAW4Enum@PxTriangleMeshCookingResult@2@_N@Z 1000cdd0 f   TriangleMeshBuilder.obj
 0001:0000c050       ?loadFromDesc@TriangleMeshBuilder@physx@@QAE_NABVPxTriangleMeshDesc@2@PAW4Enum@PxTriangleMeshCookingResult@2@_N@Z 1000d050 f   TriangleMeshBuilder.obj
 0001:0000c360       ?onMeshIndexFormatChange@BV4TriangleMeshBuilder@physx@@UAEXXZ 1000d360 f   TriangleMeshBuilder.obj
 0001:0000c390       ?remap@RTreeCookerRemap@physx@@UAEXPAIII@Z 1000d390 f i TriangleMeshBuilder.obj
 0001:0000c3b0       ?remapTopology@TriangleMeshBuilder@physx@@QAEXPBI@Z 1000d3b0 f   TriangleMeshBuilder.obj
 0001:0000c600       ?save@TriangleMeshBuilder@physx@@QBE_NAAVPxOutputStream@2@_NABUPxCookingParams@2@@Z 1000d600 f   TriangleMeshBuilder.obj
 0001:0000cb10       ?saveMidPhaseStructure@BV4TriangleMeshBuilder@physx@@UBEXAAVPxOutputStream@2@_N@Z 1000db10 f   TriangleMeshBuilder.obj
 0001:0000ccb0       ?saveMidPhaseStructure@RTreeTriangleMeshBuilder@physx@@UBEXAAVPxOutputStream@2@_N@Z 1000dcb0 f   TriangleMeshBuilder.obj
 0001:0000ce40       ??0BigConvexDataBuilder@physx@@QAE@PBUConvexHullData@Gu@1@PAVBigConvexData@1@PBVPxVec3@1@@Z 1000de40 f   BigConvexDataBuilder.obj
 0001:0000ce60       ??4BigConvexData@physx@@QAEAAV01@ABV01@@Z 1000de60 f i BigConvexDataBuilder.obj
 0001:0000ce80       ?GetAdjacentVerts@BigConvexData@physx@@QBEPBEXZ 1000de80 f i BigConvexDataBuilder.obj
 0001:0000ce90       ?GetNbNeighbors@BigConvexData@physx@@QBEGI@Z 1000de90 f i BigConvexDataBuilder.obj
 0001:0000ce90       ?GetValency@BigConvexData@physx@@QBEGI@Z 1000de90 f i BigConvexDataBuilder.obj
 0001:0000cea0       ?GetNbSamples@BigConvexData@physx@@QBEIXZ 1000dea0 f i BigConvexDataBuilder.obj
 0001:0000ceb0       ?GetNeighbors@BigConvexData@physx@@QBEPBEI@Z 1000deb0 f i BigConvexDataBuilder.obj
 0001:0000ced0       ?GetOffset@BigConvexData@physx@@QBEGI@Z 1000ded0 f i BigConvexDataBuilder.obj
 0001:0000cee0       ?GetSubdiv@BigConvexData@physx@@QBEIXZ 1000dee0 f i BigConvexDataBuilder.obj
 0001:0000cef0       ?GetValencies@BigConvexData@physx@@QBEPBUValency@Gu@2@XZ 1000def0 f i BigConvexDataBuilder.obj
 0001:0000cf00       ?computeValencies@BigConvexDataBuilder@physx@@QAE_NABVConvexHullBuilder@2@@Z 1000df00 f   BigConvexDataBuilder.obj
 0001:0000d270       ?precompute@BigConvexDataBuilder@physx@@QAE_NI@Z 1000e270 f   BigConvexDataBuilder.obj
 0001:0000dbd0       ?save@BigConvexDataBuilder@physx@@QBE_NAAVPxOutputStream@2@_N@Z 1000ebd0 f   BigConvexDataBuilder.obj
 0001:0000dd80       ??0ConvexHullBuilder@physx@@QAE@PAUConvexHullData@Gu@1@_N@Z 1000ed80 f   ConvexHullBuilder.obj
 0001:0000ddd0       ??1ConvexHullBuilder@physx@@QAE@XZ 1000edd0 f   ConvexHullBuilder.obj
 0001:0000dea0       ?calculateVertexMapTable@ConvexHullBuilder@physx@@QAE_NI_N@Z 1000eea0 f   ConvexHullBuilder.obj
 0001:0000e060       ?checkHullPolygons@ConvexHullBuilder@physx@@QBE_NXZ 1000f060 f   ConvexHullBuilder.obj
 0001:0000e460       ?computeGeomCenter@ConvexHullBuilder@physx@@IBE_NAAVPxVec3@2@IPAUHullTriangleData@2@@Z 1000f460 f   ConvexHullBuilder.obj
 0001:0000e6a0       ?copy@ConvexHullBuilder@physx@@QAE_NAAUConvexHullData@Gu@2@AAI@Z 1000f6a0 f   ConvexHullBuilder.obj
 0001:0000e8d0       ?createEdgeList@ConvexHullBuilder@physx@@QAE_N_NI@Z 1000f8d0 f   ConvexHullBuilder.obj
 0001:0000f040       ?init@ConvexHullBuilder@physx@@QAE_NIPBVPxVec3@2@PBIIIPBUPxHullPolygon@2@_NPAVConvexHullLib@2@@Z 10010040 f   ConvexHullBuilder.obj
 0001:0000f870       ?save@ConvexHullBuilder@physx@@QBE_NAAVPxOutputStream@2@_N@Z 10010870 f   ConvexHullBuilder.obj
 0001:0000fb20       ??1ConvexHullLib@physx@@UAE@XZ 10010b20 f   ConvexHullLib.obj
 0001:0000fb60       ??_GConvexHullLib@physx@@UAEPAXI@Z 10010b60 f i ConvexHullLib.obj
 0001:0000fb60       ??_EConvexHullLib@physx@@UAEPAXI@Z 10010b60 f i ConvexHullLib.obj
 0001:0000fec0       ?cleanupVertices@ConvexHullLib@physx@@IAE_NIPBVPxVec3@2@IAAIPAV32@AAV32@3@Z 10010ec0 f   ConvexHullLib.obj
 0001:00010250       ?shiftAndcleanupVertices@ConvexHullLib@physx@@IAE_NIPBVPxVec3@2@IAAIPAV32@AAV32@3@Z 10011250 f   ConvexHullLib.obj
 0001:000103e0       ?shiftConvexMeshDesc@ConvexHullLib@physx@@IAEXAAVPxConvexMeshDesc@2@@Z 100113e0 f   ConvexHullLib.obj
 0001:00010480       ?swapLargestFace@ConvexHullLib@physx@@IAEXAAVPxConvexMeshDesc@2@@Z 10011480 f   ConvexHullLib.obj
 0001:00010650       ??0Box@Gu@physx@@QAE@ABV012@@Z 10011650 f i ConvexHullUtils.obj
 0001:00010650       ??4Box@Gu@physx@@QAEABV012@ABV012@@Z 10011650 f i ConvexHullUtils.obj
 0001:000106c0       ??0Box@Gu@physx@@QAE@ABVPxVec3@2@0ABVPxMat33@2@@Z 100116c0 f i ConvexHullUtils.obj
 0001:00010730       ??0ConvexHull@physx@@QAE@ABVPxVec3@1@ABVPxTransform@1@ABV?$Array@VPxPlane@physx@@V?$ReflectionAllocator@VPxPlane@physx@@@shdfnd@2@@shdfnd@1@@Z 10011730 f   ConvexHullUtils.obj
 0001:00011aa0       ??0PxQuat@physx@@QAE@ABVPxMat33@1@@Z 10012aa0 f i ConvexHullUtils.obj
 0001:00011c60       ?allocate@?$Array@VHalfEdge@ConvexHull@physx@@V?$ReflectionAllocator@VHalfEdge@ConvexHull@physx@@@shdfnd@3@@shdfnd@physx@@IAEPAVHalfEdge@ConvexHull@3@I@Z 10012c60 f i ConvexHullUtils.obj
 0001:00011cd0       ?allocate@?$Array@VPxPlane@physx@@V?$ReflectionAllocator@VPxPlane@physx@@@shdfnd@2@@shdfnd@physx@@IAEPAVPxPlane@3@I@Z 10012cd0 f i ConvexHullUtils.obj
 0001:00011d40       ?assertIntact@ConvexHull@physx@@QBE_NM@Z 10012d40 f   ConvexHullUtils.obj
 0001:00012010       ?computeAABBExtent@Box@Gu@physx@@QBE?AVPxVec3@3@XZ 10013010 f i ConvexHullUtils.obj
 0001:000120c0       ?computeBoxPoints@Box@Gu@physx@@QBEXPIAVPxVec3@3@@Z 100130c0 f i ConvexHullUtils.obj
 0001:000120e0       ?computeOBBFromConvex@physx@@YA_NABVPxConvexMeshDesc@1@AAVPxVec3@1@AAVPxTransform@1@@Z 100130e0 f   ConvexHullUtils.obj
 0001:000129d0       ?convexHullCrop@physx@@YAPAVConvexHull@1@ABV21@ABVPxPlane@1@M@Z 100139d0 f   ConvexHullUtils.obj
 0001:00013b10       ?copy@?$Array@VPxPlane@physx@@V?$ReflectionAllocator@VPxPlane@physx@@@shdfnd@2@@shdfnd@physx@@KAXPAVPxPlane@3@0PBV43@@Z 10014b10 f i ConvexHullUtils.obj
 0001:00013b60       ?findCandidatePlane@ConvexHull@physx@@QBEHMM@Z 10014b60 f   ConvexHullUtils.obj
 0001:00013de0       ?getInverse@PxMat33@physx@@QBE?BV12@XZ 10014de0 f i ConvexHullUtils.obj
 0001:00014030       ?getTransform@Box@Gu@physx@@QBE?AVPxTransform@3@XZ 10015030 f i ConvexHullUtils.obj
 0001:00014080       ?growAndPushBack@?$Array@VHalfEdge@ConvexHull@physx@@V?$ReflectionAllocator@VHalfEdge@ConvexHull@physx@@@shdfnd@3@@shdfnd@physx@@IAEAAVHalfEdge@ConvexHull@3@ABV453@@Z 10015080 f i ConvexHullUtils.obj
 0001:00014100       ?growAndPushBack@?$Array@VPxPlane@physx@@V?$ReflectionAllocator@VPxPlane@physx@@@shdfnd@2@@shdfnd@physx@@IAEAAVPxPlane@3@ABV43@@Z 10015100 f i ConvexHullUtils.obj
 0001:00014190       ?isValid@Box@Gu@physx@@QBE_NXZ 10015190 f i ConvexHullUtils.obj
 0001:000141b0       ?maxNumVertsPerFace@ConvexHull@physx@@QBEIXZ 100151b0 f   ConvexHullUtils.obj
 0001:00014230       ?recreate@?$Array@VHalfEdge@ConvexHull@physx@@V?$ReflectionAllocator@VHalfEdge@ConvexHull@physx@@@shdfnd@3@@shdfnd@physx@@IAEXI@Z 10015230 f i ConvexHullUtils.obj
 0001:00014290       ?recreate@?$Array@VPxPlane@physx@@V?$ReflectionAllocator@VPxPlane@physx@@@shdfnd@2@@shdfnd@physx@@IAEXI@Z 10015290 f i ConvexHullUtils.obj
 0001:000142f0       ?resize@?$Array@VHalfEdge@ConvexHull@physx@@V?$ReflectionAllocator@VHalfEdge@ConvexHull@physx@@@shdfnd@3@@shdfnd@physx@@QAEXIABVHalfEdge@ConvexHull@3@@Z 100152f0 f i ConvexHullUtils.obj
 0001:00014390       ?resize@?$Array@VPxPlane@physx@@V?$ReflectionAllocator@VPxPlane@physx@@@shdfnd@2@@shdfnd@physx@@QAEXIABVPxPlane@3@@Z 10015390 f i ConvexHullUtils.obj
 0001:00014490       ?resize@?$Array@VPxVec3@physx@@V?$ReflectionAllocator@VPxVec3@physx@@@shdfnd@2@@shdfnd@physx@@QAEXIABVPxVec3@3@@Z 10015490 f i ConvexHullUtils.obj
 0001:00014560       ?rotate@Box@Gu@physx@@QBE?AVPxVec3@3@ABV43@@Z 10015560 f i ConvexHullUtils.obj
 0001:000145e0       ?rotateInv@Box@Gu@physx@@QBE?AVPxVec3@3@ABV43@@Z 100155e0 f i ConvexHullUtils.obj
 0001:00014660       ?setAxes@Box@Gu@physx@@QAEXABVPxVec3@3@00@Z 10015660 f i ConvexHullUtils.obj
 0001:000146b0       ?setEmpty@Box@Gu@physx@@QAEXXZ 100156b0 f i ConvexHullUtils.obj
 0001:00014720       ?transform@Box@Gu@physx@@QBE?AVPxVec3@3@ABV43@@Z 10015720 f i ConvexHullUtils.obj
 0001:000147b0       ??0ConvexMeshBuilder@physx@@QAE@_N@Z 100157b0 f   ConvexMeshBuilder.obj
 0001:00014810       ??1ConvexMeshBuilder@physx@@QAE@XZ 10015810 f   ConvexMeshBuilder.obj
 0001:00014c70       ?build@ConvexMeshBuilder@physx@@QAE_NABVPxConvexMeshDesc@2@I_NPAVConvexHullLib@2@@Z 10015c70 f   ConvexMeshBuilder.obj
 0001:00014f10       ?computeHullPolygons@ConvexMeshBuilder@physx@@QAE_NABIPBVPxVec3@2@0PBIAAVPxAllocatorCallback@2@AAIAAPAV32@4AAPAI4AAPAUPxHullPolygon@2@@Z 10015f10 f   ConvexMeshBuilder.obj
 0001:00015090       ?computeMassInfo@ConvexMeshBuilder@physx@@QAEX_N@Z 10016090 f   ConvexMeshBuilder.obj
 0001:00015500       ?copy@ConvexMeshBuilder@physx@@QAE_NAAUConvexHullInitData@Gu@2@@Z 10016500 f   ConvexMeshBuilder.obj
 0001:000155f0       ?isFinite@PxVec3@physx@@QBE_NXZ 100165f0 f i ConvexMeshBuilder.obj
 0001:00015660       ?loadConvexHull@ConvexMeshBuilder@physx@@QAE_NABVPxConvexMeshDesc@2@PAVConvexHullLib@2@@Z 10016660 f   ConvexMeshBuilder.obj
 0001:00015840       ?save@ConvexMeshBuilder@physx@@QBE_NAAVPxOutputStream@2@_N@Z 10016840 f   ConvexMeshBuilder.obj
 0001:00015a30       ??$?_UE@@YAPAXIV?$ReflectionAllocator@E@shdfnd@physx@@PBDH@Z 10016a30 f i ConvexPolygonsBuilder.obj
 0001:00015a90       ??$copy@V?$ReflectionAllocator@VPair@@@shdfnd@physx@@@?$Array@VPair@@V?$ReflectionAllocator@VPair@@@shdfnd@physx@@@shdfnd@physx@@IAEXABV012@@Z 10016a90 f i ConvexPolygonsBuilder.obj
 0001:00015b00       ??0ConvexPolygonsBuilder@physx@@QAE@PAUConvexHullData@Gu@1@_N@Z 10016b00 f   ConvexPolygonsBuilder.obj
 0001:00015b30       ??1ConvexPolygonsBuilder@physx@@QAE@XZ 10016b30 f   ConvexPolygonsBuilder.obj
 0001:00015b60       ??4?$Array@IV?$ReflectionAllocator@I@shdfnd@physx@@@shdfnd@physx@@QAEAAV012@ABV012@@Z 10016b60 f i ConvexPolygonsBuilder.obj
 0001:000162f0       ?allocate@?$Array@VPair@@V?$ReflectionAllocator@VPair@@@shdfnd@physx@@@shdfnd@physx@@IAEPAVPair@@I@Z 100172f0 f i ConvexPolygonsBuilder.obj
 0001:000168a0       ?computeHullPolygons@ConvexPolygonsBuilder@physx@@QAE_NABIPBVPxVec3@2@0PBI@Z 100178a0 f   ConvexPolygonsBuilder.obj
 0001:00017740       ?createPolygonData@ConvexPolygonsBuilder@physx@@AAE_NXZ 10018740 f   ConvexPolygonsBuilder.obj
 0001:00018240       ?createTrianglesFromPolygons@ConvexPolygonsBuilder@physx@@AAE_NXZ 10019240 f   ConvexPolygonsBuilder.obj
 0001:00019220       ?growAndPushBack@?$Array@VPair@@V?$ReflectionAllocator@VPair@@@shdfnd@physx@@@shdfnd@physx@@IAEAAVPair@@ABV4@@Z 1001a220 f i ConvexPolygonsBuilder.obj
 0001:000192d0       ??0QuickHull@local@@QAE@ABUPxCookingParams@physx@@ABVPxConvexMeshDesc@3@@Z 1001a2d0 f   QuickHullConvexHullLib.obj
 0001:00019420       ??0QuickHullConvexHullLib@physx@@QAE@ABVPxConvexMeshDesc@1@ABUPxCookingParams@1@@Z 1001a420 f   QuickHullConvexHullLib.obj
 0001:000194e0       ??1?$MemBlock@UQuickHullHalfEdge@local@@$0A@@local@@QAE@XZ 1001a4e0 f i QuickHullConvexHullLib.obj
 0001:000194e0       ??1?$MemBlock@UQuickHullFace@local@@$00@local@@QAE@XZ 1001a4e0 f i QuickHullConvexHullLib.obj
 0001:00019540       ??1QuickHull@local@@QAE@XZ 1001a540 f   QuickHullConvexHullLib.obj
 0001:00019640       ??_GConvexHull@physx@@QAEPAXI@Z 1001a640 f i QuickHullConvexHullLib.obj
 0001:000196e0       ??_EQuickHullConvexHullLib@physx@@UAEPAXI@Z 1001a6e0 f i QuickHullConvexHullLib.obj
 0001:000196e0       ??_GQuickHullConvexHullLib@physx@@UAEPAXI@Z 1001a6e0 f i QuickHullConvexHullLib.obj
 0001:00019790       ?addExpandPoint@local@@YAXABUExpandPoint@1@AAV?$Array@UExpandPoint@local@@V?$ReflectionAllocator@UExpandPoint@local@@@shdfnd@physx@@@shdfnd@physx@@@Z 1001a790 f   QuickHullConvexHullLib.obj
 0001:00019870       ?addPointToHull@QuickHull@local@@IAE_NPBUQuickHullVertex@2@AAUQuickHullFace@2@AA_N@Z 1001a870 f   QuickHullConvexHullLib.obj
 0001:00019b90       ?addSimplex@QuickHull@local@@IAEXPAUQuickHullVertex@2@_N@Z 1001ab90 f   QuickHullConvexHullLib.obj
 0001:00019f30       ?allocate@?$Array@PAUQuickHullFace@local@@V?$ReflectionAllocator@PAUQuickHullFace@local@@@shdfnd@physx@@@shdfnd@physx@@IAEPAPAUQuickHullFace@local@@I@Z 1001af30 f i QuickHullConvexHullLib.obj
 0001:00019fa0       ?allocate@?$Array@PAUQuickHullHalfEdge@local@@V?$ReflectionAllocator@PAUQuickHullHalfEdge@local@@@shdfnd@physx@@@shdfnd@physx@@IAEPAPAUQuickHullHalfEdge@local@@I@Z 1001afa0 f i QuickHullConvexHullLib.obj
 0001:0001a010       ?allocate@?$Array@PAUQuickHullVertex@local@@V?$ReflectionAllocator@PAUQuickHullVertex@local@@@shdfnd@physx@@@shdfnd@physx@@IAEPAPAUQuickHullVertex@local@@I@Z 1001b010 f i QuickHullConvexHullLib.obj
 0001:0001a080       ?allocate@?$Array@UExpandPoint@local@@V?$ReflectionAllocator@UExpandPoint@local@@@shdfnd@physx@@@shdfnd@physx@@IAEPAUExpandPoint@local@@I@Z 1001b080 f i QuickHullConvexHullLib.obj
 0001:0001a0f0       ?buildHull@QuickHull@local@@QAE?AW4Enum@QuickHullResult@2@XZ 1001b0f0 f   QuickHullConvexHullLib.obj
 0001:0001a370       ?calculateHorizon@QuickHull@local@@IAEXABVPxVec3@physx@@PAUQuickHullHalfEdge@2@AAUQuickHullFace@2@AAV?$Array@PAUQuickHullHalfEdge@local@@V?$ReflectionAllocator@PAUQuickHullHalfEdge@local@@@shdfnd@physx@@@shdfnd@4@AAV?$Array@PAUQuickHullFace@local@@V?$ReflectionAllocator@PAUQuickHullFace@local@@@shdfnd@physx@@@84@@Z 1001b370 f   QuickHullConvexHullLib.obj
 0001:0001a480       ?canMergeFaces@QuickHull@local@@IAE_NABUQuickHullHalfEdge@2@@Z 1001b480 f   QuickHullConvexHullLib.obj
 0001:0001ab90       ?cleanupForSimplex@QuickHullConvexHullLib@physx@@IAE_NPAVPxVec3@2@IPAUQuickHullVertex@local@@1AAM2@Z 1001bb90 f   QuickHullConvexHullLib.obj
 0001:0001b290       ?computeMinMaxVerts@QuickHull@local@@IAEXXZ 1001c290 f   QuickHullConvexHullLib.obj
 0001:0001b5e0       ?connectHalfEdges@QuickHullFace@local@@AAEPAU12@PAUQuickHullHalfEdge@2@0@Z 1001c5e0 f   QuickHullConvexHullLib.obj
 0001:0001b8f0       ?copy@?$Array@UExpandPoint@local@@V?$ReflectionAllocator@UExpandPoint@local@@@shdfnd@physx@@@shdfnd@physx@@KAXPAUExpandPoint@local@@0PBU45@@Z 1001c8f0 f i QuickHullConvexHullLib.obj
 0001:0001b980       ?createConvexHull@QuickHullConvexHullLib@physx@@UAE?AW4Enum@PxConvexMeshCookingResult@2@XZ 1001c980 f   QuickHullConvexHullLib.obj
 0001:0001be70       ?createEdgeList@QuickHullConvexHullLib@physx@@UAE_NIPBEPAPAEPAPAG2@Z 1001ce70 f   QuickHullConvexHullLib.obj
 0001:0001c0b0       ?createTriangle@QuickHull@local@@IAEPAUQuickHullFace@2@ABUQuickHullVertex@2@00@Z 1001d0b0 f   QuickHullConvexHullLib.obj
 0001:0001c410       ?deleteFacePoints@QuickHull@local@@IAEXAAUQuickHullFace@2@PAU32@@Z 1001d410 f   QuickHullConvexHullLib.obj
 0001:0001c500       ?doAdjacentMerge@QuickHull@local@@IAE_NAAUQuickHullFace@2@_NAA_N@Z 1001d500 f   QuickHullConvexHullLib.obj
 0001:0001c740       ?expandHull@QuickHullConvexHullLib@physx@@IAE?AW4Enum@PxConvexMeshCookingResult@2@XZ 1001d740 f   QuickHullConvexHullLib.obj
 0001:0001cd90       ?expandHullOBB@QuickHullConvexHullLib@physx@@IAE?AW4Enum@PxConvexMeshCookingResult@2@XZ 1001dd90 f   QuickHullConvexHullLib.obj
 0001:0001d190       ?fillConvexMeshDesc@QuickHullConvexHullLib@physx@@UAEXAAVPxConvexMeshDesc@2@@Z 1001e190 f   QuickHullConvexHullLib.obj
 0001:0001d1d0       ?fillConvexMeshDescFromCroppedHull@QuickHullConvexHullLib@physx@@IAEXAAVPxConvexMeshDesc@2@@Z 1001e1d0 f   QuickHullConvexHullLib.obj
 0001:0001d390       ?fillConvexMeshDescFromQuickHull@QuickHullConvexHullLib@physx@@IAEXAAVPxConvexMeshDesc@2@@Z 1001e390 f   QuickHullConvexHullLib.obj
 0001:0001d750       ?findSimplex@QuickHull@local@@IAE_NXZ 1001e750 f   QuickHullConvexHullLib.obj
 0001:0001dbf0       ?getFreeItem@?$MemBlock@UQuickHullFace@local@@$00@local@@QAEPAUQuickHullFace@2@XZ 1001ebf0 f i QuickHullConvexHullLib.obj
 0001:0001dcd0       ?getFreeItem@?$MemBlock@UQuickHullHalfEdge@local@@$0A@@local@@QAEPAUQuickHullHalfEdge@2@XZ 1001ecd0 f i QuickHullConvexHullLib.obj
 0001:0001dd70       ?growAndPushBack@?$Array@PAUQuickHullFace@local@@V?$ReflectionAllocator@PAUQuickHullFace@local@@@shdfnd@physx@@@shdfnd@physx@@IAEAAPAUQuickHullFace@local@@ABQAU45@@Z 1001ed70 f i QuickHullConvexHullLib.obj
 0001:0001ddf0       ?growAndPushBack@?$Array@PAUQuickHullHalfEdge@local@@V?$ReflectionAllocator@PAUQuickHullHalfEdge@local@@@shdfnd@physx@@@shdfnd@physx@@IAEAAPAUQuickHullHalfEdge@local@@ABQAU45@@Z 1001edf0 f i QuickHullConvexHullLib.obj
 0001:0001de70       ?growAndPushBack@?$Array@PAUQuickHullVertex@local@@V?$ReflectionAllocator@PAUQuickHullVertex@local@@@shdfnd@physx@@@shdfnd@physx@@IAEAAPAUQuickHullVertex@local@@ABQAU45@@Z 1001ee70 f i QuickHullConvexHullLib.obj
 0001:0001def0       ?growAndPushBack@?$Array@UExpandPoint@local@@V?$ReflectionAllocator@UExpandPoint@local@@@shdfnd@physx@@@shdfnd@physx@@IAEAAUExpandPoint@local@@ABU45@@Z 1001eef0 f i QuickHullConvexHullLib.obj
 0001:0001dfe0       ?init@?$MemBlock@UQuickHullFace@local@@$00@local@@QAEXI@Z 1001efe0 f i QuickHullConvexHullLib.obj
 0001:0001e080       ?mergeAdjacentFace@QuickHullFace@local@@QAE_NPAUQuickHullHalfEdge@2@AAV?$Array@PAUQuickHullFace@local@@V?$ReflectionAllocator@PAUQuickHullFace@local@@@shdfnd@physx@@@shdfnd@physx@@@Z 1001f080 f   QuickHullConvexHullLib.obj
 0001:0001e470       ?parseInputVertices@QuickHull@local@@QAEXPBVPxVec3@physx@@I@Z 1001f470 f   QuickHullConvexHullLib.obj
 0001:0001e4d0       ?preallocate@QuickHull@local@@QAEXI@Z 1001f4d0 f   QuickHullConvexHullLib.obj
 0001:0001e640       ?recreate@?$Array@PAUQuickHullFace@local@@V?$ReflectionAllocator@PAUQuickHullFace@local@@@shdfnd@physx@@@shdfnd@physx@@IAEXI@Z 1001f640 f i QuickHullConvexHullLib.obj
 0001:0001e6a0       ?recreate@?$Array@PAUQuickHullHalfEdge@local@@V?$ReflectionAllocator@PAUQuickHullHalfEdge@local@@@shdfnd@physx@@@shdfnd@physx@@IAEXI@Z 1001f6a0 f i QuickHullConvexHullLib.obj
 0001:0001e700       ?recreate@?$Array@PAUQuickHullVertex@local@@V?$ReflectionAllocator@PAUQuickHullVertex@local@@@shdfnd@physx@@@shdfnd@physx@@IAEXI@Z 1001f700 f i QuickHullConvexHullLib.obj
 0001:0001e760       ?recreate@?$Array@UExpandPoint@local@@V?$ReflectionAllocator@UExpandPoint@local@@@shdfnd@physx@@@shdfnd@physx@@IAEXI@Z 1001f760 f i QuickHullConvexHullLib.obj
 0001:0001f410       ?computeVolumeIntegralsEberly@physx@@YA_NABVPxConvexMeshDesc@1@MAAUPxIntegrals@1@ABVPxVec3@1@@Z 10020410 f   VolumeIntegration.obj
 0001:0001f460       ?computeVolumeIntegralsEberlySIMD@physx@@YA_NABVPxConvexMeshDesc@1@MAAUPxIntegrals@1@ABVPxVec3@1@@Z 10020460 f   VolumeIntegration.obj
 0001:0001faf0       ?cookingDelayHook@@YGP6GHXZIPAUDelayLoadInfo@@@Z 10020af0 f   WindowsCookingDelayLoadHook.obj
 0001:0001fb90       _PxSetPhysXCookingDelayLoadHook 10020b90 f   WindowsCookingDelayLoadHook.obj
 0001:0001fb9a       __imp_load_??0RadixSortBuffered@Cm@physx@@QAE@XZ 10020b9a f   PhysXCommon_32:PhysXCommon_32.dll
 0001:0001fba4       ??0RadixSortBuffered@Cm@physx@@QAE@XZ 10020ba4 f   PhysXCommon_32:PhysXCommon_32.dll
 0001:0001fbaa       __tailMerge_physxcommon_32_dll 10020baa     PhysXCommon_32:PhysXCommon_32.dll
 0001:0001fbbb       __imp_load_??1RadixSortBuffered@Cm@physx@@UAE@XZ 10020bbb f   PhysXCommon_32:PhysXCommon_32.dll
 0001:0001fbc5       ??1RadixSortBuffered@Cm@physx@@UAE@XZ 10020bc5 f   PhysXCommon_32:PhysXCommon_32.dll
 0001:0001fbcb       __imp_load_?Sort@RadixSortBuffered@Cm@physx@@QAEAAV123@PBIIW4RadixHint@23@@Z 10020bcb f   PhysXCommon_32:PhysXCommon_32.dll
 0001:0001fbd5       ?Sort@RadixSortBuffered@Cm@physx@@QAEAAV123@PBIIW4RadixHint@23@@Z 10020bd5 f   PhysXCommon_32:PhysXCommon_32.dll
 0001:0001fbdb       __imp_load_??0HeightField@Gu@physx@@QAE@PAVGuMeshFactory@2@@Z 10020bdb f   PhysXCommon_32:PhysXCommon_32.dll
 0001:0001fbe5       ??0HeightField@Gu@physx@@QAE@PAVGuMeshFactory@2@@Z 10020be5 f   PhysXCommon_32:PhysXCommon_32.dll
 0001:0001fbeb       __imp_load_?loadFromDesc@HeightField@Gu@physx@@QAE_NABVPxHeightFieldDesc@3@@Z 10020beb f   PhysXCommon_32:PhysXCommon_32.dll
 0001:0001fbf5       ?loadFromDesc@HeightField@Gu@physx@@QAE_NABVPxHeightFieldDesc@3@@Z 10020bf5 f   PhysXCommon_32:PhysXCommon_32.dll
 0001:0001fbfb       __imp_load_?computeCellCoordinates@HeightField@Gu@physx@@QBEIMMAAM0@Z 10020bfb f   PhysXCommon_32:PhysXCommon_32.dll
 0001:0001fc05       ?computeCellCoordinates@HeightField@Gu@physx@@QBEIMMAAM0@Z 10020c05 f   PhysXCommon_32:PhysXCommon_32.dll
 0001:0001fc0b       __imp_load_?releaseMemory@HeightField@Gu@physx@@QAEXXZ 10020c0b f   PhysXCommon_32:PhysXCommon_32.dll
 0001:0001fc15       ?releaseMemory@HeightField@Gu@physx@@QAEXXZ 10020c15 f   PhysXCommon_32:PhysXCommon_32.dll
 0001:0001fc1b       __imp_load_??1HeightField@Gu@physx@@UAE@XZ 10020c1b f   PhysXCommon_32:PhysXCommon_32.dll
 0001:0001fc25       ??1HeightField@Gu@physx@@UAE@XZ 10020c25 f   PhysXCommon_32:PhysXCommon_32.dll
 0001:0001fc2b       __imp_load_??0NodeAllocator@Gu@physx@@QAE@XZ 10020c2b f   PhysXCommon_32:PhysXCommon_32.dll
 0001:0001fc35       ??0NodeAllocator@Gu@physx@@QAE@XZ 10020c35 f   PhysXCommon_32:PhysXCommon_32.dll
 0001:0001fc3b       __imp_load_??1NodeAllocator@Gu@physx@@QAE@XZ 10020c3b f   PhysXCommon_32:PhysXCommon_32.dll
 0001:0001fc45       ??1NodeAllocator@Gu@physx@@QAE@XZ 10020c45 f   PhysXCommon_32:PhysXCommon_32.dll
 0001:0001fc4b       __imp_load_?release@NodeAllocator@Gu@physx@@QAEXXZ 10020c4b f   PhysXCommon_32:PhysXCommon_32.dll
 0001:0001fc55       ?release@NodeAllocator@Gu@physx@@QAEXXZ 10020c55 f   PhysXCommon_32:PhysXCommon_32.dll
 0001:0001fc5b       __imp_load_?buildAABBTree@Gu@physx@@YA_NAAVAABBTreeBuildParams@12@AAVNodeAllocator@12@AAUBuildStats@12@AAPAI@Z 10020c5b f   PhysXCommon_32:PhysXCommon_32.dll
 0001:0001fc65       ?buildAABBTree@Gu@physx@@YA_NAAVAABBTreeBuildParams@12@AAVNodeAllocator@12@AAUBuildStats@12@AAPAI@Z 10020c65 f   PhysXCommon_32:PhysXCommon_32.dll
 0001:0001fc6b       __imp_load_?writeDword@physx@@YAXI_NAAVPxOutputStream@1@@Z 10020c6b f   PhysXCommon_32:PhysXCommon_32.dll
 0001:0001fc75       ?writeDword@physx@@YAXI_NAAVPxOutputStream@1@@Z 10020c75 f   PhysXCommon_32:PhysXCommon_32.dll
 0001:0001fc7b       __imp_load_?writeFloatBuffer@physx@@YAXPBMI_NAAVPxOutputStream@1@@Z 10020c7b f   PhysXCommon_32:PhysXCommon_32.dll
 0001:0001fc85       ?writeFloatBuffer@physx@@YAXPBMI_NAAVPxOutputStream@1@@Z 10020c85 f   PhysXCommon_32:PhysXCommon_32.dll
 0001:0001fc8b       __imp_load_?writeHeader@physx@@YA_NCCCCI_NAAVPxOutputStream@1@@Z 10020c8b f   PhysXCommon_32:PhysXCommon_32.dll
 0001:0001fc95       ?writeHeader@physx@@YA_NCCCCI_NAAVPxOutputStream@1@@Z 10020c95 f   PhysXCommon_32:PhysXCommon_32.dll
 0001:0001fc9b       __imp_load_?writeWord@physx@@YAXG_NAAVPxOutputStream@1@@Z 10020c9b f   PhysXCommon_32:PhysXCommon_32.dll
 0001:0001fca5       ?writeWord@physx@@YAXG_NAAVPxOutputStream@1@@Z 10020ca5 f   PhysXCommon_32:PhysXCommon_32.dll
 0001:0001fcab       __imp_load_?writeFloat@physx@@YAXM_NAAVPxOutputStream@1@@Z 10020cab f   PhysXCommon_32:PhysXCommon_32.dll
 0001:0001fcb5       ?writeFloat@physx@@YAXM_NAAVPxOutputStream@1@@Z 10020cb5 f   PhysXCommon_32:PhysXCommon_32.dll
 0001:0001fcbb       __imp_load_?computeBoundsAroundVertices@Gu@physx@@YAXAAVPxBounds3@2@IPIBVPxVec3@2@@Z 10020cbb f   PhysXCommon_32:PhysXCommon_32.dll
 0001:0001fcc5       ?computeBoundsAroundVertices@Gu@physx@@YAXAAVPxBounds3@2@IPIBVPxVec3@2@@Z 10020cc5 f   PhysXCommon_32:PhysXCommon_32.dll
 0001:0001fccb       __imp_load_??0SourceMesh@Gu@physx@@QAE@XZ 10020ccb f   PhysXCommon_32:PhysXCommon_32.dll
 0001:0001fcd5       ??0SourceMesh@Gu@physx@@QAE@XZ 10020cd5 f   PhysXCommon_32:PhysXCommon_32.dll
 0001:0001fcdb       __imp_load_??1SourceMesh@Gu@physx@@QAE@XZ 10020cdb f   PhysXCommon_32:PhysXCommon_32.dll
 0001:0001fce5       ??1SourceMesh@Gu@physx@@QAE@XZ 10020ce5 f   PhysXCommon_32:PhysXCommon_32.dll
 0001:0001fceb       __imp_load_??0BV4Tree@Gu@physx@@QAE@XZ 10020ceb f   PhysXCommon_32:PhysXCommon_32.dll
 0001:0001fcf5       ??0BV4Tree@Gu@physx@@QAE@XZ 10020cf5 f   PhysXCommon_32:PhysXCommon_32.dll
 0001:0001fcfb       __imp_load_??1BV4Tree@Gu@physx@@QAE@XZ 10020cfb f   PhysXCommon_32:PhysXCommon_32.dll
 0001:0001fd05       ??1BV4Tree@Gu@physx@@QAE@XZ 10020d05 f   PhysXCommon_32:PhysXCommon_32.dll
 0001:0001fd0b       __imp_load_??0BV32Tree@Gu@physx@@QAE@XZ 10020d0b f   PhysXCommon_32:PhysXCommon_32.dll
 0001:0001fd15       ??0BV32Tree@Gu@physx@@QAE@XZ 10020d15 f   PhysXCommon_32:PhysXCommon_32.dll
 0001:0001fd1b       __imp_load_??1BV32Tree@Gu@physx@@QAE@XZ 10020d1b f   PhysXCommon_32:PhysXCommon_32.dll
 0001:0001fd25       ??1BV32Tree@Gu@physx@@QAE@XZ 10020d25 f   PhysXCommon_32:PhysXCommon_32.dll
 0001:0001fd2b       __imp_load_?writeWordBuffer@physx@@YAXPBGI_NAAVPxOutputStream@1@@Z 10020d2b f   PhysXCommon_32:PhysXCommon_32.dll
 0001:0001fd35       ?writeWordBuffer@physx@@YAXPBGI_NAAVPxOutputStream@1@@Z 10020d35 f   PhysXCommon_32:PhysXCommon_32.dll
 0001:0001fd3b       __imp_load_?computeMaxIndex@physx@@YAIPBII@Z 10020d3b f   PhysXCommon_32:PhysXCommon_32.dll
 0001:0001fd45       ?computeMaxIndex@physx@@YAIPBII@Z 10020d45 f   PhysXCommon_32:PhysXCommon_32.dll
 0001:0001fd4b       __imp_load_?storeIndices@physx@@YAXIIPBIAAVPxOutputStream@1@_N@Z 10020d4b f   PhysXCommon_32:PhysXCommon_32.dll
 0001:0001fd55       ?storeIndices@physx@@YAXIIPBIAAVPxOutputStream@1@_N@Z 10020d55 f   PhysXCommon_32:PhysXCommon_32.dll
 0001:0001fd5b       __imp_load_?BuildBV4Ex@Gu@physx@@YA_NAAVBV4Tree@12@AAVSourceMesh@12@MI@Z 10020d5b f   PhysXCommon_32:PhysXCommon_32.dll
 0001:0001fd65       ?BuildBV4Ex@Gu@physx@@YA_NAAVBV4Tree@12@AAVSourceMesh@12@MI@Z 10020d65 f   PhysXCommon_32:PhysXCommon_32.dll
 0001:0001fd6b       __imp_load_?BuildBV32Ex@Gu@physx@@YA_NAAVBV32Tree@12@AAVSourceMesh@12@MI@Z 10020d6b f   PhysXCommon_32:PhysXCommon_32.dll
 0001:0001fd75       ?BuildBV32Ex@Gu@physx@@YA_NAAVBV32Tree@12@AAVSourceMesh@12@MI@Z 10020d75 f   PhysXCommon_32:PhysXCommon_32.dll
 0001:0001fd7b       __imp_load_?computeMaxIndex@physx@@YAGPBGI@Z 10020d7b f   PhysXCommon_32:PhysXCommon_32.dll
 0001:0001fd85       ?computeMaxIndex@physx@@YAGPBGI@Z 10020d85 f   PhysXCommon_32:PhysXCommon_32.dll
 0001:0001fd8b       __imp_load_?WriteHeader@Gu@physx@@YA_NEEEEI_NAAVPxOutputStream@2@@Z 10020d8b f   PhysXCommon_32:PhysXCommon_32.dll
 0001:0001fd95       ?WriteHeader@Gu@physx@@YA_NEEEEI_NAAVPxOutputStream@2@@Z 10020d95 f   PhysXCommon_32:PhysXCommon_32.dll
 0001:0001fd9b       __imp_load_?StoreIndices@Gu@physx@@YAXGIPBGAAVPxOutputStream@2@_N@Z 10020d9b f   PhysXCommon_32:PhysXCommon_32.dll
 0001:0001fda5       ?StoreIndices@Gu@physx@@YAXGIPBGAAVPxOutputStream@2@_N@Z 10020da5 f   PhysXCommon_32:PhysXCommon_32.dll
 0001:0001fdab       __imp_load_?CreateOffsets@BigConvexData@physx@@IAEXXZ 10020dab f   PhysXCommon_32:PhysXCommon_32.dll
 0001:0001fdb5       ?CreateOffsets@BigConvexData@physx@@IAEXXZ 10020db5 f   PhysXCommon_32:PhysXCommon_32.dll
 0001:0001fdbb       __imp_load_?computeOBBPoints@Gu@physx@@YAXPIAVPxVec3@2@ABV32@1111@Z 10020dbb f   PhysXCommon_32:PhysXCommon_32.dll
 0001:0001fdc5       ?computeOBBPoints@Gu@physx@@YAXPIAVPxVec3@2@ABV32@1111@Z 10020dc5 f   PhysXCommon_32:PhysXCommon_32.dll
 0001:0001fdcb       __imp_load_??0BigConvexData@physx@@QAE@XZ 10020dcb f   PhysXCommon_32:PhysXCommon_32.dll
 0001:0001fdd5       ??0BigConvexData@physx@@QAE@XZ 10020dd5 f   PhysXCommon_32:PhysXCommon_32.dll
 0001:0001fddb       __imp_load_??1BigConvexData@physx@@QAE@XZ 10020ddb f   PhysXCommon_32:PhysXCommon_32.dll
 0001:0001fde5       ??1BigConvexData@physx@@QAE@XZ 10020de5 f   PhysXCommon_32:PhysXCommon_32.dll
 0001:0001fdeb       __imp_load__PxGetFoundation 10020deb f   PhysXFoundation_32:PhysXFoundation_32.dll
 0001:0001fdf5       _PxGetFoundation           10020df5 f   PhysXFoundation_32:PhysXFoundation_32.dll
 0001:0001fdfb       __tailMerge_physxfoundation_32_dll 10020dfb     PhysXFoundation_32:PhysXFoundation_32.dll
 0001:0001fe0c       __imp_load_?getAllocator@shdfnd@physx@@YAAAVPxAllocatorCallback@2@XZ 10020e0c f   PhysXFoundation_32:PhysXFoundation_32.dll
 0001:0001fe16       ?getAllocator@shdfnd@physx@@YAAAVPxAllocatorCallback@2@XZ 10020e16 f   PhysXFoundation_32:PhysXFoundation_32.dll
 0001:0001fe1c       __imp_load_?getInstance@Foundation@shdfnd@physx@@SAAAV123@XZ 10020e1c f   PhysXFoundation_32:PhysXFoundation_32.dll
 0001:0001fe26       ?getInstance@Foundation@shdfnd@physx@@SAAAV123@XZ 10020e26 f   PhysXFoundation_32:PhysXFoundation_32.dll
 0001:0001fe2c       __imp_load_?error@Foundation@shdfnd@physx@@QAAXW4Enum@PxErrorCode@3@PBDH1ZZ 10020e2c f   PhysXFoundation_32:PhysXFoundation_32.dll
 0001:0001fe36       ?error@Foundation@shdfnd@physx@@QAAXW4Enum@PxErrorCode@3@PBDH1ZZ 10020e36 f   PhysXFoundation_32:PhysXFoundation_32.dll
 0001:0001fe3c       __imp_load_?incRefCount@Foundation@shdfnd@physx@@SAXXZ 10020e3c f   PhysXFoundation_32:PhysXFoundation_32.dll
 0001:0001fe46       ?incRefCount@Foundation@shdfnd@physx@@SAXXZ 10020e46 f   PhysXFoundation_32:PhysXFoundation_32.dll
 0001:0001fe4c       __imp_load_?decRefCount@Foundation@shdfnd@physx@@SAXXZ 10020e4c f   PhysXFoundation_32:PhysXFoundation_32.dll
 0001:0001fe56       ?decRefCount@Foundation@shdfnd@physx@@SAXXZ 10020e56 f   PhysXFoundation_32:PhysXFoundation_32.dll
 0001:0001fe5c       __imp_load_??0FPUGuard@shdfnd@physx@@QAE@XZ 10020e5c f   PhysXFoundation_32:PhysXFoundation_32.dll
 0001:0001fe66       ??0FPUGuard@shdfnd@physx@@QAE@XZ 10020e66 f   PhysXFoundation_32:PhysXFoundation_32.dll
 0001:0001fe6c       __imp_load_??1FPUGuard@shdfnd@physx@@QAE@XZ 10020e6c f   PhysXFoundation_32:PhysXFoundation_32.dll
 0001:0001fe76       ??1FPUGuard@shdfnd@physx@@QAE@XZ 10020e76 f   PhysXFoundation_32:PhysXFoundation_32.dll
 0001:0001fe7c       __imp_load_?allocate@TempAllocator@shdfnd@physx@@QAEPAXIPBDH@Z 10020e7c f   PhysXFoundation_32:PhysXFoundation_32.dll
 0001:0001fe86       ?allocate@TempAllocator@shdfnd@physx@@QAEPAXIPBDH@Z 10020e86 f   PhysXFoundation_32:PhysXFoundation_32.dll
 0001:0001fe8c       __imp_load_?deallocate@TempAllocator@shdfnd@physx@@QAEXPAX@Z 10020e8c f   PhysXFoundation_32:PhysXFoundation_32.dll
 0001:0001fe96       ?deallocate@TempAllocator@shdfnd@physx@@QAEXPAX@Z 10020e96 f   PhysXFoundation_32:PhysXFoundation_32.dll
 0001:0001fe9c       __imp_load_?PxDiagonalize@physx@@YA?AVPxVec3@1@ABVPxMat33@1@AAVPxQuat@1@@Z 10020e9c f   PhysXFoundation_32:PhysXFoundation_32.dll
 0001:0001fea6       ?PxDiagonalize@physx@@YA?AVPxVec3@1@ABVPxMat33@1@AAVPxQuat@1@@Z 10020ea6 f   PhysXFoundation_32:PhysXFoundation_32.dll
 0001:0001feac       ?DloadAcquireSectionWriteAccess@@YGXXZ 10020eac f i Delayimp:delayhlp.obj
 0001:0001fedf       ?DloadGetSRWLockFunctionPointers@@YGEXZ 10020edf f i Delayimp:delayhlp.obj
 0001:0001ff52       ?DloadLock@@YGXXZ          10020f52 f i Delayimp:delayhlp.obj
 0001:0001ff91       ?DloadMakePermanentImageCommit@@YGXPAXK@Z 10020f91 f i Delayimp:delayhlp.obj
 0001:00020000       ?DloadObtainSection@@YGPAXPAK0@Z 10021000 f i Delayimp:delayhlp.obj
 0001:0002007b       ?DloadProtectSection@@YGXKPAK@Z 1002107b f i Delayimp:delayhlp.obj
 0001:000200e9       ?DloadReleaseSectionWriteAccess@@YGXXZ 100210e9 f i Delayimp:delayhlp.obj
 0001:0002011f       ?DloadUnlock@@YGXXZ        1002111f f i Delayimp:delayhlp.obj
 0001:0002014b       ___delayLoadHelper2@8      1002114b f   Delayimp:delayhlp.obj
 0001:000203ba       ??3@YAXPAXI@Z              100213ba f   LIBCMT:delete_scalar_size.obj
 0001:000203c8       ??_V@YAXPAXI@Z             100213c8 f   LIBCMT:delete_array_size.obj
 0001:000203d6       ??_Gtype_info@@UAEPAXI@Z   100213d6 f i LIBCMT:std_type_info_static.obj
 0001:000203d6       ??_Etype_info@@UAEPAXI@Z   100213d6 f i LIBCMT:std_type_info_static.obj
 0001:000203f9       ?__scrt_initialize_type_info@@YAXXZ 100213f9 f   LIBCMT:tncleanup.obj
 0001:00020405       ?__scrt_uninitialize_type_info@@YAXXZ 10021405 f   LIBCMT:tncleanup.obj
 0001:00020420       __alloca_probe_16          10021420 f   LIBCMT:alloca16.obj
 0001:00020436       __alloca_probe_8           10021436     LIBCMT:alloca16.obj
 0001:0002044c       ??3@YAXPAX@Z               1002144c f   LIBCMT:delete_scalar.obj
 0001:00020451       ??_V@YAXPAX@Z              10021451 f   LIBCMT:delete_array.obj
 0001:00020460       __alloca_probe             10021460 f   LIBCMT:chkstk.obj
 0001:00020460       __chkstk                   10021460 f   LIBCMT:chkstk.obj
 0001:00020490       __ftoui3                   10021490 f   LIBCMT:ftol3.obj
 0001:000204e0       ___vdecl_sinf4             100214e0 f   LIBCMT:svml_ssinf4_dispatch.obj
 0001:00020500       ___libm_sse2_sincosf_      10021500 f   LIBCMT:svml_ssinf4_dispatch.obj
 0001:0002088a       __DllMainCRTStartup@12     1002188a f   LIBCMT:dll_dllmain.obj
 0001:000208ad       ___isa_available_init      100218ad f   LIBCMT:cpu_disp.obj
 0001:00020a80       ___sse2_sinf4@@16          10021a80 f   LIBCMT:svml_ssinf4_sse2.obj
 0001:00020c40       ___sse4_sinf4@@16          10021c40 f   LIBCMT:svml_ssinf4_sse4.obj
 0001:00021322       ___security_init_cookie    10022322 f   LIBCMT:gs_support.obj
 0001:0002136d       _DllMain@12                1002236d f   LIBCMT:dll_dllmain_stub.obj
 0001:00021373       ___local_stdio_printf_options 10022373 f i LIBCMT:default_local_stdio_options.obj
 0001:00021379       ___local_stdio_scanf_options 10022379 f i LIBCMT:default_local_stdio_options.obj
 0001:0002137f       ___scrt_initialize_default_local_stdio_options 1002237f f   LIBCMT:default_local_stdio_options.obj
 0001:000213e0       ___scrt_acquire_startup_lock 100223e0 f   LIBCMT:utility.obj
 0001:00021412       ___scrt_dllmain_after_initialize_c 10022412 f   LIBCMT:utility.obj
 0001:0002143d       ___scrt_dllmain_before_initialize_c 1002243d f   LIBCMT:utility.obj
 0001:0002144b       ___scrt_dllmain_crt_thread_attach 1002244b f   LIBCMT:utility.obj
 0001:0002146a       ___scrt_dllmain_crt_thread_detach 1002246a f   LIBCMT:utility.obj
 0001:00021477       ___scrt_dllmain_exception_filter 10022477 f   LIBCMT:utility.obj
 0001:000214ab       ___scrt_dllmain_uninitialize_c 100224ab f   LIBCMT:utility.obj
 0001:000214ce       ___scrt_dllmain_uninitialize_critical 100224ce f   LIBCMT:utility.obj
 0001:000214db       ___scrt_initialize_crt     100224db f   LIBCMT:utility.obj
 0001:00021514       ___scrt_initialize_onexit_tables 10022514 f   LIBCMT:utility.obj
 0001:0002159b       ___scrt_is_nonwritable_in_current_image 1002259b f   LIBCMT:utility.obj
 0001:0002162f       ___scrt_release_startup_lock 1002262f f   LIBCMT:utility.obj
 0001:0002164c       ___scrt_uninitialize_crt   1002264c f   LIBCMT:utility.obj
 0001:00021674       ___scrt_get_dyn_tls_init_callback 10022674 f   LIBCMT:dyn_tls_init.obj
 0001:0002167a       ___scrt_fastfail           1002267a f   LIBCMT:utility_desktop.obj
 0001:00021795       __crt_debugger_hook        10022795 f   LIBCMT:utility_desktop.obj
 0001:0002179d       __RTC_Initialize           1002279d f   LIBCMT:initsect.obj
 0001:000217c9       __RTC_Terminate            100227c9 f   LIBCMT:initsect.obj
 0001:00021800       __SEH_prolog4              10022800 f   LIBCMT:sehprolg4.obj
 0001:00021850       ___common_sin_reduction_LA 10022850 f   LIBCMT:svml_dtrig.obj
 0001:00021be0       ___common_ssin_cout_rare   10022be0 f   LIBCMT:svml_s_sin_cout.obj
 0001:00021c59       __get_startup_argv_mode    10022c59 f   LIBCMT:argv_mode.obj
 0001:00021c59       ?raw_length@charNode@@UBEHXZ 10022c59 f   libvcruntime:undname.obj
 0001:00021c59       ?length@charNode@@UBEHXZ   10022c59 f   libvcruntime:undname.obj
 0001:00021c5d       ___scrt_is_ucrt_dll_in_use 10022c5d f   LIBCMT:ucrt_detection.obj
 0001:00021c69       @__security_check_cookie@4 10022c69 f   LIBCMT:secchk.obj
 0001:00021c77       ___raise_securityfailure   10022c77 f   LIBCMT:gs_report.obj
 0001:00021c9f       ___report_gsfailure        10022c9f f   LIBCMT:gs_report.obj
 0001:00021d99       __get_purecall_handler     10022d99 f   libvcruntime:purevirt.obj
 0001:00021d9f       __purecall                 10022d9f f   libvcruntime:purevirt.obj
 0001:00021dc4       ___std_type_info_compare   10022dc4 f   libvcruntime:std_type_info.obj
 0001:00021e00       ___std_type_info_destroy_list 10022e00 f   libvcruntime:std_type_info.obj
 0001:00021e23       ___std_type_info_name      10022e23 f   libvcruntime:std_type_info.obj
 0001:00021ef0       _memset                    10022ef0 f   libvcruntime:memset.obj
 0001:00022050       _memcpy                    10023050 f   libvcruntime:memcpy.obj
 0001:00022050       _memmove                   10023050 f   libvcruntime:memmove.obj
 0001:000225d0       _strstr                    100235d0 f   libvcruntime:strstr.obj
 0001:00022880       __except_handler4          10023880 f   libvcruntime:chandler4.obj
 0001:000229de       ___vcrt_initialize         100239de f   libvcruntime:initialization.obj
 0001:000229fd       ___vcrt_thread_attach      100239fd f   libvcruntime:initialization.obj
 0001:00022a08       ___vcrt_thread_detach      10023a08 f   libvcruntime:initialization.obj
 0001:00022a13       ___vcrt_uninitialize       10023a13 f   libvcruntime:initialization.obj
 0001:00022a2a       ___vcrt_uninitialize_critical 10023a2a f   libvcruntime:initialization.obj
 0001:00022a32       ___DestructExceptionObject 10023a32 f   libvcruntime:ehhelpers.obj
 0001:00022ad3       ?_CallMemberFunction0@@YGXQAX0@Z 10023ad3 f i libvcruntime:ehhelpers.obj
 0001:00022b38       __IsExceptionObjectToBeDestroyed 10023b38 f   libvcruntime:ehhelpers.obj
 0001:00022b5e       ___AdjustPointer           10023b5e f   libvcruntime:ehhelpers.obj
 0001:00022b83       ___FrameUnwindFilter       10023b83 f   libvcruntime:ehhelpers.obj
 0001:00022bd9       ??$?0$00@DName@@QAE@PBDU?$StringLifeSelector@$00@@@Z 10023bd9 f i libvcruntime:undname.obj
 0001:00022c0c       ??$?0$01@DName@@QAE@PBDU?$StringLifeSelector@$01@@@Z 10023c0c f i libvcruntime:undname.obj
 0001:00022c0c       ??$?0$0A@@DName@@QAE@PBDU?$StringLifeSelector@$0A@@@@Z 10023c0c f i libvcruntime:undname.obj
 0001:00022c3f       ??$?0$01@pcharNode@@QAE@PBDHU?$StringLifeSelector@$01@@@Z 10023c3f f i libvcruntime:undname.obj
 0001:00022c3f       ??$?0$0A@@pcharNode@@QAE@PBDHU?$StringLifeSelector@$0A@@@@Z 10023c3f f i libvcruntime:undname.obj
 0001:00022c7f       ??$append@VcharNode@@@DName@@AAEXPBVcharNode@@@Z 10023c7f f i libvcruntime:undname.obj
 0001:00022c7f       ??$append@VDNameStatusNode@@@DName@@AAEXPBVDNameStatusNode@@@Z 10023c7f f i libvcruntime:undname.obj
 0001:00022c7f       ??$append@VDNameNode@@@DName@@AAEXPBVDNameNode@@@Z 10023c7f f i libvcruntime:undname.obj
 0001:00022c7f       ??$append@VpcharNode@@@DName@@AAEXPBVpcharNode@@@Z 10023c7f f i libvcruntime:undname.obj
 0001:00022cc0       ??$doPchar@$00@DName@@AAEXPBDH@Z 10023cc0 f i libvcruntime:undname.obj
 0001:00022d2b       ??$doPchar@$0A@@DName@@AAEXPBDH@Z 10023d2b f i libvcruntime:undname.obj
 0001:00022d2b       ??$doPchar@$01@DName@@AAEXPBDH@Z 10023d2b f i libvcruntime:undname.obj
 0001:00022d9c       ??$forward@_K@std@@YA$$QA_KAA_K@Z 10023d9c f i libvcruntime:undname.obj
 0001:00022da4       ??0DName@@QAE@AAPBDD@Z     10023da4 f   libvcruntime:undname.obj
 0001:00022e24       ??0DName@@QAE@ABUStringLiteral@@@Z 10023e24 f   libvcruntime:undname.obj
 0001:00022e4b       ??0DName@@QAE@PAV0@@Z      10023e4b f   libvcruntime:undname.obj
 0001:00022e92       ??0DName@@QAE@W4DNameStatus@@@Z 10023e92 f   libvcruntime:undname.obj
 0001:00022ed2       ??0DName@@QAE@_J@Z         10023ed2 f   libvcruntime:undname.obj
 0001:00022f5e       ??0DName@@QAE@_K@Z         10023f5e f   libvcruntime:undname.obj
 0001:00022fc4       ??0UnDecorator@@QAE@PBDP6APADJ@ZK@Z 10023fc4 f i libvcruntime:undname.obj
 0001:00023010       ??0pDNameNode@@QAE@PAVDName@@@Z 10024010 f   libvcruntime:undname.obj
 0001:0002303f       ??2@YAPAXIAAV_HeapManager@@H@Z 1002403f f   libvcruntime:undname.obj
 0001:0002305e       ??4DName@@QAEAAV0@ABUStringLiteral@@@Z 1002405e f   libvcruntime:undname.obj
 0001:0002307f       ??4DName@@QAEAAV0@W4DNameStatus@@@Z 1002407f f   libvcruntime:undname.obj
 0001:000230b1       ??AReplicator@@QBE?AVDName@@H@Z 100240b1 f   libvcruntime:undname.obj
 0001:000230f7       ??H@YA?AVDName@@ABUStringLiteral@@ABV0@@Z 100240f7 f i libvcruntime:undname.obj
 0001:00023119       ??H@YA?AVDName@@DABV0@@Z   10024119 f i libvcruntime:undname.obj
 0001:00023144       ??H@YA?AVDName@@W4DNameStatus@@ABV0@@Z 10024144 f i libvcruntime:undname.obj
 0001:00023166       ??HDName@@QBE?AV0@ABUStringLiteral@@@Z 10024166 f   libvcruntime:undname.obj
 0001:00023188       ??HDName@@QBE?AV0@ABV0@@Z  10024188 f   libvcruntime:undname.obj
 0001:000231aa       ??HDName@@QBE?AV0@D@Z      100241aa f   libvcruntime:undname.obj
 0001:000231cc       ??HDName@@QBE?AV0@W4DNameStatus@@@Z 100241cc f   libvcruntime:undname.obj
 0001:000231ee       ??YDName@@QAEAAV0@ABUStringLiteral@@@Z 100241ee f   libvcruntime:undname.obj
 0001:00023246       ??YDName@@QAEAAV0@ABV0@@Z  10024246 f   libvcruntime:undname.obj
 0001:0002329d       ??YDName@@QAEAAV0@D@Z      1002429d f   libvcruntime:undname.obj
 0001:000232f2       ??YDName@@QAEAAV0@W4DNameStatus@@@Z 100242f2 f   libvcruntime:undname.obj
 0001:00023332       ??YReplicator@@QAEAAV0@ABVDName@@@Z 10024332 f   libvcruntime:undname.obj
 0001:00023370       ??_5DName@@QAEAAV0@ABV0@@Z 10024370 f   libvcruntime:undname.obj
 0001:0002338c       ?Destructor@_HeapManager@@QAEXXZ 1002438c f i libvcruntime:undname.obj
 0001:000233c4       ?UScore@UnDecorator@@SA?AUStringLiteral@@W4Tokens@@@Z 100243c4 f   libvcruntime:undname.obj
 0001:000233eb       ?composeDeclaration@UnDecorator@@CA?AVDName@@ABV2@@Z 100243eb f i libvcruntime:undname.obj
 0001:0002411e       ?doPchar@DName@@AAEXD@Z    1002511e f   libvcruntime:undname.obj
 0001:00024156       ?getAddressOf@UnDecorator@@CA?AVDName@@XZ 10025156 f   libvcruntime:undname.obj
 0001:000241c9       ?getArgumentList@UnDecorator@@CA?AVDName@@XZ 100251c9 f   libvcruntime:undname.obj
 0001:000242d6       ?getArgumentTypes@UnDecorator@@CA?AVDName@@XZ 100252d6 f   libvcruntime:undname.obj
 0001:000243ef       ?getArrayAccess@UnDecorator@@CA?AVDName@@XZ 100253ef f   libvcruntime:undname.obj
 0001:0002446e       ?getArrayObject@UnDecorator@@CA?AVDName@@XZ 1002546e f   libvcruntime:undname.obj
 0001:00024510       ?getArrayType@UnDecorator@@CA?AVDName@@ABV2@@Z 10025510 f i libvcruntime:undname.obj
 0001:000246ad       ?getBasedType@UnDecorator@@CA?AVDName@@XZ 100256ad f   libvcruntime:undname.obj
 0001:00024768       ?getBasicDataType@UnDecorator@@CA?AVDName@@ABV2@@Z 10025768 f   libvcruntime:undname.obj
 0001:00024c9c       ?getCallingConvention@UnDecorator@@CA?AVDName@@XZ 10025c9c f   libvcruntime:undname.obj
 0001:00024d7a       ?getDataIndirectType@UnDecorator@@CA?AVDName@@ABV2@W4IndirectionKind@@0H@Z 10025d7a f   libvcruntime:undname.obj
 0001:00025410       ?getDataIndirectType@UnDecorator@@CA?AVDName@@XZ 10026410 f i libvcruntime:undname.obj
 0001:0002543e       ?getDataType@UnDecorator@@CA?AVDName@@PAV2@@Z 1002643e f   libvcruntime:undname.obj
 0001:00025515       ?getDecoratedName@UnDecorator@@CA?AVDName@@XZ 10026515 f   libvcruntime:undname.obj
 0001:0002577f       ?getDimension@UnDecorator@@CA?AVDName@@_N@Z 1002677f f   libvcruntime:undname.obj
 0001:00025896       ?getDispatchTarget@UnDecorator@@CA?AVDName@@XZ 10026896 f   libvcruntime:undname.obj
 0001:000258ea       ?getECSUDataType@UnDecorator@@CA?AVDName@@XZ 100268ea f   libvcruntime:undname.obj
 0001:00025a7a       ?getEnumType@UnDecorator@@CA?AVDName@@XZ 10026a7a f i libvcruntime:undname.obj
 0001:00025b9a       ?getExtendedDataIndirectType@UnDecorator@@CA?AVDName@@AAW4IndirectionKind@@AA_NH@Z 10026b9a f   libvcruntime:undname.obj
 0001:00025d4d       ?getExternalDataType@UnDecorator@@CA?AVDName@@ABV2@@Z 10026d4d f i libvcruntime:undname.obj
 0001:00025db2       ?getFloatingPoint@UnDecorator@@CA?AVDName@@H@Z 10026db2 f   libvcruntime:undname.obj
 0001:00025ea6       ?getFunctionIndirectType@UnDecorator@@CA?AVDName@@ABV2@@Z 10026ea6 f   libvcruntime:undname.obj
 0001:0002625f       ?getLastChar@DName@@QBEDXZ 1002725f f i libvcruntime:undname.obj
 0001:0002627f       ?getLastChar@DNameStatusNode@@UBEDXZ 1002727f f i libvcruntime:undname.obj
 0001:0002628b       ?getLastChar@charNode@@UBEDXZ 1002728b f i libvcruntime:undname.obj
 0001:0002628f       ?getLastChar@pDNameNode@@UBEDXZ 1002728f f i libvcruntime:undname.obj
 0001:0002629d       ?getLastChar@pairNode@@UBEDXZ 1002729d f i libvcruntime:undname.obj
 0001:000262d2       ?getLastChar@pcharNode@@UBEDXZ 100272d2 f i libvcruntime:undname.obj
 0001:000262e4       ?getLexicalFrame@UnDecorator@@CA?AVDName@@XZ 100272e4 f i libvcruntime:undname.obj
 0001:00026315       ?getMemberAccess@UnDecorator@@CA?AVDName@@XZ 10027315 f   libvcruntime:undname.obj
 0001:00026390       ?getMemoryWithBuffer@_HeapManager@@QAEPAXI@Z 10027390 f   libvcruntime:undname.obj
 0001:000263fa       ?getMemoryWithoutBuffer@_HeapManager@@QAEPAXI@Z 100273fa f   libvcruntime:undname.obj
 0001:0002641a       ?getNoexcept@UnDecorator@@CA?AVDName@@XZ 1002741a f   libvcruntime:undname.obj
 0001:0002646e       ?getNumberOfDimensions@UnDecorator@@CAHXZ 1002746e f   libvcruntime:undname.obj
 0001:000264cf       ?getOperatorName@UnDecorator@@CA?AVDName@@_NPA_N@Z 100274cf f i libvcruntime:undname.obj
 0001:00026c35       ?getPointerToMember@UnDecorator@@CA?AVDName@@XZ 10027c35 f   libvcruntime:undname.obj
 0001:00026cf0       ?getPrimaryDataType@UnDecorator@@CA?AVDName@@ABV2@@Z 10027cf0 f   libvcruntime:undname.obj
 0001:00026f3f       ?getPtrRefDataType@UnDecorator@@CA?AVDName@@ABV2@H@Z 10027f3f f   libvcruntime:undname.obj
 0001:000270ac       ?getPtrRefType@UnDecorator@@CA?AVDName@@ABV2@0W4IndirectionKind@@@Z 100280ac f   libvcruntime:undname.obj
 0001:000271bd       ?getRestrictionSpec@UnDecorator@@CA?AVDName@@XZ 100281bd f   libvcruntime:undname.obj
 0001:000272e5       ?getReturnType@UnDecorator@@CA?AVDName@@PAV2@@Z 100282e5 f   libvcruntime:undname.obj
 0001:00027314       ?getScope@UnDecorator@@CA?AVDName@@XZ 10028314 f   libvcruntime:undname.obj
 0001:000276c6       ?getScopedName@UnDecorator@@CA?AVDName@@XZ 100286c6 f   libvcruntime:undname.obj
 0001:000277b1       ?getSignedDimension@UnDecorator@@CA?AVDName@@XZ 100287b1 f   libvcruntime:undname.obj
 0001:00027802       ?getString@DName@@QBEPADPAD0@Z 10028802 f i libvcruntime:undname.obj
 0001:0002782f       ?getString@DName@@QBEPADPADH@Z 1002882f f i libvcruntime:undname.obj
 0001:00027884       ?getString@DNameStatusNode@@UBEPADPAD0@Z 10028884 f i libvcruntime:undname.obj
 0001:000278ca       ?getString@charNode@@UBEPADPAD0@Z 100288ca f i libvcruntime:undname.obj
 0001:000278df       ?getString@pDNameNode@@UBEPADPAD0@Z 100288df f i libvcruntime:undname.obj
 0001:000278f6       ?getString@pairNode@@UBEPADPAD0@Z 100288f6 f i libvcruntime:undname.obj
 0001:0002793c       ?getString@pcharNode@@UBEPADPAD0@Z 1002893c f i libvcruntime:undname.obj
 0001:00027957       ?getStringEncoding@UnDecorator@@CA?AVDName@@W4PrefixKind@@H@Z 10028957 f   libvcruntime:undname.obj
 0001:00027a0f       ?getStringHelper@@YAPADPADPBD1H@Z 10028a0f f i libvcruntime:undname.obj
 0001:00027a39       ?getStringObject@UnDecorator@@CA?AVDName@@XZ 10028a39 f   libvcruntime:undname.obj
 0001:00027a90       ?getSymbolName@UnDecorator@@CA?AVDName@@XZ 10028a90 f i libvcruntime:undname.obj
[...]
 0002:0000a87d       $N00035                    1004487d     PhysXCooking_32.exp
 0002:0000a8a9       $N00036                    100448a9     PhysXCooking_32.exp
 0002:0000a8d6       $N00037                    100448d6     PhysXCooking_32.exp
 0002:0000a901       $N00038                    10044901     PhysXCooking_32.exp
 0002:0000a92f       $N00039                    1004492f     PhysXCooking_32.exp
 0002:0000a962       $N00040                    10044962     PhysXCooking_32.exp
 0002:0000a993       $N00041                    10044993     PhysXCooking_32.exp
 0002:0000a9c2       $N00042                    100449c2     PhysXCooking_32.exp
 0002:0000a9f1       $N00043                    100449f1     PhysXCooking_32.exp
 0002:0000aa1a       $N00044                    10044a1a     PhysXCooking_32.exp
 0002:0000aa36       $N00045                    10044a36     PhysXCooking_32.exp
 0002:0000aa5f       $N00046                    10044a5f     PhysXCooking_32.exp
 0002:0000aa82       $N00047                    10044a82     PhysXCooking_32.exp
 0002:0000aab2       $N00048                    10044ab2     PhysXCooking_32.exp
 0002:0000aad8       $N00049                    10044ad8     PhysXCooking_32.exp
 0002:0000ab05       $N00050                    10044b05     PhysXCooking_32.exp
 0002:0000ab2f       $N00051                    10044b2f     PhysXCooking_32.exp
 0002:0000ab5b       $N00052                    10044b5b     PhysXCooking_32.exp
 0002:0000ab83       $N00053                    10044b83     PhysXCooking_32.exp
 0002:0000abb0       $N00054                    10044bb0     PhysXCooking_32.exp
 0002:0000abd8       $N00055                    10044bd8     PhysXCooking_32.exp
 0002:0000abff       $N00056                    10044bff     PhysXCooking_32.exp
 0002:0000ac2b       $N00057                    10044c2b     PhysXCooking_32.exp
 0002:0000ac52       $N00058                    10044c52     PhysXCooking_32.exp
 0002:0000ac8b       $N00059                    10044c8b     PhysXCooking_32.exp
 0002:0000acb4       $N00060                    10044cb4     PhysXCooking_32.exp
 0002:0000ace7       $N00061                    10044ce7     PhysXCooking_32.exp
 0002:0000ad1b       $N00062                    10044d1b     PhysXCooking_32.exp
 0002:0000ad55       $N00063                    10044d55     PhysXCooking_32.exp
 0002:0000ad9b       $N00064                    10044d9b     PhysXCooking_32.exp
 0002:0000ade9       $N00065                    10044de9     PhysXCooking_32.exp
 0002:0000ae1b       $N00066                    10044e1b     PhysXCooking_32.exp
 0002:0000ae4e       $N00067                    10044e4e     PhysXCooking_32.exp
 0002:0000ae83       $N00068                    10044e83     PhysXCooking_32.exp
 0002:0000aea9       $N00069                    10044ea9     PhysXCooking_32.exp
 0002:0000aeef       $N00070                    10044eef     PhysXCooking_32.exp
 0002:0000af34       $N00071                    10044f34     PhysXCooking_32.exp
 0002:0000af8b       $N00072                    10044f8b     PhysXCooking_32.exp
 0002:0000afd1       $N00073                    10044fd1     PhysXCooking_32.exp
 0002:0000affb       $N00074                    10044ffb     PhysXCooking_32.exp
 0002:0000b029       $N00075                    10045029     PhysXCooking_32.exp
 0002:0000b077       $N00076                    10045077     PhysXCooking_32.exp
 0002:0000b121       $N00077                    10045121     PhysXCooking_32.exp
 0002:0000b17d       $N00078                    1004517d     PhysXCooking_32.exp
 0002:0000b1a8       $N00079                    100451a8     PhysXCooking_32.exp
 0002:0000b1d3       $N00080                    100451d3     PhysXCooking_32.exp
 0002:0000b207       $N00081                    10045207     PhysXCooking_32.exp
 0002:0000b22f       $N00082                    1004522f     PhysXCooking_32.exp
 0002:0000b26a       $N00083                    1004526a     PhysXCooking_32.exp
 0002:0000b295       $N00084                    10045295     PhysXCooking_32.exp
 0002:0000b2c6       $N00085                    100452c6     PhysXCooking_32.exp
 0002:0000b311       $N00086                    10045311     PhysXCooking_32.exp
 0002:0000b342       $N00087                    10045342     PhysXCooking_32.exp
 0002:0000b379       $N00088                    10045379     PhysXCooking_32.exp
 0002:0000b3b0       $N00089                    100453b0     PhysXCooking_32.exp
 0002:0000b3eb       $N00090                    100453eb     PhysXCooking_32.exp
 0002:0000b42d       $N00091                    1004542d     PhysXCooking_32.exp
 0002:0000b45b       $N00092                    1004545b     PhysXCooking_32.exp
 0002:0000b4d2       $N00093                    100454d2     PhysXCooking_32.exp
 0002:0000b52d       $N00094                    1004552d     PhysXCooking_32.exp
 0002:0000b558       $N00095                    10045558     PhysXCooking_32.exp
 0002:0000b58b       $N00096                    1004558b     PhysXCooking_32.exp
 0002:0000b5c3       $N00097                    100455c3     PhysXCooking_32.exp
 0002:0000b5ff       $N00098                    100455ff     PhysXCooking_32.exp
 0002:0000b633       $N00099                    10045633     PhysXCooking_32.exp
 0002:0000b65f       $N00100                    1004565f     PhysXCooking_32.exp
 0002:0000b68b       $N00101                    1004568b     PhysXCooking_32.exp
 0002:0000b6b4       $N00102                    100456b4     PhysXCooking_32.exp
 0002:0000b6de       $N00103                    100456de     PhysXCooking_32.exp
 0002:0000b70a       $N00104                    1004570a     PhysXCooking_32.exp
 0002:0000b729       $N00105                    10045729     PhysXCooking_32.exp
 0002:0000b763       $N00106                    10045763     PhysXCooking_32.exp
 0002:0000b793       $N00107                    10045793     PhysXCooking_32.exp
 0002:0000b7c4       $N00108                    100457c4     PhysXCooking_32.exp
 0002:0000b804       $N00109                    10045804     PhysXCooking_32.exp
 0002:0000b830       $N00110                    10045830     PhysXCooking_32.exp
 0002:0000b853       $N00111                    10045853     PhysXCooking_32.exp
 0002:0000b881       $N00112                    10045881     PhysXCooking_32.exp
 0002:0000b8b2       $N00113                    100458b2     PhysXCooking_32.exp
 0002:0000b8d7       $N00114                    100458d7     PhysXCooking_32.exp
 0002:0000b903       $N00115                    10045903     PhysXCooking_32.exp
 0002:0000b92a       $N00116                    1004592a     PhysXCooking_32.exp
 0002:0000b949       $N00117                    10045949     PhysXCooking_32.exp
 0002:0000b98d       $N00118                    1004598d     PhysXCooking_32.exp
 0002:0000b9c9       $N00119                    100459c9     PhysXCooking_32.exp
 0002:0000ba05       $N00120                    10045a05     PhysXCooking_32.exp
 0002:0000ba36       $N00121                    10045a36     PhysXCooking_32.exp
 0002:0000ba46       $N00122                    10045a46     PhysXCooking_32.exp
 0002:0000bbc0       .idata$6                   10045bc0     kernel32:KERNEL32.dll
 0003:00000000       ?MAXDOT_MINANG@local@@3MB  10047000     ConvexHullUtils.obj
 0003:00000004       ?MAXDOT_MINANG@local@@3MB  10047004     QuickHullConvexHullLib.obj
 0003:00000040       ?prefix@?1??getDimension@UnDecorator@@CA?AVDName@@_N@Z@4UStringLiteral@@A 10047040     libvcruntime:undname.obj
 0003:00000050       ?__vcrt_flsindex@@3KA      10047050     libvcruntime:per_thread_data.obj
 0003:00000080       ?__DAZ_ENABLED@?1??__set_fpsr_sse2@@9@9 10047080     libucrt:fpctrl.obj
 0003:00000084       ?errno_no_memory@@3HA      10047084     libucrt:errno.obj
 0003:00000088       ?doserrno_no_memory@@3KA   10047088     libucrt:errno.obj
 0003:0000008c       ?__acrt_flsindex@@3KA      1004708c     libucrt:per_thread_data.obj
 0003:000002b0       __mbctypes                 100472b0     libucrt:mbctype.obj
 0003:000003b8       __mbcasemaps               100473b8     libucrt:mbctype.obj
 0003:000004b8       ?__rgctypeflag@@3PADA      100474b8     libucrt:mbctype.obj
 0003:000004c0       ?__rgcode_page_info@@3PAUcode_page_info@@A 100474c0     libucrt:mbctype.obj
 0003:00000880       ?__dcrt_lowio_console_output_handle@@3PAXA 10047880     libucrt:initcon.obj
 0003:00000e80       ?maxV3Error@_VecMathTests@aos@shdfnd@physx@@3T__m128@@B 10047e80     Cooking.obj
 0003:00000e90       ?minFError@_VecMathTests@aos@shdfnd@physx@@3T__m128@@B 10047e90     Cooking.obj
 0003:00000ea0       ?maxV4Error@_VecMathTests@aos@shdfnd@physx@@3T__m128@@B 10047ea0     Cooking.obj
 0003:00000eb0       ?minV4Error@_VecMathTests@aos@shdfnd@physx@@3T__m128@@B 10047eb0     Cooking.obj
 0003:00000ec0       ?minV3Error@_VecMathTests@aos@shdfnd@physx@@3T__m128@@B 10047ec0     Cooking.obj
 0003:00000ed0       ?maxFError@_VecMathTests@aos@shdfnd@physx@@3T__m128@@B 10047ed0     Cooking.obj
 0003:00000ee0       ?maxV3Error@_VecMathTests@aos@shdfnd@physx@@3T__m128@@B 10047ee0     BVHStructureBuilder.obj
 0003:00000ef0       ?minFError@_VecMathTests@aos@shdfnd@physx@@3T__m128@@B 10047ef0     BVHStructureBuilder.obj
 0003:00000f00       ?maxV4Error@_VecMathTests@aos@shdfnd@physx@@3T__m128@@B 10047f00     BVHStructureBuilder.obj
 0003:00000f10       ?minV4Error@_VecMathTests@aos@shdfnd@physx@@3T__m128@@B 10047f10     BVHStructureBuilder.obj
 0003:00000f20       ?minV3Error@_VecMathTests@aos@shdfnd@physx@@3T__m128@@B 10047f20     BVHStructureBuilder.obj
 0003:00000f30       ?maxFError@_VecMathTests@aos@shdfnd@physx@@3T__m128@@B 10047f30     BVHStructureBuilder.obj
 0003:00000f40       ?maxV3Error@_VecMathTests@aos@shdfnd@physx@@3T__m128@@B 10047f40     RTreeCooking.obj
 0003:00000f50       ?minFError@_VecMathTests@aos@shdfnd@physx@@3T__m128@@B 10047f50     RTreeCooking.obj
 0003:00000f60       ?maxV4Error@_VecMathTests@aos@shdfnd@physx@@3T__m128@@B 10047f60     RTreeCooking.obj
 0003:00000f70       ?minV4Error@_VecMathTests@aos@shdfnd@physx@@3T__m128@@B 10047f70     RTreeCooking.obj
 0003:00000f80       ?minV3Error@_VecMathTests@aos@shdfnd@physx@@3T__m128@@B 10047f80     RTreeCooking.obj
 0003:00000f90       ?maxFError@_VecMathTests@aos@shdfnd@physx@@3T__m128@@B 10047f90     RTreeCooking.obj
 0003:00000fa0       ?maxV3Error@_VecMathTests@aos@shdfnd@physx@@3T__m128@@B 10047fa0     MeshBuilder.obj
 0003:00000fb0       ?minFError@_VecMathTests@aos@shdfnd@physx@@3T__m128@@B 10047fb0     MeshBuilder.obj
 0003:00000fc0       ?maxV4Error@_VecMathTests@aos@shdfnd@physx@@3T__m128@@B 10047fc0     MeshBuilder.obj
 0003:00000fd0       ?minV4Error@_VecMathTests@aos@shdfnd@physx@@3T__m128@@B 10047fd0     MeshBuilder.obj
 0003:00000fe0       ?minV3Error@_VecMathTests@aos@shdfnd@physx@@3T__m128@@B 10047fe0     MeshBuilder.obj
 0003:00000ff0       ?maxFError@_VecMathTests@aos@shdfnd@physx@@3T__m128@@B 10047ff0     MeshBuilder.obj
 0003:00001000       ?maxV3Error@_VecMathTests@aos@shdfnd@physx@@3T__m128@@B 10048000     TriangleMeshBuilder.obj
 0003:00001010       ?minFError@_VecMathTests@aos@shdfnd@physx@@3T__m128@@B 10048010     TriangleMeshBuilder.obj
 0003:00001020       ?maxV4Error@_VecMathTests@aos@shdfnd@physx@@3T__m128@@B 10048020     TriangleMeshBuilder.obj
 0003:00001030       ?minV4Error@_VecMathTests@aos@shdfnd@physx@@3T__m128@@B 10048030     TriangleMeshBuilder.obj
 0003:00001040       ?minV3Error@_VecMathTests@aos@shdfnd@physx@@3T__m128@@B 10048040     TriangleMeshBuilder.obj
 0003:00001050       ?maxFError@_VecMathTests@aos@shdfnd@physx@@3T__m128@@B 10048050     TriangleMeshBuilder.obj
 0003:00001060       ?maxV3Error@_VecMathTests@aos@shdfnd@physx@@3T__m128@@B 10048060     BigConvexDataBuilder.obj
 0003:00001070       ?minFError@_VecMathTests@aos@shdfnd@physx@@3T__m128@@B 10048070     BigConvexDataBuilder.obj
 0003:00001080       ?maxV4Error@_VecMathTests@aos@shdfnd@physx@@3T__m128@@B 10048080     BigConvexDataBuilder.obj
 0003:00001090       ?minV4Error@_VecMathTests@aos@shdfnd@physx@@3T__m128@@B 10048090     BigConvexDataBuilder.obj
 0003:000010a0       ?minV3Error@_VecMathTests@aos@shdfnd@physx@@3T__m128@@B 100480a0     BigConvexDataBuilder.obj
 0003:000010b0       ?maxFError@_VecMathTests@aos@shdfnd@physx@@3T__m128@@B 100480b0     BigConvexDataBuilder.obj
 0003:000010c0       ?maxV3Error@_VecMathTests@aos@shdfnd@physx@@3T__m128@@B 100480c0     ConvexHullBuilder.obj
 0003:000010d0       ?minFError@_VecMathTests@aos@shdfnd@physx@@3T__m128@@B 100480d0     ConvexHullBuilder.obj
 0003:000010e0       ?maxV4Error@_VecMathTests@aos@shdfnd@physx@@3T__m128@@B 100480e0     ConvexHullBuilder.obj
 0003:000010f0       ?minV4Error@_VecMathTests@aos@shdfnd@physx@@3T__m128@@B 100480f0     ConvexHullBuilder.obj
 0003:00001100       ?minV3Error@_VecMathTests@aos@shdfnd@physx@@3T__m128@@B 10048100     ConvexHullBuilder.obj
 0003:00001110       ?maxFError@_VecMathTests@aos@shdfnd@physx@@3T__m128@@B 10048110     ConvexHullBuilder.obj
 0003:00001120       ?maxV3Error@_VecMathTests@aos@shdfnd@physx@@3T__m128@@B 10048120     ConvexHullUtils.obj
 0003:00001130       ?minFError@_VecMathTests@aos@shdfnd@physx@@3T__m128@@B 10048130     ConvexHullUtils.obj
 0003:00001140       ?maxV4Error@_VecMathTests@aos@shdfnd@physx@@3T__m128@@B 10048140     ConvexHullUtils.obj
 0003:00001150       ?minV4Error@_VecMathTests@aos@shdfnd@physx@@3T__m128@@B 10048150     ConvexHullUtils.obj
 0003:00001160       ?minV3Error@_VecMathTests@aos@shdfnd@physx@@3T__m128@@B 10048160     ConvexHullUtils.obj
 0003:00001170       ?maxFError@_VecMathTests@aos@shdfnd@physx@@3T__m128@@B 10048170     ConvexHullUtils.obj
 0003:00001180       ?maxV3Error@_VecMathTests@aos@shdfnd@physx@@3T__m128@@B 10048180     ConvexMeshBuilder.obj
 0003:00001190       ?minFError@_VecMathTests@aos@shdfnd@physx@@3T__m128@@B 10048190     ConvexMeshBuilder.obj
 0003:000011a0       ?maxV4Error@_VecMathTests@aos@shdfnd@physx@@3T__m128@@B 100481a0     ConvexMeshBuilder.obj
 0003:000011b0       ?minV4Error@_VecMathTests@aos@shdfnd@physx@@3T__m128@@B 100481b0     ConvexMeshBuilder.obj
 0003:000011c0       ?minV3Error@_VecMathTests@aos@shdfnd@physx@@3T__m128@@B 100481c0     ConvexMeshBuilder.obj
 0003:000011d0       ?maxFError@_VecMathTests@aos@shdfnd@physx@@3T__m128@@B 100481d0     ConvexMeshBuilder.obj
 0003:000011e0       ?maxV3Error@_VecMathTests@aos@shdfnd@physx@@3T__m128@@B 100481e0     VolumeIntegration.obj
 0003:000011f0       ?minFError@_VecMathTests@aos@shdfnd@physx@@3T__m128@@B 100481f0     VolumeIntegration.obj
 0003:00001200       ?maxV4Error@_VecMathTests@aos@shdfnd@physx@@3T__m128@@B 10048200     VolumeIntegration.obj
 0003:00001210       ?minV4Error@_VecMathTests@aos@shdfnd@physx@@3T__m128@@B 10048210     VolumeIntegration.obj
 0003:00001220       ?minV3Error@_VecMathTests@aos@shdfnd@physx@@3T__m128@@B 10048220     VolumeIntegration.obj
 0003:00001230       ?maxFError@_VecMathTests@aos@shdfnd@physx@@3T__m128@@B 10048230     VolumeIntegration.obj
 0003:00001240       ?gCookingDelayLoadHook@@3PBVPxDelayLoadHook@physx@@B 10048240     WindowsCookingDelayLoadHook.obj
 0003:00001270       ?__proc_attached@@3HA      10048270     LIBCMT:dll_dllmain.obj
 0003:00001298       ?is_initialized_as_dll@@3_NA 10048298     LIBCMT:utility.obj
 0003:00001299       ?module_local_atexit_table_initialized@@3_NA 10048299     LIBCMT:utility.obj
 0003:0000129c       ?module_local_atexit_table@@3U_onexit_table_t@@A 1004829c     LIBCMT:utility.obj
 0003:000012a8       ?module_local_at_quick_exit_table@@3U_onexit_table_t@@A 100482a8     LIBCMT:utility.obj
 0003:000012b8       _GS_ExceptionRecord        100482b8     LIBCMT:gs_report.obj
 0003:00001308       _GS_ContextRecord          10048308     LIBCMT:gs_report.obj
 0003:00001604       ?heap@@3V_HeapManager@@A   10048604     libvcruntime:undname.obj
 0003:00001618       ?__vcrt_startup_thread_ptd@@3U__vcrt_ptd@@A 10048618     libvcruntime:per_thread_data.obj
 0003:00001640       ___vcrt_lock_table         10048640     libvcruntime:locks.obj
 0003:00001658       ___vcrt_locks_initialized  10048658     libvcruntime:locks.obj
 0003:0000165c       ?module_handles@@3PAPAUHINSTANCE__@@A 1004865c     libvcruntime:winapi_downlevel.obj
 0003:00001668       ?function_pointers@@3PAPAXA 10048668     libvcruntime:winapi_downlevel.obj
 0003:0000167c       ?c_termination_complete@@3JA 1004867c     libucrt:exit.obj
 0003:00001680       ?thread_local_exit_callback_func@@3P6GXPAXK0@ZA 10048680     libucrt:exit.obj
 0003:00001688       ?program_name@?1???$common_configure_argv@D@@YAHW4_crt_argv_mode@@@Z@4PADA 10048688     libucrt:argv_parsing.obj
 0003:000017b8       ?user_matherr@@3V?$dual_state_global@P6AHPAU_exception@@@Z@__crt_state_management@@A 100487b8     libucrt:matherr.obj
 0003:000017c0       ?__acrt_lock_table@@3PAU_RTL_CRITICAL_SECTION@@A 100487c0     libucrt:locks.obj
 0003:00001910       ?__acrt_locks_initialized@@3IA 10048910     libucrt:locks.obj
 0003:00001914       ?__acrt_invalid_parameter_handler@@3V?$dual_state_global@P6AXPB_W00II@Z@__crt_state_management@@A 10048914     libucrt:invalid_parameter.obj
 0003:00001924       ?fSystemSet@@3HA           10048924     libucrt:mbctype.obj
 0003:00001928       ?initialized@?1??__acrt_initialize_multibyte@@9@4_NA 10048928     libucrt:mbctype.obj
 0003:00001948       ?module_handles@@3PAPAUHINSTANCE__@@A 10048948     libucrt:winapi_thunks.obj
 0003:00001998       ?encoded_function_pointers@@3PAPAXA 10048998     libucrt:winapi_thunks.obj
 0003:00001c2c       ?__acrt_new_handler@@3V?$dual_state_global@P6AHI@Z@__crt_state_management@@A 10048c2c     libucrt:new_handler.obj
 0003:00001c30       ?ctrlc_action@@3V?$dual_state_global@P6AXH@Z@__crt_state_management@@A 10048c30     libucrt:signal.obj
 0003:00001c34       ?ctrlbreak_action@@3V?$dual_state_global@P6AXH@Z@__crt_state_management@@A 10048c34     libucrt:signal.obj
 0003:00001c38       ?abort_action@@3V?$dual_state_global@P6AXH@Z@__crt_state_management@@A 10048c38     libucrt:signal.obj
 0003:00001c3c       ?term_action@@3V?$dual_state_global@P6AXH@Z@__crt_state_management@@A 10048c3c     libucrt:signal.obj
 0003:00001c54       ?internal_state@?1??_mbtowc_l@@9@4U_Mbstatet@@A 10048c54     libucrt:mbtowc.obj
 0003:00001c5c       ?enable_percent_n@@3IA     10048c5c     libucrt:printf_count_output.obj
 0003:00001c64       ?__acrt_global_new_mode@@3V?$dual_state_global@J@__crt_state_management@@A 10048c64     libucrt:new_mode.obj
 0003:00001c74       ?__acrt_app_type@@3W4_crt_app_type@@A 10048c74     libucrt:report_runtime_error.obj
 0003:00001c78       ?internal_pst@?1??__mbrtoc32_utf8@__crt_mbstring@@YAIPA_UPBDIPAU_Mbstatet@@@Z@4U3@A 10048c78     libucrt:mbrtoc32.obj
 0003:00001c80       __pmatherr_set             10048c80     libucrt:libm_error.obj
 0004:00000000       _static_const_table        10049000     LIBCMT:svml_ssinf4_sse2.obj
 0004:00000100       __e02PI                    10049100     LIBCMT:svml_dtrig.obj
 0004:000002a0       __e04PI                    100492a0     LIBCMT:svml_dtrig.obj
 0004:00000430       _2il0floatpacket_0         10049430     LIBCMT:svml_dtrig.obj
 0004:00000440       _2il0floatpacket_1         10049440     LIBCMT:svml_dtrig.obj
 0004:00000448       __d02PI                    10049448     LIBCMT:svml_dtrig.obj
 0004:00000458       __DP4                      10049458     LIBCMT:svml_dtrig.obj
 0004:00000478       __dPI02                    10049478     LIBCMT:svml_dtrig.obj
 0004:00000488       __d04PI                    10049488     LIBCMT:svml_dtrig.obj
 0004:00000498       __QP4                      10049498     LIBCMT:svml_dtrig.obj
 0004:000004b8       __dPI04                    100494b8     LIBCMT:svml_dtrig.obj
 0004:00002600       __vmlsSinHATab             1004b600     LIBCMT:svml_s_sin_cout.obj
 0005:000000a0       $R000000                   1004c0a0     PhysXCooking.res
 0005:000003d0       $R000330                   1004c3d0     PhysXCooking.res
