 PhysXCommon_32

 Timestamp is 624d42b0 (Wed Apr  6 09:35:12 2022)

 Preferred load address is 10000000

 Start         Length     Name                   Class
 0001:00000000 00004320H .text$di                CODE
 0001:00004320 0013019fH .text$mn                CODE
 0001:001344bf 00000047H .text$x                 CODE
 0002:00000000 00000120H .idata$5                DATA
 0002:00000120 00000004H .00cfg                  DATA
 0002:00000124 00000004H .CRT$XCA                DATA
 0002:00000128 000009fcH .CRT$XCU                DATA
 0002:00000b24 00000004H .CRT$XCZ                DATA
 0002:00000b28 00000004H .CRT$XIA                DATA
 0002:00000b2c 0000000cH .CRT$XIC                DATA
 0002:00000b38 00000004H .CRT$XIZ                DATA
 0002:00000b3c 00000004H .CRT$XPA                DATA
 0002:00000b40 00000008H .CRT$XPX                DATA
 0002:00000b48 00000004H .CRT$XPXA               DATA
 0002:00000b4c 00000004H .CRT$XPZ                DATA
 0002:00000b50 00000004H .CRT$XTA                DATA
 0002:00000b54 0000000cH .CRT$XTZ                DATA
 0002:00000b58 00000000H .gfids$y                DATA
 0002:00000b60 0000cbe0H .rdata                  DATA
 0002:0000d740 00000000H .rdata$CastGuardVftablesA DATA
 0002:0000d740 00000000H .rdata$CastGuardVftablesC DATA
 0002:0000d740 0000028cH .rdata$r                DATA
 0002:0000d9cc 00000018H .rdata$sxdata           DATA
 0002:0000d9e4 00000040H .rdata$voltmd           DATA
 0002:0000da24 00000408H .rdata$zzzdbg           DATA
 0002:0000de2c 00000004H .rtc$IAA                DATA
 0002:0000de30 00000004H .rtc$IZZ                DATA
 0002:0000de34 00000004H .rtc$TAA                DATA
 0002:0000de38 00000008H .rtc$TZZ                DATA
 0002:0000de40 00000564H .xdata$x                DATA
 0002:0000e3a4 00000020H .didat$2                DATA
 0002:0000e3c4 00000020H .didat$3                DATA
 0002:0000e3e4 00000044H .didat$4                DATA
 0002:0000e428 00000300H .didat$6                DATA
 0002:0000e728 00000048H .didat$7                DATA
 0002:0000e770 00009c30H .edata                  DATA
 0002:000183a0 00000014H .idata$2                DATA
 0002:000183b4 00000014H .idata$3                DATA
 0002:000183c8 00000120H .idata$4                DATA
 0002:000184e8 00000534H .idata$6                DATA
 0003:00000000 00000fe0H .data                   DATA
 0003:00000fe0 00000468H .data$r                 DATA
 0003:00001448 000000b4H .data$rs                DATA
 0003:000014fc 00000044H .didat$5                DATA
 0003:00001540 000032c8H .bss                    DATA
 0004:00000000 00002608H _RDATA                  DATA
 0005:00000000 000000a0H .rsrc$01                DATA
 0005:000000a0 000004b0H .rsrc$02                DATA

  Address         Publics by Value              Rva+Base       Lib:Object

 0000:00000000       ___hybrid_code_map_count   00000000     <absolute>
 0000:00000000       ___guard_iat_table         00000000     <absolute>
 0000:00000000       ___x64_code_ranges_to_entry_points_count 00000000     <absolute>
 0000:00000000       ___x64_code_ranges_to_entry_points 00000000     <absolute>
 0000:00000000       ___arm64x_redirection_metadata 00000000     <absolute>
 0000:00000000       __except_list              00000000     <absolute>
 0000:00000000       ___arm64x_extra_rfe_table  00000000     <absolute>
 0000:00000000       ___guard_longjmp_table     00000000     <absolute>
 0000:00000000       ___hybrid_code_map         00000000     <absolute>
 0000:00000000       ___arm64x_extra_rfe_table_size 00000000     <absolute>
 0000:00000000       ___guard_longjmp_count     00000000     <absolute>
 0000:00000000       ___guard_eh_cont_count     00000000     <absolute>
 0000:00000000       ___guard_iat_count         00000000     <absolute>
 0000:00000000       ___guard_check_icall_a64n_fptr 00000000     <absolute>
 0000:00000000       ___arm64x_redirection_metadata_count 00000000     <absolute>
 0000:00000000       ___arm64x_native_entrypoint 00000000     <absolute>
 0000:00000000       ___hybrid_auxiliary_iat    00000000     <absolute>
 0000:00000000       ___dynamic_value_reloc_table 00000000     <absolute>
 0000:00000000       ___guard_eh_cont_table     00000000     <absolute>
 0000:00000000       ___guard_fids_count        00000000     <absolute>
 0000:00000000       ___AbsoluteZero            00000000     <absolute>
 0000:00000000       ___enclave_config          00000000     <absolute>
 0000:00000000       ___guard_fids_table        00000000     <absolute>
 0000:00000000       ___hybrid_auxiliary_iat_copy 00000000     <absolute>
 0000:00000006       ___safe_se_handler_count   00000006     <absolute>
 0000:00000100       ___guard_flags             00000100     <absolute>
 0000:00000000       ___ImageBase               10000000     <linker-defined>
 0001:00004320       ??_GCollection@Cm@physx@@UAEPAXI@Z 10005320 f i CmCollection.obj
 0001:00004320       ??_ECollection@Cm@physx@@UAEPAXI@Z 10005320 f i CmCollection.obj
 0001:00004390       ??_EPxCollection@physx@@MAEPAXI@Z 10005390 f i CmCollection.obj
 0001:00004390       ??_GPxCollection@physx@@MAEPAXI@Z 10005390 f i CmCollection.obj
 0001:000043c0       ?PxCreateCollection@@YAPAVPxCollection@physx@@XZ 100053c0 f   CmCollection.obj
 0001:000044c0       ?add@Collection@Cm@physx@@UAEXAAVPxBase@3@_K@Z 100054c0 f   CmCollection.obj
 0001:000045a0       ?add@Collection@Cm@physx@@UAEXAAVPxCollection@3@@Z 100055a0 f   CmCollection.obj
 0001:00004700       ?addId@Collection@Cm@physx@@UAEXAAVPxBase@3@_K@Z 10005700 f   CmCollection.obj
 0001:00004790       ?contains@Collection@Cm@physx@@UBE_NAAVPxBase@3@@Z 10005790 f   CmCollection.obj
 0001:000047b0       ?create@?$HashBase@V?$Pair@$$CB_KPAVPxBase@physx@@@shdfnd@physx@@_KU?$Hash@_K@23@UGetKey@?$HashMapBase@_KPAVPxBase@physx@@U?$Hash@_K@shdfnd@2@VNonTrackingAllocator@42@@internal@23@VNonTrackingAllocator@23@$00@internal@shdfnd@physx@@QAEPAV?$Pair@$$CB_KPAVPxBase@physx@@@34@AB_KAA_N@Z 100057b0 f i CmCollection.obj
 0001:00004890       ?create@?$HashBase@V?$Pair@QAVPxBase@physx@@_K@shdfnd@physx@@PAVPxBase@3@U?$Hash@PAVPxBase@physx@@@23@UGetKey@?$HashMapBase@PAVPxBase@physx@@_KU?$Hash@PAVPxBase@physx@@@shdfnd@2@VNonTrackingAllocator@42@@internal@23@VNonTrackingAllocator@23@$00@internal@shdfnd@physx@@QAEPAV?$Pair@QAVPxBase@physx@@_K@34@ABQAVPxBase@4@AA_N@Z 10005890 f i CmCollection.obj
 0001:000049b0       ?erase@?$HashBase@V?$Pair@QAVPxBase@physx@@_K@shdfnd@physx@@PAVPxBase@3@U?$Hash@PAVPxBase@physx@@@23@UGetKey@?$HashMapBase@PAVPxBase@physx@@_KU?$Hash@PAVPxBase@physx@@@shdfnd@2@VNonTrackingAllocator@42@@internal@23@VNonTrackingAllocator@23@$00@internal@shdfnd@physx@@QAE_NABQAVPxBase@4@@Z 100059b0 f i CmCollection.obj
 0001:00004ac0       ?erase@?$HashMapBase@_KPAVPxBase@physx@@U?$Hash@_K@shdfnd@2@VNonTrackingAllocator@42@@internal@shdfnd@physx@@QAE_NAB_K@Z 10005ac0 f i CmCollection.obj
 0001:00004ba0       ?find@?$HashMapBase@PAVPxBase@physx@@_KU?$Hash@PAVPxBase@physx@@@shdfnd@2@VNonTrackingAllocator@42@@internal@shdfnd@physx@@QBEPBV?$Pair@QAVPxBase@physx@@_K@34@ABQAVPxBase@4@@Z 10005ba0 f i CmCollection.obj
 0001:00004c20       ?find@?$HashMapBase@_KPAVPxBase@physx@@U?$Hash@_K@shdfnd@2@VNonTrackingAllocator@42@@internal@shdfnd@physx@@QBEPBV?$Pair@$$CB_KPAVPxBase@physx@@@34@AB_K@Z 10005c20 f i CmCollection.obj
 0001:00004c80       ?find@Collection@Cm@physx@@UBEPAVPxBase@3@_K@Z 10005c80 f   CmCollection.obj
 0001:00004ca0       ?getId@Collection@Cm@physx@@UBE_KABVPxBase@3@@Z 10005ca0 f   CmCollection.obj
 0001:00004ce0       ?getIds@Collection@Cm@physx@@UBEIPA_KII@Z 10005ce0 f   CmCollection.obj
 0001:00004d90       ?getNbIds@Collection@Cm@physx@@UBEIXZ 10005d90 f   CmCollection.obj
 0001:00004d90       ?getNbRows@HeightField@Gu@physx@@UBEIXZ 10005d90 f   GuBounds.obj
 0001:00004da0       ?getNbObjects@Collection@Cm@physx@@UBEIXZ 10005da0 f   CmCollection.obj
 0001:00004db0       ?getObject@Collection@Cm@physx@@UBEAAVPxBase@3@I@Z 10005db0 f   CmCollection.obj
 0001:00004dc0       ?getObjects@Collection@Cm@physx@@UBEIPAPAVPxBase@3@II@Z 10005dc0 f   CmCollection.obj
 0001:00004e00       ?hash@?$HashBase@V?$Pair@$$CB_KPAVPxBase@physx@@@shdfnd@physx@@_KU?$Hash@_K@23@UGetKey@?$HashMapBase@_KPAVPxBase@physx@@U?$Hash@_K@shdfnd@2@VNonTrackingAllocator@42@@internal@23@VNonTrackingAllocator@23@$00@internal@shdfnd@physx@@ABEIAB_KI@Z 10005e00 f i CmCollection.obj
 0001:00004e90       ?release@Collection@Cm@physx@@UAEXXZ 10005e90 f i CmCollection.obj
 0001:00004ea0       ?remove@Collection@Cm@physx@@UAEXAAVPxBase@3@@Z 10005ea0 f   CmCollection.obj
 0001:00004ef0       ?remove@Collection@Cm@physx@@UAEXAAVPxCollection@3@@Z 10005ef0 f   CmCollection.obj
 0001:000050c0       ?removeId@Collection@Cm@physx@@UAEX_K@Z 100060c0 f   CmCollection.obj
 0001:00005120       ?reserveInternal@?$HashBase@V?$Pair@$$CB_KPAVPxBase@physx@@@shdfnd@physx@@_KU?$Hash@_K@23@UGetKey@?$HashMapBase@_KPAVPxBase@physx@@U?$Hash@_K@shdfnd@2@VNonTrackingAllocator@42@@internal@23@VNonTrackingAllocator@23@$00@internal@shdfnd@physx@@AAEXI@Z 10006120 f i CmCollection.obj
 0001:00005350       ?reserveInternal@?$HashBase@V?$Pair@QAVPxBase@physx@@_K@shdfnd@physx@@PAVPxBase@3@U?$Hash@PAVPxBase@physx@@@23@UGetKey@?$HashMapBase@PAVPxBase@physx@@_KU?$Hash@PAVPxBase@physx@@@shdfnd@2@VNonTrackingAllocator@42@@internal@23@VNonTrackingAllocator@23@$00@internal@shdfnd@physx@@AAEXI@Z 10006350 f i CmCollection.obj
 0001:000054f0       ??0PtrTable@Cm@physx@@QAE@W4PxEMPTY@2@@Z 100064f0 f i CmPtrTable.obj
 0001:00005510       ??0PtrTable@Cm@physx@@QAE@XZ 10006510 f   CmPtrTable.obj
 0001:00005520       @_guard_check_icall_nop@4  10006520 f   LIBCMT:guard_support.obj
 0001:00005520       ?profile@Callback@RTree@Gu@physx@@UAEXXZ 10006520 f   GuMidphaseRTree.obj
 0001:00005520       ??1Box@Gu@physx@@QAE@XZ    10006520 f   GuBounds.obj
 0001:00005520       ??1PtrTable@Cm@physx@@QAE@XZ 10006520 f   CmPtrTable.obj
 0001:00005520       ??1MaterialIndicesStruct@physx@@QAE@XZ 10006520 f   GuGeometryUnion.obj
 0001:00005520       ??1HeightFieldData@Gu@physx@@QAE@XZ 10006520 f   GuBounds.obj
 0001:00005520       ??1AABBTreeBuildNode@Gu@physx@@QAE@XZ 10006520 f   GuAABBTreeBuild.obj
 0001:00005530       ??4CmModuleUpdateLoader@Cm@physx@@QAEAAV012@ABV012@@Z 10006530 f i CmWindowsModuleUpdateLoader.obj
 0001:00005530       ??4BuildStats@Gu@physx@@QAEAAU012@ABU012@@Z 10006530 f i GuAABBTreeBuild.obj
 0001:00005530       ??4MaterialIndicesStruct@physx@@QAEAAU01@ABU01@@Z 10006530 f i GuGeometryUnion.obj
 0001:00005530       ??4PtrTable@Cm@physx@@QAEAAU012@ABU012@@Z 10006530 f i CmPtrTable.obj
 0001:00005550       ?add@PtrTable@Cm@physx@@QAEXPAXAAVPtrTableStorageManager@23@@Z 10006550 f   CmPtrTable.obj
 0001:00005610       ?clear@PtrTable@Cm@physx@@QAEXAAVPtrTableStorageManager@23@@Z 10006610 f   CmPtrTable.obj
 0001:00005670       ?exportExtraData@PtrTable@Cm@physx@@QAEXAAVPxSerializationContext@3@@Z 10006670 f   CmPtrTable.obj
 0001:000056a0       ?find@PtrTable@Cm@physx@@QBEIPBX@Z 100066a0 f   CmPtrTable.obj
 0001:000056d0       ?getBinaryMetaData@PtrTable@Cm@physx@@SAXAAVPxOutputStream@3@@Z 100066d0 f   CmPtrTable.obj
 0001:000058b0       ?getCount@PtrTable@Cm@physx@@QBEIXZ 100068b0 f i CmPtrTable.obj
 0001:000058c0       ?getPtrs@PtrTable@Cm@physx@@QAEPAPAXXZ 100068c0 f i CmPtrTable.obj
 0001:000058c0       ?getPtrs@PtrTable@Cm@physx@@QBEPBQAXXZ 100068c0 f i CmPtrTable.obj
 0001:000058d0       ?importExtraData@PtrTable@Cm@physx@@QAEXAAVPxDeserializationContext@3@@Z 100068d0 f   CmPtrTable.obj
 0001:00005900       ?realloc@PtrTable@Cm@physx@@AAEXIIAAVPtrTableStorageManager@23@@Z 10006900 f   CmPtrTable.obj
 0001:00005970       ?replaceWithLast@PtrTable@Cm@physx@@QAEXIAAVPtrTableStorageManager@23@@Z 10006970 f   CmPtrTable.obj
 0001:00005a40       ??0RadixSort@Cm@physx@@QAE@XZ 10006a40 f   CmRadixSort.obj
 0001:00005a80       ??1RadixSort@Cm@physx@@UAE@XZ 10006a80 f   CmRadixSort.obj
 0001:00005a90       ??_ERadixSort@Cm@physx@@UAEPAXI@Z 10006a90 f i CmRadixSort.obj
 0001:00005b00       ?getBounds@BVHStructure@Gu@physx@@UBEPBVPxBounds3@3@XZ 10006b00 f i GuBVHStructure.obj
 0001:00005b00       ?GetNbHits@RadixSort@Cm@physx@@QBEIXZ 10006b00 f i CmRadixSort.obj
 0001:00005b00       ?getTriangles@TriangleMesh@Gu@physx@@UBEPBXXZ 10006b00 f i GuTriangleMesh.obj
 0001:00005b10       ?getVertices@TriangleMesh@Gu@physx@@UBEPBVPxVec3@3@XZ 10006b10 f i GuTriangleMesh.obj
 0001:00005b10       ?getPos@AABBTreeBuildNode@Gu@physx@@QBEPBV123@XZ 10006b10 f i GuAABBTreeBuild.obj
 0001:00005b10       ?GetNbTotalCalls@RadixSort@Cm@physx@@QBEIXZ 10006b10 f i CmRadixSort.obj
 0001:00005b20       ?raw_length@DNameStatusNode@@UBEHXZ 10006b20 f i libvcruntime:undname.obj
 0001:00005b20       ?length@pcharNode@@UBEHXZ  10006b20 f i libvcruntime:undname.obj
 0001:00005b20       ?GetNbVerts@BigConvexData@physx@@QBEIXZ 10006b20 f i GuMetaData.obj
 0001:00005b20       ?length@DNameStatusNode@@UBEHXZ 10006b20 f i libvcruntime:undname.obj
 0001:00005b20       ?GetRanks@RadixSort@Cm@physx@@QBEPBIXZ 10006b20 f i CmRadixSort.obj
 0001:00005b20       ?raw_length@pcharNode@@UBEHXZ 10006b20 f i libvcruntime:undname.obj
 0001:00005b30       ?getHeightField@HeightFieldUtil@Gu@physx@@QBEABVHeightField@23@XZ 10006b30 f i GuCCTSweepTests.obj
 0001:00005b30       ?GetRecyclable@RadixSort@Cm@physx@@QBEPAIXZ 10006b30 f i CmRadixSort.obj
 0001:00005b30       ?raw_length@pairNode@@UBEHXZ 10006b30 f i libvcruntime:undname.obj
 0001:00005b30       ?getReferenceCount@ConvexMesh@Gu@physx@@UBEIXZ 10006b30 f i GuConvexMesh.obj
 0001:00005b30       ?getReferenceCount@HeightField@Gu@physx@@UBEIXZ 10006b30 f i GuHeightField.obj
 0001:00005b30       ?getReferenceCount@TriangleMesh@Gu@physx@@UBEIXZ 10006b30 f i GuTriangleMesh.obj
 0001:00005b40       ?SetBuffers@RadixSort@Cm@physx@@QAE_NPAI00PAPAI@Z 10006b40 f   CmRadixSort.obj
 0001:00005b90       ?Sort@RadixSort@Cm@physx@@QAEAAV123@PBIIW4RadixHint@23@@Z 10006b90 f   CmRadixSort.obj
 0001:00006170       ?Sort@RadixSort@Cm@physx@@QAEAAV123@PBMI@Z 10007170 f   CmRadixSort.obj
 0001:00006850       ?invalidateRanks@RadixSort@Cm@physx@@QAEXXZ 10007850 f i CmRadixSort.obj
 0001:00006860       ??0RadixSortBuffered@Cm@physx@@QAE@XZ 10007860 f   CmRadixSortBuffered.obj
 0001:00006880       ??1RadixSortBuffered@Cm@physx@@UAE@XZ 10007880 f   CmRadixSortBuffered.obj
 0001:000068e0       ??_ERadixSortBuffered@Cm@physx@@UAEPAXI@Z 100078e0 f i CmRadixSortBuffered.obj
 0001:000069b0       ?CheckResize@RadixSortBuffered@Cm@physx@@AAEXI@Z 100079b0 f i CmRadixSortBuffered.obj
 0001:000069e0       ?Resize@RadixSortBuffered@Cm@physx@@AAE_NI@Z 100079e0 f   CmRadixSortBuffered.obj
 0001:00006a80       ?Sort@RadixSortBuffered@Cm@physx@@QAEAAV123@PBIIW4RadixHint@23@@Z 10007a80 f   CmRadixSortBuffered.obj
 0001:00006b00       ?Sort@RadixSortBuffered@Cm@physx@@QAEAAV123@PBMI@Z 10007b00 f   CmRadixSortBuffered.obj
 0001:00006b70       ?reset@RadixSortBuffered@Cm@physx@@QAEXXZ 10007b70 f   CmRadixSortBuffered.obj
 0001:00006bc0       ??0DebugText@Cm@physx@@QAA@ABVPxVec3@2@MPBDZZ 10007bc0 f   CmRenderOutput.obj
 0001:00006c20       ??0DebugText@Cm@physx@@QAE@ABU012@@Z 10007c20 f i CmRenderOutput.obj
 0001:00006c20       ??0DebugText@Cm@physx@@QAE@$$QAU012@@Z 10007c20 f i CmRenderOutput.obj
 0001:00006c70       ??0PxDebugLine@physx@@QAE@ABVPxVec3@1@0ABI@Z 10007c70 f i CmRenderOutput.obj
 0001:00006cb0       ??0PxDebugTriangle@physx@@QAE@ABVPxVec3@1@00ABI@Z 10007cb0 f i CmRenderOutput.obj
 0001:00006d10       ??4PxMat44@physx@@QAEAAV01@ABV01@@Z 10007d10 f i CmRenderOutput.obj
 0001:00006d10       ??0PxMat44@physx@@QAE@ABV01@@Z 10007d10 f i CmRenderOutput.obj
 0001:00006d80       ??0RenderOutput@Cm@physx@@QAE@AAVRenderBuffer@12@@Z 10007d80 f i CmRenderOutput.obj
 0001:00006e40       ??0RenderOutput@Cm@physx@@QAE@ABV012@@Z 10007e40 f i CmRenderOutput.obj
 0001:00006ea0       ??4DebugText@Cm@physx@@QAEAAU012@ABU012@@Z 10007ea0 f i CmRenderOutput.obj
 0001:00006ea0       ??4DebugText@Cm@physx@@QAEAAU012@$$QAU012@@Z 10007ea0 f i CmRenderOutput.obj
 0001:00006f30       ??6Cm@physx@@YAAAVRenderOutput@01@AAV201@ABUDebugArc@01@@Z 10007f30 f   CmRenderOutput.obj
 0001:00007020       ??6Cm@physx@@YAAAVRenderOutput@01@AAV201@ABUDebugArrow@01@@Z 10008020 f   CmRenderOutput.obj
 0001:00007400       ??6Cm@physx@@YAAAVRenderOutput@01@AAV201@ABUDebugBasis@01@@Z 10008400 f   CmRenderOutput.obj
 0001:00007510       ??6Cm@physx@@YAAAVRenderOutput@01@AAV201@ABUDebugBox@01@@Z 10008510 f   CmRenderOutput.obj
 0001:00007a10       ??6Cm@physx@@YAAAVRenderOutput@01@AAV201@ABUDebugCircle@01@@Z 10008a10 f   CmRenderOutput.obj
 0001:00007ae0       ??6RenderOutput@Cm@physx@@QAEAAV012@ABUDebugText@12@@Z 10008ae0 f   CmRenderOutput.obj
 0001:00007cc0       ??6RenderOutput@Cm@physx@@QAEAAV012@ABVPxMat44@2@@Z 10008cc0 f   CmRenderOutput.obj
 0001:00007ce0       ??6RenderOutput@Cm@physx@@QAEAAV012@ABVPxTransform@2@@Z 10008ce0 f   CmRenderOutput.obj
 0001:00007e80       ??6RenderOutput@Cm@physx@@QAEAAV012@I@Z 10008e80 f   CmRenderOutput.obj
 0001:00007e90       ??6RenderOutput@Cm@physx@@QAEAAV012@VPxVec3@2@@Z 10008e90 f   CmRenderOutput.obj
 0001:00008270       ??6RenderOutput@Cm@physx@@QAEAAV012@W4Primitive@012@@Z 10009270 f   CmRenderOutput.obj
 0001:00008290       ?allocate@?$Array@DV?$ReflectionAllocator@D@shdfnd@physx@@@shdfnd@physx@@IAEPADI@Z 10009290 f i CmRenderOutput.obj
 0001:000082f0       ?allocate@?$Array@UPxDebugLine@physx@@V?$ReflectionAllocator@UPxDebugLine@physx@@@shdfnd@2@@shdfnd@physx@@IAEPAUPxDebugLine@3@I@Z 100092f0 f i CmRenderOutput.obj
 0001:00008360       ?allocate@?$Array@UPxDebugPoint@physx@@V?$ReflectionAllocator@UPxDebugPoint@physx@@@shdfnd@2@@shdfnd@physx@@IAEPAUPxDebugPoint@3@I@Z 10009360 f i CmRenderOutput.obj
 0001:000083d0       ?allocate@?$Array@UPxDebugText@physx@@V?$ReflectionAllocator@UPxDebugText@physx@@@shdfnd@2@@shdfnd@physx@@IAEPAUPxDebugText@3@I@Z 100093d0 f i CmRenderOutput.obj
 0001:00008440       ?allocate@?$Array@UPxDebugTriangle@physx@@V?$ReflectionAllocator@UPxDebugTriangle@physx@@@shdfnd@2@@shdfnd@physx@@IAEPAUPxDebugTriangle@3@I@Z 10009440 f i CmRenderOutput.obj
 0001:000084b0       ?copy@?$Array@UPxDebugLine@physx@@V?$ReflectionAllocator@UPxDebugLine@physx@@@shdfnd@2@@shdfnd@physx@@KAXPAUPxDebugLine@3@0PBU43@@Z 100094b0 f i CmRenderOutput.obj
 0001:00008520       ?copy@?$Array@UPxDebugPoint@physx@@V?$ReflectionAllocator@UPxDebugPoint@physx@@@shdfnd@2@@shdfnd@physx@@KAXPAUPxDebugPoint@3@0PBU43@@Z 10009520 f i CmRenderOutput.obj
 0001:00008570       ?copy@?$Array@UPxDebugText@physx@@V?$ReflectionAllocator@UPxDebugText@physx@@@shdfnd@2@@shdfnd@physx@@KAXPAUPxDebugText@3@0PBU43@@Z 10009570 f i CmRenderOutput.obj
 0001:000085d0       ?copy@?$Array@UPxDebugTriangle@physx@@V?$ReflectionAllocator@UPxDebugTriangle@physx@@@shdfnd@2@@shdfnd@physx@@KAXPAUPxDebugTriangle@3@0PBU43@@Z 100095d0 f i CmRenderOutput.obj
 0001:00008650       ?growAndPushBack@?$Array@DV?$ReflectionAllocator@D@shdfnd@physx@@@shdfnd@physx@@IAEAADABD@Z 10009650 f i CmRenderOutput.obj
 0001:000086d0       ?growAndPushBack@?$Array@UPxDebugLine@physx@@V?$ReflectionAllocator@UPxDebugLine@physx@@@shdfnd@2@@shdfnd@physx@@IAEAAUPxDebugLine@3@ABU43@@Z 100096d0 f i CmRenderOutput.obj
 0001:00008780       ?growAndPushBack@?$Array@UPxDebugPoint@physx@@V?$ReflectionAllocator@UPxDebugPoint@physx@@@shdfnd@2@@shdfnd@physx@@IAEAAUPxDebugPoint@3@ABU43@@Z 10009780 f i CmRenderOutput.obj
 0001:00008810       ?growAndPushBack@?$Array@UPxDebugText@physx@@V?$ReflectionAllocator@UPxDebugText@physx@@@shdfnd@2@@shdfnd@physx@@IAEAAUPxDebugText@3@ABU43@@Z 10009810 f i CmRenderOutput.obj
 0001:000088b0       ?growAndPushBack@?$Array@UPxDebugTriangle@physx@@V?$ReflectionAllocator@UPxDebugTriangle@physx@@@shdfnd@2@@shdfnd@physx@@IAEAAUPxDebugTriangle@3@ABU43@@Z 100098b0 f i CmRenderOutput.obj
 0001:00008980       ?outputCapsule@RenderOutput@Cm@physx@@QAEAAV123@MMABVPxMat44@3@@Z 10009980 f   CmRenderOutput.obj
 0001:00009480       ?outputSegment@RenderOutput@Cm@physx@@QAEXABVPxVec3@3@0@Z 1000a480 f i CmRenderOutput.obj
 0001:00009510       ?recreate@?$Array@DV?$ReflectionAllocator@D@shdfnd@physx@@@shdfnd@physx@@IAEXI@Z 1000a510 f i CmRenderOutput.obj
 0001:00009570       ?recreate@?$Array@UPxDebugLine@physx@@V?$ReflectionAllocator@UPxDebugLine@physx@@@shdfnd@2@@shdfnd@physx@@IAEXI@Z 1000a570 f i CmRenderOutput.obj
 0001:000095d0       ?reserveSegments@RenderOutput@Cm@physx@@QAEPAUPxDebugLine@3@I@Z 1000a5d0 f i CmRenderOutput.obj
 0001:00009630       ?visualizeAngularLimit@Cm@physx@@YAXAAVRenderOutput@12@MABVPxTransform@2@MM_N@Z 1000a630 f   CmVisualization.obj
 0001:000097c0       ?visualizeDoubleCone@Cm@physx@@YAXAAVRenderOutput@12@MABVPxTransform@2@M_N@Z 1000a7c0 f   CmVisualization.obj
 0001:000099f0       ?visualizeJointFrames@Cm@physx@@YAXAAVRenderOutput@12@MABVPxTransform@2@1@Z 1000a9f0 f   CmVisualization.obj
 0001:00009ab0       ?visualizeLimitCone@Cm@physx@@YAXAAVRenderOutput@12@MABVPxTransform@2@MM_N@Z 1000aab0 f   CmVisualization.obj
 0001:00009cc0       ?visualizeLinearLimit@Cm@physx@@YAXAAVRenderOutput@12@MABVPxTransform@2@1M_N@Z 1000acc0 f   CmVisualization.obj
 0001:00009ef0       ??0CmModuleUpdateLoader@Cm@physx@@QAE@PBD@Z 1000aef0 f   CmWindowsModuleUpdateLoader.obj
 0001:00009f20       ??1CmModuleUpdateLoader@Cm@physx@@QAE@XZ 1000af20 f   CmWindowsModuleUpdateLoader.obj
 0001:00009f40       ?LoadModule@CmModuleUpdateLoader@Cm@physx@@QAEPAUHINSTANCE__@@PBD0@Z 1000af40 f   CmWindowsModuleUpdateLoader.obj
 0001:00009f70       ?commonDelayHook@@YGP6GHXZIPAUDelayLoadInfo@@@Z 1000af70 f   CmWindowsDelayLoadHook.obj
 0001:0000a010       _PxSetPhysXCommonDelayLoadHook 1000b010 f   CmWindowsDelayLoadHook.obj
 0001:0000a020       ??4Box@Gu@physx@@QAEABV012@ABV012@@Z 1000b020 f i GuBounds.obj
 0001:0000a020       ??0Box@Gu@physx@@QAE@ABV012@@Z 1000b020 f i GuBounds.obj
 0001:0000a090       ??0Box@Gu@physx@@QAE@ABVPxVec3@2@0ABVPxMat33@2@@Z 1000b090 f i GuBounds.obj
 0001:0000a100       ?getPaddedBounds@HeightFieldData@Gu@physx@@QBEABVCenterExtentsPadded@23@XZ 1000b100 f i GuBounds.obj
 0001:0000a100       ??0AABBTreeBuildNode@Gu@physx@@QAE@XZ 1000b100 f i GuAABBTreeBuild.obj
 0001:0000a100       ??0Box@Gu@physx@@QAE@XZ    1000b100 f i GuBounds.obj
 0001:0000a100       ?getAABB@AABBTreeBuildNode@Gu@physx@@QBEABVPxBounds3@3@XZ 1000b100 f i GuAABBTreeBuild.obj
 0001:0000a100       ?getGeometry@GeometryUnion@Gu@physx@@QBEABVPxGeometry@3@XZ 1000b100 f i GuGeometryUnion.obj
 0001:0000a110       ??4HeightFieldData@Gu@physx@@QAEAAU012@$$QAU012@@Z 1000b110 f i GuBounds.obj
 0001:0000a110       ??0HeightFieldData@Gu@physx@@QAE@ABU012@@Z 1000b110 f i GuBounds.obj
 0001:0000a110       ??0HeightFieldData@Gu@physx@@QAE@$$QAU012@@Z 1000b110 f i GuBounds.obj
 0001:0000a110       ??4HeightFieldData@Gu@physx@@QAEAAU012@ABU012@@Z 1000b110 f i GuBounds.obj
 0001:0000a180       ??0BigConvexData@physx@@QAE@W4PxEMPTY@1@@Z 1000b180 f i GuMetaData.obj
 0001:0000a180       ??0MaterialIndicesStruct@physx@@QAE@W4PxEMPTY@1@@Z 1000b180 f i GuGeometryUnion.obj
 0001:0000a180       ??0HeightFieldData@Gu@physx@@QAE@W4PxEMPTY@2@@Z 1000b180 f i GuBounds.obj
 0001:0000a180       ??0GeometryUnion@Gu@physx@@QAE@W4PxEMPTY@2@@Z 1000b180 f i GuGeometryUnion.obj
 0001:0000a190       ??0HeightFieldData@Gu@physx@@QAE@XZ 1000b190 f i GuBounds.obj
 0001:0000a1a0       ??0PxQuat@physx@@QAE@ABVPxMat33@1@@Z 1000b1a0 f i GuBounds.obj
 0001:0000a360       ??0ShapeData@Gu@physx@@QAE@ABVPxGeometry@2@ABVPxTransform@2@M@Z 1000b360 f   GuBounds.obj
 0001:0000a890       ??1PxHeightField@physx@@MAE@XZ 1000b890 f i GuBounds.obj
 0001:0000a890       ??1PxConvexMesh@physx@@MAE@XZ 1000b890 f i GuBounds.obj
 0001:0000a8a0       ??_EPxBase@physx@@MAEPAXI@Z 1000b8a0 f i GuBounds.obj
 0001:0000a8a0       ??_EPxBVHStructure@physx@@MAEPAXI@Z 1000b8a0 f i GuBVHStructure.obj
 0001:0000a8a0       ??_EPxTriangleMesh@physx@@MAEPAXI@Z 1000b8a0 f i GuTriangleMesh.obj
 0001:0000a8a0       ??_GPxBVHStructure@physx@@MAEPAXI@Z 1000b8a0 f i GuBVHStructure.obj
 0001:0000a8a0       ??_GPxTriangleMesh@physx@@MAEPAXI@Z 1000b8a0 f i GuTriangleMesh.obj
 0001:0000a8a0       ??_GPxBase@physx@@MAEPAXI@Z 1000b8a0 f i GuBounds.obj
 0001:0000a8d0       ??_H@YGXPAXIIP6EPAX0@Z@Z   1000b8d0 f i GuBounds.obj
 0001:0000a900       ?computeAABBExtent@Box@Gu@physx@@QBE?AVPxVec3@3@XZ 1000b900 f i GuBounds.obj
 0001:0000a9b0       ?computeBounds@Gu@physx@@YAXAAVPxBounds3@2@ABVPxGeometry@2@ABVPxTransform@2@MPIBVCenterExtentsPadded@12@M@Z 1000b9b0 f   GuBounds.obj
 0001:0000b3b0       ?computeBoundsWithCCDThreshold@Gu@physx@@YAMAAVVec3p@12@0ABVPxGeometry@2@ABVPxTransform@2@PIBVCenterExtentsPadded@12@@Z 1000c3b0 f   GuBounds.obj
 0001:0000b540       ?computeBoxPoints@Box@Gu@physx@@QBEXPIAVPxVec3@3@@Z 1000c540 f i GuBounds.obj
 0001:0000c4d0       ?getConcreteTypeName@PxConvexMesh@physx@@UBEPBDXZ 1000d4d0 f i GuBounds.obj
 0001:0000c4e0       ?getConcreteTypeName@PxHeightField@physx@@UBEPBDXZ 1000d4e0 f i GuBounds.obj
 0001:0000c4f0       ?getConvexEdgeThreshold@HeightField@Gu@physx@@UBEMXZ 1000d4f0 f i GuBounds.obj
 0001:0000c500       ?getFlags@HeightField@Gu@physx@@UBE?AV?$PxFlags@W4Enum@PxHeightFieldFlag@physx@@G@3@XZ 1000d500 f i GuBounds.obj
 0001:0000c510       ?getFormat@HeightField@Gu@physx@@UBE?AW4Enum@PxHeightFieldFormat@3@XZ 1000d510 f i GuBounds.obj
 0001:0000c510       ?getTrianglesRemap@TriangleMesh@Gu@physx@@UBEPBIXZ 1000d510 f i GuTriangleMesh.obj
 0001:0000c520       ?getHeight@HeightField@Gu@physx@@UBEMMM@Z 1000d520 f i GuBounds.obj
 0001:0000c580       ?getHeightInternal2@HeightField@Gu@physx@@QBEMIMM@Z 1000d580 f i GuBounds.obj
 0001:0000c6d0       ?getIndexBuffer@ConvexMesh@Gu@physx@@UBEPBEXZ 1000d6d0 f i GuBounds.obj
 0001:0000c710       ?getNbColumns@HeightField@Gu@physx@@UBEIXZ 1000d710 f i GuBounds.obj
 0001:0000c720       ?getNbPolygons@ConvexMesh@Gu@physx@@UBEIXZ 1000d720 f i GuBounds.obj
 0001:0000c730       ?getNbVertices@ConvexMesh@Gu@physx@@UBEIXZ 1000d730 f i GuBounds.obj
 0001:0000c740       ?getSample@HeightField@Gu@physx@@UBEABUPxHeightFieldSample@3@II@Z 1000d740 f i GuBounds.obj
 0001:0000c760       ?getSampleStride@HeightField@Gu@physx@@UBEIXZ 1000d760 f i GuBounds.obj
 0001:0000c770       ?getTimestamp@HeightField@Gu@physx@@UBEIXZ 1000d770 f i GuBounds.obj
 0001:0000c780       ?getTransform@Box@Gu@physx@@QBE?AVPxTransform@3@XZ 1000d780 f i GuBounds.obj
 0001:0000c7d0       ?getTriangleMaterialIndex@HeightField@Gu@physx@@UBEGI@Z 1000d7d0 f i GuBounds.obj
 0001:0000c800       ?getTriangleNormal@HeightField@Gu@physx@@UBE?AVPxVec3@3@I@Z 1000d800 f i GuBounds.obj
 0001:0000c8f0       ?getVertices@ConvexMesh@Gu@physx@@UBEPBVPxVec3@3@XZ 1000d8f0 f i GuBounds.obj
 0001:0000c900       ?isKindOf@PxBase@physx@@MBE_NPBD@Z 1000d900 f i GuBounds.obj
 0001:0000c950       ?isKindOf@PxConvexMesh@physx@@MBE_NPBD@Z 1000d950 f i GuBounds.obj
 0001:0000c9d0       ?isKindOf@PxHeightField@physx@@MBE_NPBD@Z 1000d9d0 f i GuBounds.obj
 0001:0000ca50       ?isReleasable@PxBase@physx@@UBE_NXZ 1000da50 f i GuBounds.obj
 0001:0000ca60       ?isValid@Box@Gu@physx@@QBE_NXZ 1000da60 f i GuBounds.obj
 0001:0000ca80       ?preExportDataReset@ConvexMesh@Gu@physx@@QAEXXZ 1000da80 f i GuBounds.obj
 0001:0000ca80       ?preExportDataReset@HeightField@Gu@physx@@QAEXXZ 1000da80 f i GuBounds.obj
 0001:0000ca90       ?rotate@Box@Gu@physx@@QBE?AVPxVec3@3@ABV43@@Z 1000da90 f i GuBounds.obj
 0001:0000cb10       ?rotateInv@Box@Gu@physx@@QBE?AVPxVec3@3@ABV43@@Z 1000db10 f i GuBounds.obj
 0001:0000cb90       ?setAxes@Box@Gu@physx@@QAEXABVPxVec3@3@00@Z 1000db90 f i GuBounds.obj
 0001:0000cbe0       ?setEmpty@Box@Gu@physx@@QAEXXZ 1000dbe0 f i GuBounds.obj
 0001:0000cc50       ?transform@Box@Gu@physx@@QBE?AVPxVec3@3@ABV43@@Z 1000dc50 f i GuBounds.obj
 0001:0000cce0       ?computeOBBPoints@Gu@physx@@YAXPIAVPxVec3@2@ABV32@1111@Z 1000dce0 f   GuBox.obj
 0001:0000cf40       ?create@Box@Gu@physx@@QAEXABVCapsule@23@@Z 1000df40 f   GuBox.obj
 0001:0000d180       ?getBoxEdges@Gu@physx@@YAPBEXZ 1000e180 f   GuBox.obj
 0001:0000d190       ?computeBasis@shdfnd@physx@@YAXABVPxVec3@2@0AAV32@11@Z 1000e190 f i GuCapsule.obj
 0001:0000d320       ?computeBoxAroundCapsule@Gu@physx@@YAXABVCapsule@12@AAVBox@12@@Z 1000e320 f   GuCapsule.obj
 0001:0000d4a0       ??0HeightFieldUtil@Gu@physx@@QAE@ABVPxHeightFieldGeometry@2@@Z 1000e4a0 f i GuCCTSweepTests.obj
 0001:0000d4a0       ??0HeightFieldTraceUtil@Gu@physx@@QAE@ABVPxHeightFieldGeometry@2@@Z 1000e4a0 f i GuCCTSweepTests.obj
 0001:0000d4e0       ??4HeightFieldUtil@Gu@physx@@QAEAAV012@ABV012@@Z 1000e4e0 f i GuCCTSweepTests.obj
 0001:0000d4e0       ??4HeightFieldTraceUtil@Gu@physx@@QAEAAV012@ABV012@@Z 1000e4e0 f i GuCCTSweepTests.obj
 0001:0000d4e0       ??4HeightFieldTraceUtil@Gu@physx@@QAEAAV012@$$QAV012@@Z 1000e4e0 f i GuCCTSweepTests.obj
 0001:0000d500       ??4HeightFieldUtil@Gu@physx@@QAEAAV012@$$QAV012@@Z 1000e500 f i GuCCTSweepTests.obj
 0001:0000d530       ??_E?$EntityReport@I@Gu@physx@@UAEPAXI@Z 1000e530 f i GuCCTSweepTests.obj
 0001:0000d530       ??_G?$EntityReport@I@Gu@physx@@UAEPAXI@Z 1000e530 f i GuCCTSweepTests.obj
 0001:0000d590       ?ceilUp@HeightFieldTraceUtil@Gu@physx@@SAMM@Z 1000e590 f i GuCCTSweepTests.obj
 0001:0000d5d0       ?computePointNormal@HeightFieldUtil@Gu@physx@@QBE?AVPxVec3@3@IABV43@ABVPxTransform@3@MMMMAAM@Z 1000e5d0 f i GuCCTSweepTests.obj
 0001:0000d9e0       ?floorDown@HeightFieldTraceUtil@Gu@physx@@SAMM@Z 1000e9e0 f i GuCCTSweepTests.obj
 0001:0000da50       ?getFeatureIndex@HeightFieldUtil@Gu@physx@@SAII@Z 1000ea50 f i GuCCTSweepTests.obj
 0001:0000da60       ?getFeatureType@HeightFieldUtil@Gu@physx@@SA?AW4Feature@123@I@Z 1000ea60 f i GuCCTSweepTests.obj
 0001:0000da70       ?getHeightAtShapePoint@HeightFieldUtil@Gu@physx@@QBEMMM@Z 1000ea70 f i GuCCTSweepTests.obj
 0001:0000dae0       ?GetValencies@BigConvexData@physx@@QBEPBUValency@Gu@2@XZ 1000eae0 f i GuMetaData.obj
 0001:0000dae0       ?getNbVertices@TriangleMesh@Gu@physx@@UBEIXZ 1000eae0 f i GuTriangleMesh.obj
 0001:0000dae0       ?getHeightFieldGeometry@HeightFieldUtil@Gu@physx@@QBEABVPxHeightFieldGeometry@3@XZ 1000eae0 f i GuCCTSweepTests.obj
 0001:0000daf0       ?getNormalAtShapePoint@HeightFieldUtil@Gu@physx@@QBE?AVPxVec3@3@MM@Z 1000eaf0 f i GuCCTSweepTests.obj
 0001:0000dba0       ?getNormal_2@HeightField@Gu@physx@@QBE?AVPxVec3@3@IMMMMM@Z 1000eba0 f i GuCCTSweepTests.obj
 0001:0000dca0       ?getOneOverColumnScale@HeightFieldUtil@Gu@physx@@QBEMXZ 1000eca0 f i GuCCTSweepTests.obj
 0001:0000dcb0       ?getOneOverHeightScale@HeightFieldUtil@Gu@physx@@QBEMXZ 1000ecb0 f i GuCCTSweepTests.obj
 0001:0000dcc0       ?getOneOverRowScale@HeightFieldUtil@Gu@physx@@QBEMXZ 1000ecc0 f i GuCCTSweepTests.obj
 0001:0000dcd0       ?getVertexNormal@HeightFieldUtil@Gu@physx@@QBE?AVPxVec3@3@I@Z 1000ecd0 f i GuCCTSweepTests.obj
 0001:0000dd00       ?hf2shapen@HeightFieldUtil@Gu@physx@@QBE?AVPxVec3@3@ABV43@@Z 1000ed00 f i GuCCTSweepTests.obj
 0001:0000dd00       ?shape2hfp@HeightFieldUtil@Gu@physx@@QBE?AVPxVec3@3@ABV43@@Z 1000ed00 f i GuCCTSweepTests.obj
 0001:0000dd40       ?hf2shapep@HeightFieldUtil@Gu@physx@@QBE?AVPxVec3@3@ABV43@@Z 1000ed40 f i GuCCTSweepTests.obj
 0001:0000dd80       ?hf2worldn@HeightFieldUtil@Gu@physx@@QBE?AVPxVec3@3@ABVPxTransform@3@ABV43@@Z 1000ed80 f i GuCCTSweepTests.obj
 0001:0000deb0       ?hf2worldp@HeightFieldUtil@Gu@physx@@QBE?AVPxVec3@3@ABVPxTransform@3@ABV43@@Z 1000eeb0 f i GuCCTSweepTests.obj
 0001:0000dff0       ?isCollisionVertex@HeightFieldUtil@Gu@physx@@QBE_NIII@Z 1000eff0 f i GuCCTSweepTests.obj
 0001:0000e010       ?isQueryVertex@HeightFieldUtil@Gu@physx@@QBE_NIII@Z 1000f010 f i GuCCTSweepTests.obj
 0001:0000e0a0       ?isShapePointOnHeightField@HeightFieldUtil@Gu@physx@@QBE_NMM@Z 1000f0a0 f i GuCCTSweepTests.obj
 0001:0000e100       ?makeFeatureCode@HeightFieldUtil@Gu@physx@@SAIIW4Feature@123@@Z 1000f100 f i GuCCTSweepTests.obj
 0001:0000e260       ?poseExtent@PxBounds3@physx@@SA?AV12@ABVPxTransform@2@ABVPxVec3@2@@Z 1000f260 f i GuCCTSweepTests.obj
 0001:0000e460       ?sweepBoxTriangles_Precise@Gu@physx@@YA_NIPBVPxTriangle@2@_NABVPxBoxGeometry@2@ABVPxTransform@2@ABVPxVec3@2@MAAUPxSweepHit@2@PBIMV?$PxFlags@W4Enum@PxHitFlag@physx@@G@2@@Z 1000f460 f   GuCCTSweepTests.obj
 0001:0000f2f0       ?sweepBox_BoxGeom_Precise@@YA_NABVPxGeometry@physx@@ABVPxTransform@2@ABVPxBoxGeometry@2@1ABVBox@Gu@2@ABVPxVec3@2@MAAUPxSweepHit@2@V?$PxFlags@W4Enum@PxHitFlag@physx@@G@2@M@Z 100102f0 f   GuCCTSweepTests.obj
 0001:0000f4d0       ?sweepBox_CapsuleGeom_Precise@@YA_NABVPxGeometry@physx@@ABVPxTransform@2@ABVPxBoxGeometry@2@1ABVBox@Gu@2@ABVPxVec3@2@MAAUPxSweepHit@2@V?$PxFlags@W4Enum@PxHitFlag@physx@@G@2@M@Z 100104d0 f   GuCCTSweepTests.obj
 0001:0000f890       ?sweepBox_HeightFieldGeom_Precise@@YA_NABVPxGeometry@physx@@ABVPxTransform@2@ABVPxBoxGeometry@2@1ABVBox@Gu@2@ABVPxVec3@2@MAAUPxSweepHit@2@V?$PxFlags@W4Enum@PxHitFlag@physx@@G@2@M@Z 10010890 f   GuCCTSweepTests.obj
 0001:0000faa0       ?sweepBox_SphereGeom_Precise@@YA_NABVPxGeometry@physx@@ABVPxTransform@2@ABVPxBoxGeometry@2@1ABVBox@Gu@2@ABVPxVec3@2@MAAUPxSweepHit@2@V?$PxFlags@W4Enum@PxHitFlag@physx@@G@2@M@Z 10010aa0 f   GuCCTSweepTests.obj
 0001:0000fd30       ?sweepCapsule_BoxGeom_Precise@@YA_NABVPxGeometry@physx@@ABVPxTransform@2@ABVPxCapsuleGeometry@2@1ABVCapsule@Gu@2@ABVPxVec3@2@MAAUPxSweepHit@2@V?$PxFlags@W4Enum@PxHitFlag@physx@@G@2@M@Z 10010d30 f   GuCCTSweepTests.obj
 0001:00010360       ?computePenetration@PxGeometryQuery@physx@@SA_NAAVPxVec3@2@AAMABVPxGeometry@2@ABVPxTransform@2@23@Z 10011360 f   GuGeometryQuery.obj
 0001:00010460       ?getWorldBounds@PxGeometryQuery@physx@@SA?AVPxBounds3@2@ABVPxGeometry@2@ABVPxTransform@2@M@Z 10011460 f   GuGeometryQuery.obj
 0001:000104c0       ?isFinite@PxQuat@physx@@QBE_NXZ 100114c0 f i GuGeometryQuery.obj
 0001:00010550       ?isValid@PxGeometryQuery@physx@@SA_NABVPxGeometry@2@@Z 10011550 f   GuGeometryQuery.obj
 0001:000107b0       ?overlap@PxGeometryQuery@physx@@SA_NABVPxGeometry@2@ABVPxTransform@2@01@Z 100117b0 f   GuGeometryQuery.obj
 0001:00010830       ?pointDistance@PxGeometryQuery@physx@@SAMABVPxVec3@2@ABVPxGeometry@2@ABVPxTransform@2@PAV32@@Z 10011830 f   GuGeometryQuery.obj
 0001:00010f10       ?raycast@PxGeometryQuery@physx@@SAIABVPxVec3@2@0ABVPxGeometry@2@ABVPxTransform@2@MV?$PxFlags@W4Enum@PxHitFlag@physx@@G@2@IPIAUPxRaycastHit@2@@Z 10011f10 f   GuGeometryQuery.obj
 0001:00010f80       ?sweep@PxGeometryQuery@physx@@SA_NABVPxVec3@2@MABVPxGeometry@2@ABVPxTransform@2@12AAUPxSweepHit@2@V?$PxFlags@W4Enum@PxHitFlag@physx@@G@2@M@Z 10011f80 f   GuGeometryQuery.obj
 0001:000113c0       ??0GeometryUnion@Gu@physx@@QAE@ABVPxGeometry@2@@Z 100123c0 f i GuGeometryUnion.obj
 0001:000113e0       ??0GeometryUnion@Gu@physx@@QAE@XZ 100123e0 f i GuGeometryUnion.obj
 0001:000113f0       ??0MaterialIndicesStruct@physx@@QAE@XZ 100123f0 f i GuGeometryUnion.obj
 0001:00011400       ??4GeometryUnion@Gu@physx@@QAEAAV012@$$QAV012@@Z 10012400 f i GuGeometryUnion.obj
 0001:00011400       ??4GeometryUnion@Gu@physx@@QAEAAV012@ABV012@@Z 10012400 f i GuGeometryUnion.obj
 0001:00011430       ?allocate@MaterialIndicesStruct@physx@@QAEXG@Z 10012430 f i GuGeometryUnion.obj
 0001:00011480       ?deallocate@MaterialIndicesStruct@physx@@QAEXXZ 10012480 f i GuGeometryUnion.obj
 0001:000114b0       ?getNumAxes@SeparatingAxes@Gu@physx@@QBEIXZ 100124b0 f i GuMTD.obj
 0001:000114b0       ?getCount@BuildStats@Gu@physx@@QBEIXZ 100124b0 f i GuAABBTreeBuild.obj
 0001:000114b0       ?getType@GeometryUnion@Gu@physx@@QBE?AW4Enum@PxGeometryType@3@XZ 100124b0 f i GuGeometryUnion.obj
 0001:000114c0       ?set@GeometryUnion@Gu@physx@@QAEXABVPxGeometry@3@@Z 100124c0 f   GuGeometryUnion.obj
 0001:00011680       ?computeBoundsAroundVertices@Gu@physx@@YAXAAVPxBounds3@2@IPIBVPxVec3@2@@Z 10012680 f   GuInternal.obj
 0001:00011710       ?computeBoxPoints@Gu@physx@@YAXABVPxBounds3@2@PIAVPxVec3@2@@Z 10012710 f   GuInternal.obj
 0001:000117b0       ?computeSweptBox@Gu@physx@@YAXAAVBox@12@ABVPxVec3@2@1ABVPxMat33@2@1M@Z 100127b0 f   GuInternal.obj
 0001:00011c80       ?getPlane@Gu@physx@@YA?AVPxPlane@2@ABVPxTransform@2@@Z 10012c80 f   GuInternal.obj
 0001:00011d20       ??0GuMeshFactory@physx@@QAE@XZ 10012d20 f   GuMeshFactory.obj
 0001:00011ef0       ??0TriangleMeshData@Gu@physx@@QAE@XZ 10012ef0 f i GuMeshFactory.obj
 0001:00011f90       ??1GuMeshFactory@physx@@MAE@XZ 10012f90 f   GuMeshFactory.obj
 0001:00012030       ??1MeshDataBase@Gu@physx@@UAE@XZ 10013030 f i GuMeshFactory.obj
 0001:000120d0       ??1TriangleMeshData@Gu@physx@@UAE@XZ 100130d0 f i GuMeshFactory.obj
 0001:00012150       ??_EGuMeshFactory@physx@@MAEPAXI@Z 10013150 f i GuMeshFactory.obj
 0001:00012210       ??_EBV4TriangleData@Gu@physx@@UAEPAXI@Z 10013210 f i GuMeshFactory.obj
 0001:00012210       ??_GBV4TriangleData@Gu@physx@@UAEPAXI@Z 10013210 f i GuMeshFactory.obj
 0001:00012270       ??_GMeshDataBase@Gu@physx@@UAEPAXI@Z 10013270 f i GuMeshFactory.obj
 0001:00012270       ??_EMeshDataBase@Gu@physx@@UAEPAXI@Z 10013270 f i GuMeshFactory.obj
 0001:000122b0       ??_ERTreeTriangleData@Gu@physx@@UAEPAXI@Z 100132b0 f i GuMeshFactory.obj
 0001:000122b0       ??_GRTreeTriangleData@Gu@physx@@UAEPAXI@Z 100132b0 f i GuMeshFactory.obj
 0001:00012330       ??_ETriangleMeshData@Gu@physx@@UAEPAXI@Z 10013330 f i GuMeshFactory.obj
 0001:00012330       ??_GTriangleMeshData@Gu@physx@@UAEPAXI@Z 10013330 f i GuMeshFactory.obj
 0001:00012370       ?__global_array_delete@@YAXPAXI@Z 10013370 f i GuMeshFactory.obj
 0001:00012380       ?__global_delete@@YAXPAXI@Z 10013380 f i GuMeshFactory.obj
 0001:00012390       ?addBVHStructure@GuMeshFactory@physx@@QAEXPAVBVHStructure@Gu@2@_N@Z 10013390 f   GuMeshFactory.obj
 0001:000123f0       ?addConvexMesh@GuMeshFactory@physx@@QAEXPAVConvexMesh@Gu@2@_N@Z 100133f0 f   GuMeshFactory.obj
 0001:00012450       ?addFactoryListener@GuMeshFactory@physx@@QAEXAAVGuMeshFactoryListener@2@@Z 10013450 f   GuMeshFactory.obj
 0001:000124b0       ?addHeightField@GuMeshFactory@physx@@QAEXPAVHeightField@Gu@2@_N@Z 100134b0 f   GuMeshFactory.obj
 0001:00012510       ?addTriangleMesh@GuMeshFactory@physx@@QAEXPAVTriangleMesh@Gu@2@_N@Z 10013510 f   GuMeshFactory.obj
 0001:00012570       ?create@?$HashBase@PAVBVHStructure@Gu@physx@@PAV123@U?$Hash@PAVBVHStructure@Gu@physx@@@shdfnd@3@UGetKey@?$HashSetBase@PAVBVHStructure@Gu@physx@@U?$Hash@PAVBVHStructure@Gu@physx@@@shdfnd@3@VNonTrackingAllocator@53@$00@internal@53@VNonTrackingAllocator@53@$00@internal@shdfnd@physx@@QAEPAPAVBVHStructure@Gu@4@ABQAV564@AA_N@Z 10013570 f i GuMeshFactory.obj
 0001:00012570       ?create@?$HashBase@PAVConvexMesh@Gu@physx@@PAV123@U?$Hash@PAVConvexMesh@Gu@physx@@@shdfnd@3@UGetKey@?$HashSetBase@PAVConvexMesh@Gu@physx@@U?$Hash@PAVConvexMesh@Gu@physx@@@shdfnd@3@VNonTrackingAllocator@53@$00@internal@53@VNonTrackingAllocator@53@$00@internal@shdfnd@physx@@QAEPAPAVConvexMesh@Gu@4@ABQAV564@AA_N@Z 10013570 f i GuMeshFactory.obj
 0001:00012570       ?create@?$HashBase@PAVHeightField@Gu@physx@@PAV123@U?$Hash@PAVHeightField@Gu@physx@@@shdfnd@3@UGetKey@?$HashSetBase@PAVHeightField@Gu@physx@@U?$Hash@PAVHeightField@Gu@physx@@@shdfnd@3@VNonTrackingAllocator@53@$00@internal@53@VNonTrackingAllocator@53@$00@internal@shdfnd@physx@@QAEPAPAVHeightField@Gu@4@ABQAV564@AA_N@Z 10013570 f i GuMeshFactory.obj
 0001:00012570       ?create@?$HashBase@PAVTriangleMesh@Gu@physx@@PAV123@U?$Hash@PAVTriangleMesh@Gu@physx@@@shdfnd@3@UGetKey@?$HashSetBase@PAVTriangleMesh@Gu@physx@@U?$Hash@PAVTriangleMesh@Gu@physx@@@shdfnd@3@VNonTrackingAllocator@53@$00@internal@53@VNonTrackingAllocator@53@$00@internal@shdfnd@physx@@QAEPAPAVTriangleMesh@Gu@4@ABQAV564@AA_N@Z 10013570 f i GuMeshFactory.obj
 0001:000126a0       ?createBVHStructure@GuMeshFactory@physx@@IAEPAVPxBVHStructure@2@AAUBVHStructureData@Gu@2@@Z 100136a0 f   GuMeshFactory.obj
 0001:00012760       ?createBVHStructure@GuMeshFactory@physx@@QAEPAVPxBVHStructure@2@AAVPxInputStream@2@@Z 10013760 f   GuMeshFactory.obj
 0001:00012840       ?createBVHStructure@GuMeshFactory@physx@@QAEPAVPxBVHStructure@2@PAX@Z 10013840 f   GuMeshFactory.obj
 0001:00012850       ?createConvexMesh@GuMeshFactory@physx@@IAEPAVPxConvexMesh@2@AAUConvexHullInitData@Gu@2@@Z 10013850 f   GuMeshFactory.obj
 0001:00012910       ?createConvexMesh@GuMeshFactory@physx@@QAEPAVPxConvexMesh@2@AAVPxInputStream@2@@Z 10013910 f   GuMeshFactory.obj
 0001:000129f0       ?createConvexMesh@GuMeshFactory@physx@@QAEPAVPxConvexMesh@2@PAX@Z 100139f0 f   GuMeshFactory.obj
 0001:00012a00       ?createHeightField@GuMeshFactory@physx@@QAEPAVPxHeightField@2@AAVPxInputStream@2@@Z 10013a00 f   GuMeshFactory.obj
 0001:00012ae0       ?createHeightField@GuMeshFactory@physx@@QAEPAVPxHeightField@2@PAX@Z 10013ae0 f   GuMeshFactory.obj
 0001:00012ba0       ?createTriangleMesh@GuMeshFactory@physx@@IAEPAVPxTriangleMesh@2@AAVTriangleMeshData@Gu@2@@Z 10013ba0 f   GuMeshFactory.obj
 0001:00012cd0       ?createTriangleMesh@GuMeshFactory@physx@@QAEPAVPxTriangleMesh@2@AAVPxInputStream@2@@Z 10013cd0 f   GuMeshFactory.obj
 0001:00012d10       ?createTriangleMesh@GuMeshFactory@physx@@QAEPAVPxTriangleMesh@2@PAX@Z 10013d10 f   GuMeshFactory.obj
 0001:00012d20       ?erase@?$HashBase@PAVTriangleMesh@Gu@physx@@PAV123@U?$Hash@PAVTriangleMesh@Gu@physx@@@shdfnd@3@UGetKey@?$HashSetBase@PAVTriangleMesh@Gu@physx@@U?$Hash@PAVTriangleMesh@Gu@physx@@@shdfnd@3@VNonTrackingAllocator@53@$00@internal@53@VNonTrackingAllocator@53@$00@internal@shdfnd@physx@@QAE_NABQAVTriangleMesh@Gu@4@@Z 10013d20 f i GuMeshFactory.obj
 0001:00012d20       ?erase@?$HashBase@PAVHeightField@Gu@physx@@PAV123@U?$Hash@PAVHeightField@Gu@physx@@@shdfnd@3@UGetKey@?$HashSetBase@PAVHeightField@Gu@physx@@U?$Hash@PAVHeightField@Gu@physx@@@shdfnd@3@VNonTrackingAllocator@53@$00@internal@53@VNonTrackingAllocator@53@$00@internal@shdfnd@physx@@QAE_NABQAVHeightField@Gu@4@@Z 10013d20 f i GuMeshFactory.obj
 0001:00012d20       ?erase@?$HashBase@PAVBVHStructure@Gu@physx@@PAV123@U?$Hash@PAVBVHStructure@Gu@physx@@@shdfnd@3@UGetKey@?$HashSetBase@PAVBVHStructure@Gu@physx@@U?$Hash@PAVBVHStructure@Gu@physx@@@shdfnd@3@VNonTrackingAllocator@53@$00@internal@53@VNonTrackingAllocator@53@$00@internal@shdfnd@physx@@QAE_NABQAVBVHStructure@Gu@4@@Z 10013d20 f i GuMeshFactory.obj
 0001:00012d20       ?erase@?$HashBase@PAVConvexMesh@Gu@physx@@PAV123@U?$Hash@PAVConvexMesh@Gu@physx@@@shdfnd@3@UGetKey@?$HashSetBase@PAVConvexMesh@Gu@physx@@U?$Hash@PAVConvexMesh@Gu@physx@@@shdfnd@3@VNonTrackingAllocator@53@$00@internal@53@VNonTrackingAllocator@53@$00@internal@shdfnd@physx@@QAE_NABQAVConvexMesh@Gu@4@@Z 10013d20 f i GuMeshFactory.obj
 0001:00012e20       ?getBVHStructures@GuMeshFactory@physx@@QBEIPAPAVPxBVHStructure@2@II@Z 10013e20 f   GuMeshFactory.obj
 0001:00012e90       ?getConvexMeshes@GuMeshFactory@physx@@QBEIPAPAVPxConvexMesh@2@II@Z 10013e90 f   GuMeshFactory.obj
 0001:00012ef0       ?getHeightFields@GuMeshFactory@physx@@QBEIPAPAVPxHeightField@2@II@Z 10013ef0 f   GuMeshFactory.obj
 0001:00012f50       ?getNbBVHStructures@GuMeshFactory@physx@@QBEIXZ 10013f50 f   GuMeshFactory.obj
 0001:00012f80       ?getNbConvexMeshes@GuMeshFactory@physx@@QBEIXZ 10013f80 f   GuMeshFactory.obj
 0001:00012fa0       ?getNbHeightFields@GuMeshFactory@physx@@QBEIXZ 10013fa0 f   GuMeshFactory.obj
 0001:00012fc0       ?getNbTriangleMeshes@GuMeshFactory@physx@@QBEIXZ 10013fc0 f   GuMeshFactory.obj
 0001:00012fe0       ?getTriangleMeshes@GuMeshFactory@physx@@QBEIPAPAVPxTriangleMesh@2@II@Z 10013fe0 f   GuMeshFactory.obj
 0001:00013040       ?growAndPushBack@?$Array@PAVGuMeshFactoryListener@physx@@V?$ReflectionAllocator@PAVGuMeshFactoryListener@physx@@@shdfnd@2@@shdfnd@physx@@IAEAAPAVGuMeshFactoryListener@3@ABQAV43@@Z 10014040 f i GuMeshFactory.obj
 0001:00013db0       ?notifyFactoryListener@GuMeshFactory@physx@@QAEXPBVPxBase@2@G@Z 10014db0 f   GuMeshFactory.obj
 0001:00013df0       ?release@GuMeshFactory@physx@@QAEXXZ 10014df0 f   GuMeshFactory.obj
 0001:00013e70       ?removeBVHStructure@GuMeshFactory@physx@@QAE_NAAVPxBVHStructure@2@@Z 10014e70 f   GuMeshFactory.obj
 0001:00013eb0       ?removeConvexMesh@GuMeshFactory@physx@@QAE_NAAVPxConvexMesh@2@@Z 10014eb0 f   GuMeshFactory.obj
 0001:00013ef0       ?removeFactoryListener@GuMeshFactory@physx@@QAEXAAVGuMeshFactoryListener@2@@Z 10014ef0 f   GuMeshFactory.obj
 0001:00013f50       ?removeHeightField@GuMeshFactory@physx@@QAE_NAAVPxHeightField@2@@Z 10014f50 f   GuMeshFactory.obj
 0001:00013f90       ?removeTriangleMesh@GuMeshFactory@physx@@QAE_NAAVPxTriangleMesh@2@@Z 10014f90 f   GuMeshFactory.obj
 0001:00013fd0       ?reserveInternal@?$HashBase@PAVHeightField@Gu@physx@@PAV123@U?$Hash@PAVHeightField@Gu@physx@@@shdfnd@3@UGetKey@?$HashSetBase@PAVHeightField@Gu@physx@@U?$Hash@PAVHeightField@Gu@physx@@@shdfnd@3@VNonTrackingAllocator@53@$00@internal@53@VNonTrackingAllocator@53@$00@internal@shdfnd@physx@@AAEXI@Z 10014fd0 f i GuMeshFactory.obj
 0001:00013fd0       ?reserveInternal@?$HashBase@PAVTriangleMesh@Gu@physx@@PAV123@U?$Hash@PAVTriangleMesh@Gu@physx@@@shdfnd@3@UGetKey@?$HashSetBase@PAVTriangleMesh@Gu@physx@@U?$Hash@PAVTriangleMesh@Gu@physx@@@shdfnd@3@VNonTrackingAllocator@53@$00@internal@53@VNonTrackingAllocator@53@$00@internal@shdfnd@physx@@AAEXI@Z 10014fd0 f i GuMeshFactory.obj
 0001:00013fd0       ?reserveInternal@?$HashBase@PAVBVHStructure@Gu@physx@@PAV123@U?$Hash@PAVBVHStructure@Gu@physx@@@shdfnd@3@UGetKey@?$HashSetBase@PAVBVHStructure@Gu@physx@@U?$Hash@PAVBVHStructure@Gu@physx@@@shdfnd@3@VNonTrackingAllocator@53@$00@internal@53@VNonTrackingAllocator@53@$00@internal@shdfnd@physx@@AAEXI@Z 10014fd0 f i GuMeshFactory.obj
 0001:00013fd0       ?reserveInternal@?$HashBase@PAVConvexMesh@Gu@physx@@PAV123@U?$Hash@PAVConvexMesh@Gu@physx@@@shdfnd@3@UGetKey@?$HashSetBase@PAVConvexMesh@Gu@physx@@U?$Hash@PAVConvexMesh@Gu@physx@@@shdfnd@3@VNonTrackingAllocator@53@$00@internal@53@VNonTrackingAllocator@53@$00@internal@shdfnd@physx@@AAEXI@Z 10014fd0 f i GuMeshFactory.obj
 0001:00014170       ??4BigConvexData@physx@@QAEAAV01@ABV01@@Z 10015170 f i GuMetaData.obj
 0001:00014190       ?getNbBounds@BVHStructure@Gu@physx@@UBEIXZ 10015190 f i GuBVHStructure.obj
 0001:00014190       ?getNbTriangles@TriangleMesh@Gu@physx@@UBEIXZ 10015190 f i GuTriangleMesh.obj
 0001:00014190       ?GetAdjacentVerts@BigConvexData@physx@@QBEPBEXZ 10015190 f i GuMetaData.obj
 0001:000141a0       ?GetValency@BigConvexData@physx@@QBEGI@Z 100151a0 f i GuMetaData.obj
 0001:000141a0       ?GetNbNeighbors@BigConvexData@physx@@QBEGI@Z 100151a0 f i GuMetaData.obj
 0001:000141b0       ?GetNbSamples@BigConvexData@physx@@QBEIXZ 100151b0 f i GuMetaData.obj
 0001:000141c0       ?GetNeighbors@BigConvexData@physx@@QBEPBEI@Z 100151c0 f i GuMetaData.obj
 0001:000141e0       ?GetOffset@BigConvexData@physx@@QBEGI@Z 100151e0 f i GuMetaData.obj
 0001:000141f0       ?GetSubdiv@BigConvexData@physx@@QBEIXZ 100151f0 f i GuMetaData.obj
 0001:00014200       ?getBinaryMetaData@BV4Tree@Gu@physx@@SAXAAVPxOutputStream@3@@Z 10015200 f   GuMetaData.obj
 0001:00014650       ?getBinaryMetaData@BV4TriangleMesh@Gu@physx@@SAXAAVPxOutputStream@3@@Z 10015650 f   GuMetaData.obj
 0001:000149c0       ?getBinaryMetaData@BigConvexData@physx@@SAXAAVPxOutputStream@2@@Z 100159c0 f   GuMetaData.obj
 0001:00014d30       ?getBinaryMetaData@ConvexMesh@Gu@physx@@SAXAAVPxOutputStream@3@@Z 10015d30 f   GuMetaData.obj
 0001:00015570       ?getBinaryMetaData@GeometryUnion@Gu@physx@@SAXAAVPxOutputStream@3@@Z 10016570 f   GuMetaData.obj
 0001:00015e70       ?getBinaryMetaData@HeightField@Gu@physx@@SAXAAVPxOutputStream@3@@Z 10016e70 f   GuMetaData.obj
 0001:000163b0       ?getBinaryMetaData@MaterialIndicesStruct@physx@@SAXAAVPxOutputStream@2@@Z 100173b0 f   GuMetaData.obj
 0001:00016540       ?getBinaryMetaData@RTree@Gu@physx@@SAXAAVPxOutputStream@3@@Z 10017540 f   GuMetaData.obj
 0001:00016940       ?getBinaryMetaData@RTreeTriangleMesh@Gu@physx@@SAXAAVPxOutputStream@3@@Z 10017940 f   GuMetaData.obj
 0001:00017330       ?getBinaryMetaData@TriangleMesh@Gu@physx@@SAXAAVPxOutputStream@3@@Z 10018330 f   GuMetaData.obj
 0001:00018bc0       ?doSupport@?$SupportLocalImpl@VConvexHullV@Gu@physx@@@Gu@physx@@UBE?AT__m128@@ABT4@@Z 10019bc0 f i GuMTD.obj
 0001:00018c70       ?doSupport@?$SupportLocalImpl@VConvexHullV@Gu@physx@@@Gu@physx@@UBEXABT__m128@@AAT4@1@Z 10019c70 f i GuMTD.obj
 0001:00018f80       ?populateVerts@?$SupportLocalImpl@VConvexHullV@Gu@physx@@@Gu@physx@@UBEXPBEIPBVPxVec3@3@PAT__m128@@@Z 10019f80 f i GuMTD.obj
 0001:00018ff0       ??_G?$SupportLocalImpl@VConvexHullV@Gu@physx@@@Gu@physx@@UAEPAXI@Z 10019ff0 f i GuMTD.obj
 0001:00018ff0       ??_G?$SupportLocalImpl@VBoxV@Gu@physx@@@Gu@physx@@UAEPAXI@Z 10019ff0 f i GuMTD.obj
 0001:00018ff0       ??_G?$SupportLocalImpl@VConvexHullNoScaleV@Gu@physx@@@Gu@physx@@UAEPAXI@Z 10019ff0 f i GuMTD.obj
 0001:00018ff0       ??_E?$SupportLocalImpl@VTriangleV@Gu@physx@@@Gu@physx@@UAEPAXI@Z 10019ff0 f i GuPCMContactConvexCommon.obj
 0001:00018ff0       ??_E?$SupportLocalImpl@VConvexHullNoScaleV@Gu@physx@@@Gu@physx@@UAEPAXI@Z 10019ff0 f i GuMTD.obj
 0001:00018ff0       ??_G?$SupportLocalImpl@VTriangleV@Gu@physx@@@Gu@physx@@UAEPAXI@Z 10019ff0 f i GuPCMContactConvexCommon.obj
 0001:00018ff0       ??_E?$SupportLocalImpl@VBoxV@Gu@physx@@@Gu@physx@@UAEPAXI@Z 10019ff0 f i GuMTD.obj
 0001:00018ff0       ??_E?$SupportLocalImpl@VConvexHullV@Gu@physx@@@Gu@physx@@UAEPAXI@Z 10019ff0 f i GuMTD.obj
 0001:00019020       ?doSupport@?$SupportLocalImpl@VConvexHullNoScaleV@Gu@physx@@@Gu@physx@@UBE?AT__m128@@ABT4@@Z 1001a020 f i GuMTD.obj
 0001:00019050       ?doSupport@?$SupportLocalImpl@VConvexHullNoScaleV@Gu@physx@@@Gu@physx@@UBEXABT__m128@@AAT4@1@Z 1001a050 f i GuMTD.obj
 0001:000191a0       ?populateVerts@?$SupportLocalImpl@VConvexHullNoScaleV@Gu@physx@@@Gu@physx@@UBEXPBEIPBVPxVec3@3@PAT__m128@@@Z 1001a1a0 f i GuMTD.obj
 0001:000191a0       ?populateVerts@?$SupportLocalImpl@VBoxV@Gu@physx@@@Gu@physx@@UBEXPBEIPBVPxVec3@3@PAT__m128@@@Z 1001a1a0 f i GuMTD.obj
 0001:000191e0       ?doSupport@?$SupportLocalImpl@VBoxV@Gu@physx@@@Gu@physx@@UBE?AT__m128@@ABT4@@Z 1001a1e0 f i GuMTD.obj
 0001:00019210       ?doSupport@?$SupportLocalImpl@VBoxV@Gu@physx@@@Gu@physx@@UBEXABT__m128@@AAT4@1@Z 1001a210 f i GuMTD.obj
 0001:00019270       ??_GSupportLocal@Gu@physx@@UAEPAXI@Z 1001a270 f i GuMTD.obj
 0001:00019270       ??_ESupportLocal@Gu@physx@@UAEPAXI@Z 1001a270 f i GuMTD.obj
 0001:0001ad00       ??$gjk@U?$LocalConvex@VCapsuleV@Gu@physx@@@Gu@physx@@U?$LocalConvex@VConvexHullV@Gu@physx@@@23@@Gu@physx@@YA?AW4GjkStatus@01@ABU?$LocalConvex@VCapsuleV@Gu@physx@@@01@ABU?$LocalConvex@VConvexHullV@Gu@physx@@@01@ABT__m128@@2AAT5@333@Z 1001bd00 f i GuMTD.obj
 0001:0001bc80       ??0MultiplePersistentContactManifold@Gu@physx@@QAE@XZ 1001cc80 f i GuMTD.obj
 0001:0001bd00       ??0PolygonalBox@Gu@physx@@QAE@ABV012@@Z 1001cd00 f i GuMTD.obj
 0001:0001bf80       ??0SeparatingAxes@Gu@physx@@QAE@ABV012@@Z 1001cf80 f i GuMTD.obj
 0001:0001bf80       ??0SeparatingAxes@Gu@physx@@QAE@$$QAV012@@Z 1001cf80 f i GuMTD.obj
 0001:0001c040       ??0SeparatingAxes@Gu@physx@@QAE@XZ 1001d040 f i GuMTD.obj
 0001:0001c050       ??4MultiplePersistentContactManifold@Gu@physx@@QAEAAV012@$$QAV012@@Z 1001d050 f i GuMTD.obj
 0001:0001c140       ??4MultiplePersistentContactManifold@Gu@physx@@QAEAAV012@ABV012@@Z 1001d140 f i GuMTD.obj
 0001:0001c160       ??4SeparatingAxes@Gu@physx@@QAEAAV012@$$QAV012@@Z 1001d160 f i GuMTD.obj
 0001:0001c160       ??4SeparatingAxes@Gu@physx@@QAEAAV012@ABV012@@Z 1001d160 f i GuMTD.obj
 0001:0001c230       ??_G?$LocalConvex@VConvexHullNoScaleV@Gu@physx@@@Gu@physx@@UAEPAXI@Z 1001d230 f i GuPCMContactBoxConvex.obj
 0001:0001c230       ??_G?$LocalConvex@VCapsuleV@Gu@physx@@@Gu@physx@@UAEPAXI@Z 1001d230 f i GuMTD.obj
 0001:0001c230       ??_GGjkConvexBase@Gu@physx@@UAEPAXI@Z 1001d230 f i GuMTD.obj
 0001:0001c230       ??_G?$LocalConvex@VBoxV@Gu@physx@@@Gu@physx@@UAEPAXI@Z 1001d230 f i GuSweepTests.obj
 0001:0001c230       ??_G?$LocalConvex@VConvexHullV@Gu@physx@@@Gu@physx@@UAEPAXI@Z 1001d230 f i GuMTD.obj
 0001:0001c230       ??_E?$LocalConvex@VConvexHullNoScaleV@Gu@physx@@@Gu@physx@@UAEPAXI@Z 1001d230 f i GuPCMContactBoxConvex.obj
 0001:0001c230       ??_E?$LocalConvex@VConvexHullV@Gu@physx@@@Gu@physx@@UAEPAXI@Z 1001d230 f i GuMTD.obj
 0001:0001c230       ??_G?$LocalConvex@VTriangleV@Gu@physx@@@Gu@physx@@UAEPAXI@Z 1001d230 f i GuSweepTests.obj
 0001:0001c230       ??_E?$LocalConvex@VTriangleV@Gu@physx@@@Gu@physx@@UAEPAXI@Z 1001d230 f i GuSweepTests.obj
 0001:0001c230       ??_E?$LocalConvex@VBoxV@Gu@physx@@@Gu@physx@@UAEPAXI@Z 1001d230 f i GuSweepTests.obj
 0001:0001c230       ??_EGjkConvexBase@Gu@physx@@UAEPAXI@Z 1001d230 f i GuMTD.obj
 0001:0001c230       ??_E?$LocalConvex@VCapsuleV@Gu@physx@@@Gu@physx@@UAEPAXI@Z 1001d230 f i GuMTD.obj
 0001:0001c9c0       ?clearManifold@MultiplePersistentContactManifold@Gu@physx@@QAEXXZ 1001d9c0 f i GuMTD.obj
 0001:0001ff70       ?getAxes@SeparatingAxes@Gu@physx@@QBEPBVPxVec3@3@XZ 10020f70 f i GuMTD.obj
 0001:0001ff80       ?getCenter@?$LocalConvex@VBoxV@Gu@physx@@@Gu@physx@@UBE?AT__m128@@XZ 10020f80 f i GuSweepTests.obj
 0001:0001ff80       ?getCenter@?$LocalConvex@VConvexHullNoScaleV@Gu@physx@@@Gu@physx@@UBE?AT__m128@@XZ 10020f80 f i GuPCMContactBoxConvex.obj
 0001:0001ff80       ?getCenter@?$LocalConvex@VCapsuleV@Gu@physx@@@Gu@physx@@UBE?AT__m128@@XZ 10020f80 f i GuMTD.obj
 0001:0001ff80       ?getCenter@?$LocalConvex@VTriangleV@Gu@physx@@@Gu@physx@@UBE?AT__m128@@XZ 10020f80 f i GuSweepTests.obj
 0001:0001ff80       ?getCenter@?$LocalConvex@VConvexHullV@Gu@physx@@@Gu@physx@@UBE?AT__m128@@XZ 10020f80 f i GuMTD.obj
 0001:0001ff90       ?getEmptyManifold@MultiplePersistentContactManifold@Gu@physx@@QAEPAVSinglePersistentContactManifold@23@XZ 10020f90 f i GuMTD.obj
 0001:0001ffb0       ?getManifold@MultiplePersistentContactManifold@Gu@physx@@QAEPAVSinglePersistentContactManifold@23@I@Z 10020fb0 f i GuMTD.obj
 0001:0001ffd0       ?getSweepMargin@?$LocalConvex@VCapsuleV@Gu@physx@@@Gu@physx@@UBE?AT__m128@@XZ 10020fd0 f i GuMTD.obj
 0001:0001ffd0       ?getSweepMargin@?$RelativeConvex@VCapsuleV@Gu@physx@@@Gu@physx@@UBE?AT__m128@@XZ 10020fd0 f i GuCCDSweepPrimitives.obj
 0001:0001ffe0       ?getSweepMargin@?$RelativeConvex@VConvexHullNoScaleV@Gu@physx@@@Gu@physx@@UBE?AT__m128@@XZ 10020fe0 f i GuPCMContactConvexConvex.obj
 0001:0001ffe0       ?getSweepMargin@?$RelativeConvex@VConvexHullV@Gu@physx@@@Gu@physx@@UBE?AT__m128@@XZ 10020fe0 f i GuOverlapTests.obj
 0001:0001ffe0       ?getSweepMargin@?$LocalConvex@VConvexHullV@Gu@physx@@@Gu@physx@@UBE?AT__m128@@XZ 10020fe0 f i GuMTD.obj
 0001:0001ffe0       ?getSweepMargin@?$LocalConvex@VConvexHullNoScaleV@Gu@physx@@@Gu@physx@@UBE?AT__m128@@XZ 10020fe0 f i GuPCMContactBoxConvex.obj
 0001:0001ffe0       ?getSweepMargin@?$RelativeConvex@VBoxV@Gu@physx@@@Gu@physx@@UBE?AT__m128@@XZ 10020fe0 f i GuOverlapTests.obj
 0001:0001ffe0       ?getSweepMargin@?$LocalConvex@VBoxV@Gu@physx@@@Gu@physx@@UBE?AT__m128@@XZ 10020fe0 f i GuSweepTests.obj
 0001:00020000       ?hillClimbing@ConvexHullV@Gu@physx@@QBEIABT__m128@@@Z 10021000 f i GuMTD.obj
 0001:000202c0       ?initialize@MultiplePersistentContactManifold@Gu@physx@@QAEXXZ 100212c0 f i GuMTD.obj
 0001:00020330       ?invalidate@MultiplePersistentContactManifold@Gu@physx@@QAEIABVPsTransformV@aos@shdfnd@3@ABT__m128@@1@Z 10021330 f i GuMTD.obj
 0001:000203c0       ?invalidate@MultiplePersistentContactManifold@Gu@physx@@QAEIABVPsTransformV@aos@shdfnd@3@ABT__m128@@@Z 100213c0 f i GuMTD.obj
 0001:00020450       ?maxTransformPositionDelta@MultiplePersistentContactManifold@Gu@physx@@QAE?AT__m128@@ABT4@@Z 10021450 f i GuMTD.obj
 0001:00020490       ?maxTransformQuatDelta@MultiplePersistentContactManifold@Gu@physx@@QAE?AT__m128@@ABT4@@Z 10021490 f i GuMTD.obj
 0001:000204d0       ?pointConvexDistance@@YA_NAAVPxVec3@physx@@0AAMABV12@PBVConvexMesh@Gu@2@ABVPxMeshScale@2@ABVPxTransform@2@@Z 100214d0 f   GuMTD.obj
 0001:00021120       ?reduceManifoldContactsInDifferentPatches@MultiplePersistentContactManifold@Gu@physx@@QAEIPAPAUPCMContactPatch@23@IPAVMeshPersistentContact@23@IABT__m128@@@Z 10022120 f i GuMTD.obj
 0001:00021280       ?refineContactPatchConnective@MultiplePersistentContactManifold@Gu@physx@@QAEXPAPAUPCMContactPatch@23@IPAVMeshPersistentContact@23@ABT__m128@@@Z 10022280 f i GuMTD.obj
 0001:00021340       ?refreshManifold@MultiplePersistentContactManifold@Gu@physx@@QAEXABVPsMatTransformV@aos@shdfnd@3@ABT__m128@@1@Z 10022340 f i GuMTD.obj
 0001:00021420       ?reset@SeparatingAxes@Gu@physx@@QAEXXZ 10022420 f i GuMTD.obj
 0001:00021430       ?setRelativeTransform@MultiplePersistentContactManifold@Gu@physx@@QAEXABVPsTransformV@aos@shdfnd@3@@Z 10022430 f i GuMTD.obj
 0001:00021450       ?support@?$LocalConvex@VCapsuleV@Gu@physx@@@Gu@physx@@UBE?AT__m128@@ABT4@@Z 10022450 f i GuMTD.obj
 0001:000214b0       ?support@?$LocalConvex@VCapsuleV@Gu@physx@@@Gu@physx@@UBE?AT__m128@@ABT4@AAH@Z 100224b0 f i GuMTD.obj
 0001:00021530       ?support@?$LocalConvex@VConvexHullV@Gu@physx@@@Gu@physx@@UBE?AT__m128@@ABT4@@Z 10022530 f i GuMTD.obj
 0001:000215e0       ?support@?$LocalConvex@VConvexHullV@Gu@physx@@@Gu@physx@@UBE?AT__m128@@ABT4@AAH@Z 100225e0 f i GuMTD.obj
 0001:00021690       ?supportPoint@?$LocalConvex@VCapsuleV@Gu@physx@@@Gu@physx@@UBE?AT__m128@@H@Z 10022690 f i GuMTD.obj
 0001:000216b0       ?supportPoint@?$LocalConvex@VConvexHullV@Gu@physx@@@Gu@physx@@UBE?AT__m128@@H@Z 100226b0 f i GuMTD.obj
 0001:00021700       ?supportVertexIndex@ConvexHullV@Gu@physx@@QBEIABT__m128@@@Z 10022700 f i GuMTD.obj
 0001:000217b0       ?toBuffer@MultiplePersistentContactManifold@Gu@physx@@QAEXPIAE@Z 100227b0 f i GuMTD.obj
 0001:00021890       ?supportPoint@?$RelativeConvex@VBoxV@Gu@physx@@@Gu@physx@@UBE?AT__m128@@H@Z 10022890 f i GuOverlapTests.obj
 0001:000218f0       ?support@?$RelativeConvex@VBoxV@Gu@physx@@@Gu@physx@@UBE?AT__m128@@ABT4@@Z 100228f0 f i GuOverlapTests.obj
 0001:00021970       ?support@?$RelativeConvex@VBoxV@Gu@physx@@@Gu@physx@@UBE?AT__m128@@ABT4@AAH@Z 10022970 f i GuOverlapTests.obj
 0001:00021a00       ?getCenter@?$RelativeConvex@VConvexHullNoScaleV@Gu@physx@@@Gu@physx@@UBE?AT__m128@@XZ 10022a00 f i GuPCMContactConvexConvex.obj
 0001:00021a00       ?getCenter@?$RelativeConvex@VBoxV@Gu@physx@@@Gu@physx@@UBE?AT__m128@@XZ 10022a00 f i GuOverlapTests.obj
 0001:00021a00       ?getCenter@?$RelativeConvex@VCapsuleV@Gu@physx@@@Gu@physx@@UBE?AT__m128@@XZ 10022a00 f i GuCCDSweepPrimitives.obj
 0001:00021a00       ?getCenter@?$RelativeConvex@VTriangleV@Gu@physx@@@Gu@physx@@UBE?AT__m128@@XZ 10022a00 f i GuCCDSweepPrimitives.obj
 0001:00021a00       ?getCenter@?$RelativeConvex@VConvexHullV@Gu@physx@@@Gu@physx@@UBE?AT__m128@@XZ 10022a00 f i GuOverlapTests.obj
 0001:00021a40       ??_G?$RelativeConvex@VConvexHullNoScaleV@Gu@physx@@@Gu@physx@@UAEPAXI@Z 10022a40 f i GuPCMContactConvexConvex.obj
 0001:00021a40       ??_G?$RelativeConvex@VBoxV@Gu@physx@@@Gu@physx@@UAEPAXI@Z 10022a40 f i GuOverlapTests.obj
 0001:00021a40       ??_G?$RelativeConvex@VConvexHullV@Gu@physx@@@Gu@physx@@UAEPAXI@Z 10022a40 f i GuOverlapTests.obj
 0001:00021a40       ??_E?$RelativeConvex@VConvexHullNoScaleV@Gu@physx@@@Gu@physx@@UAEPAXI@Z 10022a40 f i GuPCMContactConvexConvex.obj
 0001:00021a40       ??_E?$RelativeConvex@VBoxV@Gu@physx@@@Gu@physx@@UAEPAXI@Z 10022a40 f i GuOverlapTests.obj
 0001:00021a40       ??_G?$RelativeConvex@VTriangleV@Gu@physx@@@Gu@physx@@UAEPAXI@Z 10022a40 f i GuCCDSweepPrimitives.obj
 0001:00021a40       ??_G?$RelativeConvex@VCapsuleV@Gu@physx@@@Gu@physx@@UAEPAXI@Z 10022a40 f i GuCCDSweepPrimitives.obj
 0001:00021a40       ??_E?$RelativeConvex@VTriangleV@Gu@physx@@@Gu@physx@@UAEPAXI@Z 10022a40 f i GuCCDSweepPrimitives.obj
 0001:00021a40       ??_E?$RelativeConvex@VConvexHullV@Gu@physx@@@Gu@physx@@UAEPAXI@Z 10022a40 f i GuOverlapTests.obj
 0001:00021a40       ??_E?$RelativeConvex@VCapsuleV@Gu@physx@@@Gu@physx@@UAEPAXI@Z 10022a40 f i GuCCDSweepPrimitives.obj
 0001:00023e00       ?supportPoint@?$RelativeConvex@VConvexHullV@Gu@physx@@@Gu@physx@@UBE?AT__m128@@H@Z 10024e00 f i GuOverlapTests.obj
 0001:00023e80       ?support@?$RelativeConvex@VConvexHullV@Gu@physx@@@Gu@physx@@UBE?AT__m128@@ABT4@@Z 10024e80 f i GuOverlapTests.obj
 0001:00023f80       ?support@?$RelativeConvex@VConvexHullV@Gu@physx@@@Gu@physx@@UBE?AT__m128@@ABT4@AAH@Z 10024f80 f i GuOverlapTests.obj
 0001:000240b0       ??$gjk@U?$RelativeConvex@VBoxV@Gu@physx@@@Gu@physx@@U?$LocalConvex@VConvexHullV@Gu@physx@@@23@@Gu@physx@@YA?AW4GjkStatus@01@ABU?$RelativeConvex@VBoxV@Gu@physx@@@01@ABU?$LocalConvex@VConvexHullV@Gu@physx@@@01@ABT__m128@@2AAT5@333@Z 100250b0 f i GuOverlapTests.obj
 0001:00025080       ??$gjk@U?$RelativeConvex@VConvexHullV@Gu@physx@@@Gu@physx@@U?$LocalConvex@VConvexHullV@Gu@physx@@@23@@Gu@physx@@YA?AW4GjkStatus@01@ABU?$RelativeConvex@VConvexHullV@Gu@physx@@@01@ABU?$LocalConvex@VConvexHullV@Gu@physx@@@01@ABT__m128@@2AAT5@333@Z 10026080 f i GuOverlapTests.obj
 0001:00026170       ?ComputeCubemapNearestOffset@physx@@YAIABVPxVec3@1@I@Z 10027170 f i GuOverlapTests.obj
 0001:000262b0       ?getOverlapFuncTable@Gu@physx@@YAPAY06Q6A_NABVPxGeometry@2@ABVPxTransform@2@01PAUTriggerCache@12@@ZXZ 100272b0 f   GuOverlapTests.obj
 0001:00027ff0       ?registerHeightFields@Gu@physx@@YAXXZ 10028ff0 f   GuOverlapTests.obj
 0001:00028030       ?raycast_box@@YAIABVPxGeometry@physx@@ABVPxTransform@2@ABVPxVec3@2@2MV?$PxFlags@W4Enum@PxHitFlag@physx@@G@2@IPIAUPxRaycastHit@2@@Z 10029030 f   GuRaycastTests.obj
 0001:00028670       ?raycast_sphere@@YAIABVPxGeometry@physx@@ABVPxTransform@2@ABVPxVec3@2@2MV?$PxFlags@W4Enum@PxHitFlag@physx@@G@2@IPIAUPxRaycastHit@2@@Z 10029670 f   GuRaycastTests.obj
 0001:000287e0       ?raycast_capsule@@YAIABVPxGeometry@physx@@ABVPxTransform@2@ABVPxVec3@2@2MV?$PxFlags@W4Enum@PxHitFlag@physx@@G@2@IPIAUPxRaycastHit@2@@Z 100297e0 f   GuRaycastTests.obj
 0001:00028ce0       ?raycast_plane@@YAIABVPxGeometry@physx@@ABVPxTransform@2@ABVPxVec3@2@2MV?$PxFlags@W4Enum@PxHitFlag@physx@@G@2@IPIAUPxRaycastHit@2@@Z 10029ce0 f   GuRaycastTests.obj
 0001:00028e10       ?raycast_convexMesh@@YAIABVPxGeometry@physx@@ABVPxTransform@2@ABVPxVec3@2@2MV?$PxFlags@W4Enum@PxHitFlag@physx@@G@2@IPIAUPxRaycastHit@2@@Z 10029e10 f   GuRaycastTests.obj
 0001:00029ae0       ?raycast_triangleMesh@@YAIABVPxGeometry@physx@@ABVPxTransform@2@ABVPxVec3@2@2MV?$PxFlags@W4Enum@PxHitFlag@physx@@G@2@IPIAUPxRaycastHit@2@@Z 1002aae0 f   GuRaycastTests.obj
 0001:0002b260       ??Dphysx@@YA?AVMatrix34@Cm@0@ABVPxMeshScale@0@ABVPxTransform@0@@Z 1002c260 f i GuRaycastTests.obj
 0001:0002be40       ?getRaycastFuncTable@Gu@physx@@YAAAY06Q6AIABVPxGeometry@2@ABVPxTransform@2@ABVPxVec3@2@2MV?$PxFlags@W4Enum@PxHitFlag@physx@@G@2@IPIAUPxRaycastHit@2@@ZXZ 1002ce40 f   GuRaycastTests.obj
 0001:0002be50       ?raycast_heightField@@YAIABVPxGeometry@physx@@ABVPxTransform@2@ABVPxVec3@2@2MV?$PxFlags@W4Enum@PxHitFlag@physx@@G@2@IPIAUPxRaycastHit@2@@Z 1002ce50 f   GuRaycastTests.obj
 0001:0002c660       ?registerHeightFields_Raycasts@@YAXXZ 1002d660 f   GuRaycastTests.obj
 0001:0002c670       ?ReadHeader@Gu@physx@@YA_NEEEEAAIAA_NAAVPxInputStream@2@@Z 1002d670 f   GuSerialize.obj
 0001:0002c770       ?ReadIndices@Gu@physx@@YAXGIPAGAAVPxInputStream@2@_N@Z 1002d770 f   GuSerialize.obj
 0001:0002c880       ?StoreIndices@Gu@physx@@YAXGIPBGAAVPxOutputStream@2@_N@Z 1002d880 f   GuSerialize.obj
 0001:0002c910       ?StoreIndices@Gu@physx@@YAXIIPBIAAVPxOutputStream@2@_N@Z 1002d910 f   GuSerialize.obj
 0001:0002ca10       ?WriteHeader@Gu@physx@@YA_NEEEEI_NAAVPxOutputStream@2@@Z 1002da10 f   GuSerialize.obj
 0001:0002cb00       ?computeMaxIndex@physx@@YAGPBGI@Z 1002db00 f   GuSerialize.obj
 0001:0002cb40       ?computeMaxIndex@physx@@YAIPBII@Z 1002db40 f   GuSerialize.obj
 0001:0002cb70       ?readChunk@physx@@YAXAAC000AAVPxInputStream@1@@Z 1002db70 f   GuSerialize.obj
 0001:0002cbb0       ?readDword@physx@@YAI_NAAVPxInputStream@1@@Z 1002dbb0 f   GuSerialize.obj
 0001:0002cbf0       ?readFloat@physx@@YAM_NAAVPxInputStream@1@@Z 1002dbf0 f   GuSerialize.obj
 0001:0002cc30       ?readFloatBuffer@physx@@YA_NPAMI_NAAVPxInputStream@1@@Z 1002dc30 f   GuSerialize.obj
 0001:0002cc90       ?readHeader@physx@@YA_NCCCCAAIAA_NAAVPxInputStream@1@@Z 1002dc90 f   GuSerialize.obj
 0001:0002cd80       ?readIndices@physx@@YAXIIPAIAAVPxInputStream@1@_N@Z 1002dd80 f   GuSerialize.obj
 0001:0002ce40       ?readWord@physx@@YAG_NAAVPxInputStream@1@@Z 1002de40 f   GuSerialize.obj
 0001:0002ce70       ?readWordBuffer@physx@@YAXPAGI_NAAVPxInputStream@1@@Z 1002de70 f   GuSerialize.obj
 0001:0002ceb0       ?storeIndices@physx@@YAXIIPBIAAVPxOutputStream@1@_N@Z 1002deb0 f   GuSerialize.obj
 0001:0002cf80       ?writeDword@physx@@YAXI_NAAVPxOutputStream@1@@Z 1002df80 f   GuSerialize.obj
 0001:0002cf80       ?writeFloat@physx@@YAXM_NAAVPxOutputStream@1@@Z 1002df80 f   GuSerialize.obj
 0001:0002cfc0       ?writeFloatBuffer@physx@@YAXPBMI_NAAVPxOutputStream@1@@Z 1002dfc0 f   GuSerialize.obj
 0001:0002d040       ?writeHeader@physx@@YA_NCCCCI_NAAVPxOutputStream@1@@Z 1002e040 f   GuSerialize.obj
 0001:0002d130       ?writeWord@physx@@YAXG_NAAVPxOutputStream@1@@Z 1002e130 f   GuSerialize.obj
 0001:0002d160       ?writeWordBuffer@physx@@YAXPBGI_NAAVPxOutputStream@1@@Z 1002e160 f   GuSerialize.obj
 0001:0002d1d0       ??0FastVertex2ShapeScaling@Cm@physx@@QAE@XZ 1002e1d0 f i GuSweepMTD.obj
 0001:0002d260       ??Dphysx@@YA?AVMatrix34@Cm@0@ABVPxTransform@0@ABVPxMeshScale@0@@Z 1002e260 f i GuSweepMTD.obj
 0001:0002d870       ??_E?$MeshHitCallback@UPxRaycastHit@physx@@@Gu@physx@@UAEPAXI@Z 1002e870 f i GuSweepMTD.obj
 0001:0002d870       ??_G?$MeshHitCallback@UPxRaycastHit@physx@@@Gu@physx@@UAEPAXI@Z 1002e870 f i GuSweepMTD.obj
 0001:0002d8a0       ??_EMeshMTDGenerationCallback@@UAEPAXI@Z 1002e8a0 f i GuSweepMTD.obj
 0001:0002d8a0       ??_GMeshMTDGenerationCallback@@UAEPAXI@Z 1002e8a0 f i GuSweepMTD.obj
 0001:0002d8d0       ??_GMidPhaseQueryLocalReport@@UAEPAXI@Z 1002e8d0 f i GuSweepMTD.obj
 0001:0002d8d0       ??_EMidPhaseQueryLocalReport@@UAEPAXI@Z 1002e8d0 f i GuSweepMTD.obj
 0001:0002d900       ?allocate@?$ReflectionAllocator@I@shdfnd@physx@@QAEPAXIPBDH@Z 1002e900 f i GuSweepMTD.obj
 0001:0002dce0       ?computeBox_HeightFieldMTD@Gu@physx@@YA_NABVPxHeightFieldGeometry@2@ABVPxTransform@2@ABVBox@12@1M_NIAAUPxSweepHit@2@@Z 1002ece0 f   GuSweepMTD.obj
 0001:0002ec90       ?computeBox_TriangleMeshMTD@Gu@physx@@YA_NABVPxTriangleMeshGeometry@2@ABVPxTransform@2@ABVBox@12@1M_NAAUPxSweepHit@2@@Z 1002fc90 f   GuSweepMTD.obj
 0001:0002f970       ?computeCapsule_CapsuleMTD@Gu@physx@@YA_NABVCapsule@12@0AAUPxSweepHit@2@@Z 10030970 f   GuSweepMTD.obj
 0001:0002fb70       ?computeCapsule_HeightFieldMTD@Gu@physx@@YA_NABVPxHeightFieldGeometry@2@ABVPxTransform@2@AAVCapsuleV@12@M_NIAAUPxSweepHit@2@@Z 10030b70 f   GuSweepMTD.obj
 0001:00030200       ?computeCapsule_TriangleMeshMTD@Gu@physx@@YA_NABVPxTriangleMeshGeometry@2@ABVPxTransform@2@AAVCapsuleV@12@M_NAAUPxSweepHit@2@@Z 10031200 f   GuSweepMTD.obj
 0001:00030920       ?computeConvex_HeightFieldMTD@Gu@physx@@YA_NABVPxHeightFieldGeometry@2@ABVPxTransform@2@ABVPxConvexMeshGeometry@2@1M_NIAAUPxSweepHit@2@@Z 10031920 f   GuSweepMTD.obj
 0001:00031d50       ?computeConvex_TriangleMeshMTD@Gu@physx@@YA_NABVPxTriangleMeshGeometry@2@ABVPxTransform@2@ABVPxConvexMeshGeometry@2@1M_NAAUPxSweepHit@2@@Z 10032d50 f   GuSweepMTD.obj
 0001:00033100       ?computePlane_BoxMTD@Gu@physx@@YA_NABVPxPlane@2@ABVBox@12@AAUPxSweepHit@2@@Z 10034100 f   GuSweepMTD.obj
 0001:00033340       ?computePlane_CapsuleMTD@Gu@physx@@YA_NABVPxPlane@2@ABVCapsule@12@AAUPxSweepHit@2@@Z 10034340 f   GuSweepMTD.obj
 0001:00033430       ?computePlane_ConvexMTD@Gu@physx@@YA_NABVPxPlane@2@ABVPxConvexMeshGeometry@2@ABVPxTransform@2@AAUPxSweepHit@2@@Z 10034430 f   GuSweepMTD.obj
 0001:00033890       ?computeSphere_CapsuleMTD@Gu@physx@@YA_NABVSphere@12@ABVCapsule@12@AAUPxSweepHit@2@@Z 10034890 f   GuSweepMTD.obj
 0001:00033a20       ?computeSphere_SphereMTD@Gu@physx@@YA_NABVSphere@12@0AAUPxSweepHit@2@@Z 10034a20 f   GuSweepMTD.obj
 0001:00033b00       ?getInverse@PxMat33@physx@@QBE?BV12@XZ 10034b00 f i GuSweepMTD.obj
 0001:00033d50       ?growAndPushBack@?$Array@IV?$ReflectionAllocator@I@shdfnd@physx@@@shdfnd@physx@@IAEAAIABI@Z 10034d50 f i GuSweepMTD.obj
 0001:00033df0       ?init@FastVertex2ShapeScaling@Cm@physx@@QAEXABVPxVec3@3@ABVPxQuat@3@@Z 10034df0 f i GuSweepMTD.obj
 0001:000341a0       ?onEvent@MidPhaseQueryLocalReport@@UAE_NIPAI@Z 100351a0 f i GuSweepMTD.obj
 0001:000341f0       ?processHit@MeshMTDGenerationCallback@@UAE_NABUPxRaycastHit@physx@@ABVPxVec3@3@11AAMPBI@Z 100351f0 f i GuSweepMTD.obj
 0001:00034230       ?recreate@?$Array@IV?$ReflectionAllocator@I@shdfnd@physx@@@shdfnd@physx@@IAEXI@Z 10035230 f i GuSweepMTD.obj
 0001:000342b0       ??$gjkPenetration@U?$LocalConvex@VCapsuleV@Gu@physx@@@Gu@physx@@U?$LocalConvex@VConvexHullV@Gu@physx@@@23@@Gu@physx@@YA?AW4GjkStatus@01@ABU?$LocalConvex@VCapsuleV@Gu@physx@@@01@ABU?$LocalConvex@VConvexHullV@Gu@physx@@@01@ABT__m128@@2_NPIAE4AAEAAUGjkOutput@01@@Z 100352b0 f i GuSweepSharedTests.obj
 0001:00035bb0       ??$gjkPenetration@U?$RelativeConvex@VBoxV@Gu@physx@@@Gu@physx@@U?$LocalConvex@VConvexHullV@Gu@physx@@@23@@Gu@physx@@YA?AW4GjkStatus@01@ABU?$RelativeConvex@VBoxV@Gu@physx@@@01@ABU?$LocalConvex@VConvexHullV@Gu@physx@@@01@ABT__m128@@2_NPIAE4AAEAAUGjkOutput@01@@Z 10036bb0 f i GuSweepSharedTests.obj
 0001:00037510       ??$gjkPenetration@U?$RelativeConvex@VConvexHullV@Gu@physx@@@Gu@physx@@U?$LocalConvex@VConvexHullV@Gu@physx@@@23@@Gu@physx@@YA?AW4GjkStatus@01@ABU?$RelativeConvex@VConvexHullV@Gu@physx@@@01@ABU?$LocalConvex@VConvexHullV@Gu@physx@@@01@ABT__m128@@2_NPIAE4AAEAAUGjkOutput@01@@Z 10038510 f i GuSweepSharedTests.obj
 0001:00038ed0       ??$gjkRaycast@U?$LocalConvex@VCapsuleV@Gu@physx@@@Gu@physx@@U?$LocalConvex@VConvexHullV@Gu@physx@@@23@@Gu@physx@@YA_NABU?$LocalConvex@VCapsuleV@Gu@physx@@@01@ABU?$LocalConvex@VConvexHullV@Gu@physx@@@01@ABT__m128@@222AAT4@33M@Z 10039ed0 f i GuSweepSharedTests.obj
 0001:00039da0       ??$gjkRaycast@U?$RelativeConvex@VBoxV@Gu@physx@@@Gu@physx@@U?$LocalConvex@VConvexHullV@Gu@physx@@@23@@Gu@physx@@YA_NABU?$RelativeConvex@VBoxV@Gu@physx@@@01@ABU?$LocalConvex@VConvexHullV@Gu@physx@@@01@ABT__m128@@222AAT4@33M@Z 1003ada0 f i GuSweepSharedTests.obj
 0001:0003ace0       ??$gjkRaycast@U?$RelativeConvex@VConvexHullV@Gu@physx@@@Gu@physx@@U?$LocalConvex@VConvexHullV@Gu@physx@@@23@@Gu@physx@@YA_NABU?$RelativeConvex@VConvexHullV@Gu@physx@@@01@ABU?$LocalConvex@VConvexHullV@Gu@physx@@@01@ABT__m128@@222AAT4@33M@Z 1003bce0 f i GuSweepSharedTests.obj
 0001:0003bd10       ??$gjkRaycastPenetration@U?$LocalConvex@VCapsuleV@Gu@physx@@@Gu@physx@@U?$LocalConvex@VConvexHullV@Gu@physx@@@23@@Gu@physx@@YA_NABU?$LocalConvex@VCapsuleV@Gu@physx@@@01@ABU?$LocalConvex@VConvexHullV@Gu@physx@@@01@ABT__m128@@222AAT4@33M_N@Z 1003cd10 f i GuSweepSharedTests.obj
 0001:0003bf10       ??$gjkRaycastPenetration@U?$RelativeConvex@VBoxV@Gu@physx@@@Gu@physx@@U?$LocalConvex@VConvexHullV@Gu@physx@@@23@@Gu@physx@@YA_NABU?$RelativeConvex@VBoxV@Gu@physx@@@01@ABU?$LocalConvex@VConvexHullV@Gu@physx@@@01@ABT__m128@@222AAT4@33M_N@Z 1003cf10 f i GuSweepSharedTests.obj
 0001:0003c170       ??$gjkRaycastPenetration@U?$RelativeConvex@VConvexHullV@Gu@physx@@@Gu@physx@@U?$LocalConvex@VConvexHullV@Gu@physx@@@23@@Gu@physx@@YA_NABU?$RelativeConvex@VConvexHullV@Gu@physx@@@01@ABU?$LocalConvex@VConvexHullV@Gu@physx@@@01@ABT__m128@@222AAT4@33M_N@Z 1003d170 f i GuSweepSharedTests.obj
 0001:0003c3d0       ??0?$RelativeConvex@VConvexHullV@Gu@physx@@@Gu@physx@@QAE@ABVConvexHullV@12@ABVPsMatTransformV@aos@shdfnd@2@@Z 1003d3d0 f i GuSweepSharedTests.obj
 0001:0003c880       ?sweepBox_ConvexGeom@@YA_NABVPxGeometry@physx@@ABVPxTransform@2@ABVPxBoxGeometry@2@1ABVBox@Gu@2@ABVPxVec3@2@MAAUPxSweepHit@2@V?$PxFlags@W4Enum@PxHitFlag@physx@@G@2@M@Z 1003d880 f   GuSweepSharedTests.obj
 0001:0003d620       ?sweepBox_PlaneGeom@@YA_NABVPxGeometry@physx@@ABVPxTransform@2@ABVPxBoxGeometry@2@1ABVBox@Gu@2@ABVPxVec3@2@MAAUPxSweepHit@2@V?$PxFlags@W4Enum@PxHitFlag@physx@@G@2@M@Z 1003e620 f   GuSweepSharedTests.obj
 0001:0003d9e0       ?sweepCapsuleTriangles@Gu@physx@@YA_NIPBVPxTriangle@2@_NABVPxCapsuleGeometry@2@ABVPxTransform@2@ABVPxVec3@2@MAAUPxSweepHit@2@PBIMV?$PxFlags@W4Enum@PxHitFlag@physx@@G@2@@Z 1003e9e0 f   GuSweepSharedTests.obj
 0001:0003db70       ?sweepCapsule_CapsuleGeom@@YA_NABVPxGeometry@physx@@ABVPxTransform@2@ABVPxCapsuleGeometry@2@1ABVCapsule@Gu@2@ABVPxVec3@2@MAAUPxSweepHit@2@V?$PxFlags@W4Enum@PxHitFlag@physx@@G@2@M@Z 1003eb70 f   GuSweepSharedTests.obj
 0001:0003dd20       ?sweepCapsule_ConvexGeom@@YA_NABVPxGeometry@physx@@ABVPxTransform@2@ABVPxCapsuleGeometry@2@1ABVCapsule@Gu@2@ABVPxVec3@2@MAAUPxSweepHit@2@V?$PxFlags@W4Enum@PxHitFlag@physx@@G@2@M@Z 1003ed20 f   GuSweepSharedTests.obj
 0001:0003ea70       ?sweepCapsule_PlaneGeom@@YA_NABVPxGeometry@physx@@ABVPxTransform@2@ABVPxCapsuleGeometry@2@1ABVCapsule@Gu@2@ABVPxVec3@2@MAAUPxSweepHit@2@V?$PxFlags@W4Enum@PxHitFlag@physx@@G@2@M@Z 1003fa70 f   GuSweepSharedTests.obj
 0001:0003ed30       ?sweepCapsule_SphereGeom@@YA_NABVPxGeometry@physx@@ABVPxTransform@2@ABVPxCapsuleGeometry@2@1ABVCapsule@Gu@2@ABVPxVec3@2@MAAUPxSweepHit@2@V?$PxFlags@W4Enum@PxHitFlag@physx@@G@2@M@Z 1003fd30 f   GuSweepSharedTests.obj
 0001:0003eec0       ?sweepConvex_BoxGeom@@YA_NABVPxGeometry@physx@@ABVPxTransform@2@ABVPxConvexMeshGeometry@2@1ABVPxVec3@2@MAAUPxSweepHit@2@V?$PxFlags@W4Enum@PxHitFlag@physx@@G@2@M@Z 1003fec0 f   GuSweepSharedTests.obj
 0001:0003f0a0       ?sweepConvex_CapsuleGeom@@YA_NABVPxGeometry@physx@@ABVPxTransform@2@ABVPxConvexMeshGeometry@2@1ABVPxVec3@2@MAAUPxSweepHit@2@V?$PxFlags@W4Enum@PxHitFlag@physx@@G@2@M@Z 100400a0 f   GuSweepSharedTests.obj
 0001:0003f290       ?sweepConvex_ConvexGeom@@YA_NABVPxGeometry@physx@@ABVPxTransform@2@ABVPxConvexMeshGeometry@2@1ABVPxVec3@2@MAAUPxSweepHit@2@V?$PxFlags@W4Enum@PxHitFlag@physx@@G@2@M@Z 10040290 f   GuSweepSharedTests.obj
 0001:000402e0       ?sweepConvex_PlaneGeom@@YA_NABVPxGeometry@physx@@ABVPxTransform@2@ABVPxConvexMeshGeometry@2@1ABVPxVec3@2@MAAUPxSweepHit@2@V?$PxFlags@W4Enum@PxHitFlag@physx@@G@2@M@Z 100412e0 f   GuSweepSharedTests.obj
 0001:00040730       ?sweepConvex_SphereGeom@@YA_NABVPxGeometry@physx@@ABVPxTransform@2@ABVPxConvexMeshGeometry@2@1ABVPxVec3@2@MAAUPxSweepHit@2@V?$PxFlags@W4Enum@PxHitFlag@physx@@G@2@M@Z 10041730 f   GuSweepSharedTests.obj
 0001:000412f0       ?sweepCapsule_BoxGeom@@YA_NABVPxGeometry@physx@@ABVPxTransform@2@ABVPxCapsuleGeometry@2@1ABVCapsule@Gu@2@ABVPxVec3@2@MAAUPxSweepHit@2@V?$PxFlags@W4Enum@PxHitFlag@physx@@G@2@M@Z 100422f0 f   GuSweepTests.obj
 0001:00041b80       ?sweepBox_SphereGeom@@YA_NABVPxGeometry@physx@@ABVPxTransform@2@ABVPxBoxGeometry@2@1ABVBox@Gu@2@ABVPxVec3@2@MAAUPxSweepHit@2@V?$PxFlags@W4Enum@PxHitFlag@physx@@G@2@M@Z 10042b80 f   GuSweepTests.obj
 0001:00042230       ?sweepBox_CapsuleGeom@@YA_NABVPxGeometry@physx@@ABVPxTransform@2@ABVPxBoxGeometry@2@1ABVBox@Gu@2@ABVPxVec3@2@MAAUPxSweepHit@2@V?$PxFlags@W4Enum@PxHitFlag@physx@@G@2@M@Z 10043230 f   GuSweepTests.obj
 0001:00042a60       ?sweepBox_BoxGeom@@YA_NABVPxGeometry@physx@@ABVPxTransform@2@ABVPxBoxGeometry@2@1ABVBox@Gu@2@ABVPxVec3@2@MAAUPxSweepHit@2@V?$PxFlags@W4Enum@PxHitFlag@physx@@G@2@M@Z 10043a60 f   GuSweepTests.obj
 0001:000433e0       ??$gjkPenetration@U?$LocalConvex@VCapsuleV@Gu@physx@@@Gu@physx@@U?$LocalConvex@VBoxV@Gu@physx@@@23@@Gu@physx@@YA?AW4GjkStatus@01@ABU?$LocalConvex@VCapsuleV@Gu@physx@@@01@ABU?$LocalConvex@VBoxV@Gu@physx@@@01@ABT__m128@@2_NPIAE4AAEAAUGjkOutput@01@@Z 100443e0 f i GuSweepTests.obj
 0001:00044c60       ??$gjkPenetration@U?$RelativeConvex@VBoxV@Gu@physx@@@Gu@physx@@U?$LocalConvex@VBoxV@Gu@physx@@@23@@Gu@physx@@YA?AW4GjkStatus@01@ABU?$RelativeConvex@VBoxV@Gu@physx@@@01@ABU?$LocalConvex@VBoxV@Gu@physx@@@01@ABT__m128@@2_NPIAE4AAEAAUGjkOutput@01@@Z 10045c60 f i GuSweepTests.obj
 0001:00046520       ??$gjkRaycast@U?$LocalConvex@VCapsuleV@Gu@physx@@@Gu@physx@@U?$LocalConvex@VBoxV@Gu@physx@@@23@@Gu@physx@@YA_NABU?$LocalConvex@VCapsuleV@Gu@physx@@@01@ABU?$LocalConvex@VBoxV@Gu@physx@@@01@ABT__m128@@222AAT4@33M@Z 10047520 f i GuSweepTests.obj
 0001:00047290       ??$gjkRaycast@U?$LocalConvex@VTriangleV@Gu@physx@@@Gu@physx@@U?$LocalConvex@VBoxV@Gu@physx@@@23@@Gu@physx@@YA_NABU?$LocalConvex@VTriangleV@Gu@physx@@@01@ABU?$LocalConvex@VBoxV@Gu@physx@@@01@ABT__m128@@222AAT4@33M@Z 10048290 f i GuSweepTests.obj
 0001:00048090       ??$gjkRaycast@U?$RelativeConvex@VBoxV@Gu@physx@@@Gu@physx@@U?$LocalConvex@VBoxV@Gu@physx@@@23@@Gu@physx@@YA_NABU?$RelativeConvex@VBoxV@Gu@physx@@@01@ABU?$LocalConvex@VBoxV@Gu@physx@@@01@ABT__m128@@222AAT4@33M@Z 10049090 f i GuSweepTests.obj
 0001:00048e70       ??$gjkRaycastPenetration@U?$LocalConvex@VCapsuleV@Gu@physx@@@Gu@physx@@U?$LocalConvex@VBoxV@Gu@physx@@@23@@Gu@physx@@YA_NABU?$LocalConvex@VCapsuleV@Gu@physx@@@01@ABU?$LocalConvex@VBoxV@Gu@physx@@@01@ABT__m128@@222AAT4@33M_N@Z 10049e70 f i GuSweepTests.obj
 0001:00049070       ??$gjkRaycastPenetration@U?$RelativeConvex@VBoxV@Gu@physx@@@Gu@physx@@U?$LocalConvex@VBoxV@Gu@physx@@@23@@Gu@physx@@YA_NABU?$RelativeConvex@VBoxV@Gu@physx@@@01@ABU?$LocalConvex@VBoxV@Gu@physx@@@01@ABT__m128@@222AAT4@33M_N@Z 1004a070 f i GuSweepTests.obj
 0001:000492d0       ?getSweepFuncTable@Gu@physx@@YAABUGeomSweepFuncs@12@XZ 1004a2d0 f   GuSweepTests.obj
 0001:000492e0       ?getSweepMargin@?$LocalConvex@VTriangleV@Gu@physx@@@Gu@physx@@UBE?AT__m128@@XZ 1004a2e0 f i GuSweepTests.obj
 0001:000492e0       ?getSweepMargin@?$RelativeConvex@VTriangleV@Gu@physx@@@Gu@physx@@UBE?AT__m128@@XZ 1004a2e0 f i GuCCDSweepPrimitives.obj
 0001:00049300       ?registerHeightFields_Sweeps@@YAXXZ 1004a300 f   GuSweepTests.obj
 0001:00049340       ?support@?$LocalConvex@VBoxV@Gu@physx@@@Gu@physx@@UBE?AT__m128@@ABT4@@Z 1004a340 f i GuSweepTests.obj
 0001:00049370       ?support@?$LocalConvex@VBoxV@Gu@physx@@@Gu@physx@@UBE?AT__m128@@ABT4@AAH@Z 1004a370 f i GuSweepTests.obj
 0001:000493b0       ?support@?$LocalConvex@VTriangleV@Gu@physx@@@Gu@physx@@UBE?AT__m128@@ABT4@@Z 1004a3b0 f i GuSweepTests.obj
 0001:00049450       ?support@?$LocalConvex@VTriangleV@Gu@physx@@@Gu@physx@@UBE?AT__m128@@ABT4@AAH@Z 1004a450 f i GuSweepTests.obj
 0001:00049540       ?supportPoint@?$LocalConvex@VBoxV@Gu@physx@@@Gu@physx@@UBE?AT__m128@@H@Z 1004a540 f i GuSweepTests.obj
 0001:00049580       ?supportPoint@?$LocalConvex@VTriangleV@Gu@physx@@@Gu@physx@@UBE?AT__m128@@H@Z 1004a580 f i GuSweepTests.obj
 0001:000495a0       ?sweepBoxTriangles@Gu@physx@@YA_NIPBVPxTriangle@2@_NABVPxBoxGeometry@2@ABVPxTransform@2@ABVPxVec3@2@MAAUPxSweepHit@2@PBIMV?$PxFlags@W4Enum@PxHitFlag@physx@@G@2@@Z 1004a5a0 f   GuSweepTests.obj
 0001:0004a0a0       ??$copy@V?$ReflectionAllocator@USlab@NodeAllocator@Gu@physx@@@shdfnd@physx@@@?$Array@USlab@NodeAllocator@Gu@physx@@V?$ReflectionAllocator@USlab@NodeAllocator@Gu@physx@@@shdfnd@4@@shdfnd@physx@@IAEXABV012@@Z 1004b0a0 f i GuAABBTreeBuild.obj
 0001:0004a110       ??4AABBTreeBuildNode@Gu@physx@@QAEAAV012@ABV012@@Z 1004b110 f i GuAABBTreeBuild.obj
 0001:0004a110       ??0PxMat33@physx@@QAE@ABV01@@Z 1004b110 f i GuMidphaseBV4.obj
 0001:0004a110       ??0AABBTreeBuildNode@Gu@physx@@QAE@ABV012@@Z 1004b110 f i GuAABBTreeBuild.obj
 0001:0004a150       ??0AABBTreeBuildParams@Gu@physx@@QAE@IIPBVPxBounds3@2@@Z 1004b150 f i GuAABBTreeBuild.obj
 0001:0004a170       ??0BuildStats@Gu@physx@@QAE@XZ 1004b170 f i GuAABBTreeBuild.obj
 0001:0004a180       ??0NodeAllocator@Gu@physx@@QAE@ABV012@@Z 1004b180 f i GuAABBTreeBuild.obj
 0001:0004a1b0       ??0NodeAllocator@Gu@physx@@QAE@XZ 1004b1b0 f   GuAABBTreeBuild.obj
 0001:0004a1e0       ?reset@AABBTreeBuildParams@Gu@physx@@QAEXXZ 1004b1e0 f i GuAABBTreeBuild.obj
 0001:0004a1e0       ??1AABBTreeBuildParams@Gu@physx@@QAE@XZ 1004b1e0 f i GuAABBTreeBuild.obj
 0001:0004a220       ??1NodeAllocator@Gu@physx@@QAE@XZ 1004b220 f   GuAABBTreeBuild.obj
 0001:0004a250       ??4AABBTreeBuildParams@Gu@physx@@QAEAAV012@ABV012@@Z 1004b250 f i GuAABBTreeBuild.obj
 0001:0004a260       ??4BuildStats@Gu@physx@@QAEAAU012@$$QAU012@@Z 1004b260 f i GuAABBTreeBuild.obj
 0001:0004a280       ??4NodeAllocator@Gu@physx@@QAEAAV012@ABV012@@Z 1004b280 f i GuAABBTreeBuild.obj
 0001:0004a310       ??_FAABBTreeBuildParams@Gu@physx@@QAEXXZ 1004b310 f i GuAABBTreeBuild.obj
[...]
 0003:000035b0       ?minV4Error@_VecMathTests@aos@shdfnd@physx@@3T__m128@@B 101525b0     GuPCMContactGenSphereCapsule.obj
 0003:000035c0       ?minV3Error@_VecMathTests@aos@shdfnd@physx@@3T__m128@@B 101525c0     GuPCMContactGenSphereCapsule.obj
 0003:000035d0       ?maxFError@_VecMathTests@aos@shdfnd@physx@@3T__m128@@B 101525d0     GuPCMContactGenSphereCapsule.obj
 0003:000035e0       ?maxV3Error@_VecMathTests@aos@shdfnd@physx@@3T__m128@@B 101525e0     GuPCMContactPlaneBox.obj
 0003:000035f0       ?minFError@_VecMathTests@aos@shdfnd@physx@@3T__m128@@B 101525f0     GuPCMContactPlaneBox.obj
 0003:00003600       ?maxV4Error@_VecMathTests@aos@shdfnd@physx@@3T__m128@@B 10152600     GuPCMContactPlaneBox.obj
 0003:00003610       ?minV4Error@_VecMathTests@aos@shdfnd@physx@@3T__m128@@B 10152610     GuPCMContactPlaneBox.obj
 0003:00003620       ?minV3Error@_VecMathTests@aos@shdfnd@physx@@3T__m128@@B 10152620     GuPCMContactPlaneBox.obj
 0003:00003630       ?maxFError@_VecMathTests@aos@shdfnd@physx@@3T__m128@@B 10152630     GuPCMContactPlaneBox.obj
 0003:00003640       ?maxV3Error@_VecMathTests@aos@shdfnd@physx@@3T__m128@@B 10152640     GuPCMContactPlaneCapsule.obj
 0003:00003650       ?minFError@_VecMathTests@aos@shdfnd@physx@@3T__m128@@B 10152650     GuPCMContactPlaneCapsule.obj
 0003:00003660       ?maxV4Error@_VecMathTests@aos@shdfnd@physx@@3T__m128@@B 10152660     GuPCMContactPlaneCapsule.obj
 0003:00003670       ?minV4Error@_VecMathTests@aos@shdfnd@physx@@3T__m128@@B 10152670     GuPCMContactPlaneCapsule.obj
 0003:00003680       ?minV3Error@_VecMathTests@aos@shdfnd@physx@@3T__m128@@B 10152680     GuPCMContactPlaneCapsule.obj
 0003:00003690       ?maxFError@_VecMathTests@aos@shdfnd@physx@@3T__m128@@B 10152690     GuPCMContactPlaneCapsule.obj
 0003:000036a0       ?maxV3Error@_VecMathTests@aos@shdfnd@physx@@3T__m128@@B 101526a0     GuPCMContactPlaneConvex.obj
 0003:000036b0       ?minFError@_VecMathTests@aos@shdfnd@physx@@3T__m128@@B 101526b0     GuPCMContactPlaneConvex.obj
 0003:000036c0       ?maxV4Error@_VecMathTests@aos@shdfnd@physx@@3T__m128@@B 101526c0     GuPCMContactPlaneConvex.obj
 0003:000036d0       ?minV4Error@_VecMathTests@aos@shdfnd@physx@@3T__m128@@B 101526d0     GuPCMContactPlaneConvex.obj
 0003:000036e0       ?minV3Error@_VecMathTests@aos@shdfnd@physx@@3T__m128@@B 101526e0     GuPCMContactPlaneConvex.obj
 0003:000036f0       ?maxFError@_VecMathTests@aos@shdfnd@physx@@3T__m128@@B 101526f0     GuPCMContactPlaneConvex.obj
 0003:00003700       ?maxV3Error@_VecMathTests@aos@shdfnd@physx@@3T__m128@@B 10152700     GuPCMContactSphereBox.obj
 0003:00003710       ?minFError@_VecMathTests@aos@shdfnd@physx@@3T__m128@@B 10152710     GuPCMContactSphereBox.obj
 0003:00003720       ?maxV4Error@_VecMathTests@aos@shdfnd@physx@@3T__m128@@B 10152720     GuPCMContactSphereBox.obj
 0003:00003730       ?minV4Error@_VecMathTests@aos@shdfnd@physx@@3T__m128@@B 10152730     GuPCMContactSphereBox.obj
 0003:00003740       ?minV3Error@_VecMathTests@aos@shdfnd@physx@@3T__m128@@B 10152740     GuPCMContactSphereBox.obj
 0003:00003750       ?maxFError@_VecMathTests@aos@shdfnd@physx@@3T__m128@@B 10152750     GuPCMContactSphereBox.obj
 0003:00003760       ?maxV3Error@_VecMathTests@aos@shdfnd@physx@@3T__m128@@B 10152760     GuPCMContactSphereCapsule.obj
 0003:00003770       ?minFError@_VecMathTests@aos@shdfnd@physx@@3T__m128@@B 10152770     GuPCMContactSphereCapsule.obj
 0003:00003780       ?maxV4Error@_VecMathTests@aos@shdfnd@physx@@3T__m128@@B 10152780     GuPCMContactSphereCapsule.obj
 0003:00003790       ?minV4Error@_VecMathTests@aos@shdfnd@physx@@3T__m128@@B 10152790     GuPCMContactSphereCapsule.obj
 0003:000037a0       ?minV3Error@_VecMathTests@aos@shdfnd@physx@@3T__m128@@B 101527a0     GuPCMContactSphereCapsule.obj
 0003:000037b0       ?maxFError@_VecMathTests@aos@shdfnd@physx@@3T__m128@@B 101527b0     GuPCMContactSphereCapsule.obj
 0003:000037c0       ?maxV3Error@_VecMathTests@aos@shdfnd@physx@@3T__m128@@B 101527c0     GuPCMContactSphereConvex.obj
 0003:000037d0       ?minFError@_VecMathTests@aos@shdfnd@physx@@3T__m128@@B 101527d0     GuPCMContactSphereConvex.obj
 0003:000037e0       ?maxV4Error@_VecMathTests@aos@shdfnd@physx@@3T__m128@@B 101527e0     GuPCMContactSphereConvex.obj
 0003:000037f0       ?minV4Error@_VecMathTests@aos@shdfnd@physx@@3T__m128@@B 101527f0     GuPCMContactSphereConvex.obj
 0003:00003800       ?minV3Error@_VecMathTests@aos@shdfnd@physx@@3T__m128@@B 10152800     GuPCMContactSphereConvex.obj
 0003:00003810       ?maxFError@_VecMathTests@aos@shdfnd@physx@@3T__m128@@B 10152810     GuPCMContactSphereConvex.obj
 0003:00003820       ?maxV3Error@_VecMathTests@aos@shdfnd@physx@@3T__m128@@B 10152820     GuPCMContactSphereHeightField.obj
 0003:00003830       ?minFError@_VecMathTests@aos@shdfnd@physx@@3T__m128@@B 10152830     GuPCMContactSphereHeightField.obj
 0003:00003840       ?maxV4Error@_VecMathTests@aos@shdfnd@physx@@3T__m128@@B 10152840     GuPCMContactSphereHeightField.obj
 0003:00003850       ?minV4Error@_VecMathTests@aos@shdfnd@physx@@3T__m128@@B 10152850     GuPCMContactSphereHeightField.obj
 0003:00003860       ?minV3Error@_VecMathTests@aos@shdfnd@physx@@3T__m128@@B 10152860     GuPCMContactSphereHeightField.obj
 0003:00003870       ?maxFError@_VecMathTests@aos@shdfnd@physx@@3T__m128@@B 10152870     GuPCMContactSphereHeightField.obj
 0003:00003880       ?maxV3Error@_VecMathTests@aos@shdfnd@physx@@3T__m128@@B 10152880     GuPCMContactSphereMesh.obj
 0003:00003890       ?minFError@_VecMathTests@aos@shdfnd@physx@@3T__m128@@B 10152890     GuPCMContactSphereMesh.obj
 0003:000038a0       ?maxV4Error@_VecMathTests@aos@shdfnd@physx@@3T__m128@@B 101528a0     GuPCMContactSphereMesh.obj
 0003:000038b0       ?minV4Error@_VecMathTests@aos@shdfnd@physx@@3T__m128@@B 101528b0     GuPCMContactSphereMesh.obj
 0003:000038c0       ?minV3Error@_VecMathTests@aos@shdfnd@physx@@3T__m128@@B 101528c0     GuPCMContactSphereMesh.obj
 0003:000038d0       ?maxFError@_VecMathTests@aos@shdfnd@physx@@3T__m128@@B 101528d0     GuPCMContactSphereMesh.obj
 0003:000038e0       ?maxV3Error@_VecMathTests@aos@shdfnd@physx@@3T__m128@@B 101528e0     GuPCMContactSpherePlane.obj
 0003:000038f0       ?minFError@_VecMathTests@aos@shdfnd@physx@@3T__m128@@B 101528f0     GuPCMContactSpherePlane.obj
 0003:00003900       ?maxV4Error@_VecMathTests@aos@shdfnd@physx@@3T__m128@@B 10152900     GuPCMContactSpherePlane.obj
 0003:00003910       ?minV4Error@_VecMathTests@aos@shdfnd@physx@@3T__m128@@B 10152910     GuPCMContactSpherePlane.obj
 0003:00003920       ?minV3Error@_VecMathTests@aos@shdfnd@physx@@3T__m128@@B 10152920     GuPCMContactSpherePlane.obj
 0003:00003930       ?maxFError@_VecMathTests@aos@shdfnd@physx@@3T__m128@@B 10152930     GuPCMContactSpherePlane.obj
 0003:00003940       ?maxV3Error@_VecMathTests@aos@shdfnd@physx@@3T__m128@@B 10152940     GuPCMContactSphereSphere.obj
 0003:00003950       ?minFError@_VecMathTests@aos@shdfnd@physx@@3T__m128@@B 10152950     GuPCMContactSphereSphere.obj
 0003:00003960       ?maxV4Error@_VecMathTests@aos@shdfnd@physx@@3T__m128@@B 10152960     GuPCMContactSphereSphere.obj
 0003:00003970       ?minV4Error@_VecMathTests@aos@shdfnd@physx@@3T__m128@@B 10152970     GuPCMContactSphereSphere.obj
 0003:00003980       ?minV3Error@_VecMathTests@aos@shdfnd@physx@@3T__m128@@B 10152980     GuPCMContactSphereSphere.obj
 0003:00003990       ?maxFError@_VecMathTests@aos@shdfnd@physx@@3T__m128@@B 10152990     GuPCMContactSphereSphere.obj
 0003:000039a0       ?maxV3Error@_VecMathTests@aos@shdfnd@physx@@3T__m128@@B 101529a0     GuPCMShapeConvex.obj
 0003:000039b0       ?minFError@_VecMathTests@aos@shdfnd@physx@@3T__m128@@B 101529b0     GuPCMShapeConvex.obj
 0003:000039c0       ?maxV4Error@_VecMathTests@aos@shdfnd@physx@@3T__m128@@B 101529c0     GuPCMShapeConvex.obj
 0003:000039d0       ?minV4Error@_VecMathTests@aos@shdfnd@physx@@3T__m128@@B 101529d0     GuPCMShapeConvex.obj
 0003:000039e0       ?minV3Error@_VecMathTests@aos@shdfnd@physx@@3T__m128@@B 101529e0     GuPCMShapeConvex.obj
 0003:000039f0       ?maxFError@_VecMathTests@aos@shdfnd@physx@@3T__m128@@B 101529f0     GuPCMShapeConvex.obj
 0003:00003a00       ?maxV3Error@_VecMathTests@aos@shdfnd@physx@@3T__m128@@B 10152a00     GuPCMTriangleContactGen.obj
 0003:00003a10       ?minFError@_VecMathTests@aos@shdfnd@physx@@3T__m128@@B 10152a10     GuPCMTriangleContactGen.obj
 0003:00003a20       ?maxV4Error@_VecMathTests@aos@shdfnd@physx@@3T__m128@@B 10152a20     GuPCMTriangleContactGen.obj
 0003:00003a30       ?minV4Error@_VecMathTests@aos@shdfnd@physx@@3T__m128@@B 10152a30     GuPCMTriangleContactGen.obj
 0003:00003a40       ?minV3Error@_VecMathTests@aos@shdfnd@physx@@3T__m128@@B 10152a40     GuPCMTriangleContactGen.obj
 0003:00003a50       ?maxFError@_VecMathTests@aos@shdfnd@physx@@3T__m128@@B 10152a50     GuPCMTriangleContactGen.obj
 0003:00003a60       ?maxV3Error@_VecMathTests@aos@shdfnd@physx@@3T__m128@@B 10152a60     GuPersistentContactManifold.obj
 0003:00003a70       ?minFError@_VecMathTests@aos@shdfnd@physx@@3T__m128@@B 10152a70     GuPersistentContactManifold.obj
 0003:00003a80       ?maxV4Error@_VecMathTests@aos@shdfnd@physx@@3T__m128@@B 10152a80     GuPersistentContactManifold.obj
 0003:00003a90       ?minV4Error@_VecMathTests@aos@shdfnd@physx@@3T__m128@@B 10152a90     GuPersistentContactManifold.obj
 0003:00003aa0       ?minV3Error@_VecMathTests@aos@shdfnd@physx@@3T__m128@@B 10152aa0     GuPersistentContactManifold.obj
 0003:00003ab0       ?maxFError@_VecMathTests@aos@shdfnd@physx@@3T__m128@@B 10152ab0     GuPersistentContactManifold.obj
 0003:00003ac0       ?maxV3Error@_VecMathTests@aos@shdfnd@physx@@3T__m128@@B 10152ac0     GuSweepBoxBox.obj
 0003:00003ad0       ?minFError@_VecMathTests@aos@shdfnd@physx@@3T__m128@@B 10152ad0     GuSweepBoxBox.obj
 0003:00003ae0       ?maxV4Error@_VecMathTests@aos@shdfnd@physx@@3T__m128@@B 10152ae0     GuSweepBoxBox.obj
 0003:00003af0       ?minV4Error@_VecMathTests@aos@shdfnd@physx@@3T__m128@@B 10152af0     GuSweepBoxBox.obj
 0003:00003b00       ?minV3Error@_VecMathTests@aos@shdfnd@physx@@3T__m128@@B 10152b00     GuSweepBoxBox.obj
 0003:00003b10       ?maxFError@_VecMathTests@aos@shdfnd@physx@@3T__m128@@B 10152b10     GuSweepBoxBox.obj
 0003:00003b20       ?maxV3Error@_VecMathTests@aos@shdfnd@physx@@3T__m128@@B 10152b20     GuSweepBoxSphere.obj
 0003:00003b30       ?minFError@_VecMathTests@aos@shdfnd@physx@@3T__m128@@B 10152b30     GuSweepBoxSphere.obj
 0003:00003b40       ?maxV4Error@_VecMathTests@aos@shdfnd@physx@@3T__m128@@B 10152b40     GuSweepBoxSphere.obj
 0003:00003b50       ?minV4Error@_VecMathTests@aos@shdfnd@physx@@3T__m128@@B 10152b50     GuSweepBoxSphere.obj
 0003:00003b60       ?minV3Error@_VecMathTests@aos@shdfnd@physx@@3T__m128@@B 10152b60     GuSweepBoxSphere.obj
 0003:00003b70       ?maxFError@_VecMathTests@aos@shdfnd@physx@@3T__m128@@B 10152b70     GuSweepBoxSphere.obj
 0003:00003b80       ?maxV3Error@_VecMathTests@aos@shdfnd@physx@@3T__m128@@B 10152b80     GuSweepBoxTriangle_FeatureBased.obj
 0003:00003b90       ?minFError@_VecMathTests@aos@shdfnd@physx@@3T__m128@@B 10152b90     GuSweepBoxTriangle_FeatureBased.obj
 0003:00003ba0       ?maxV4Error@_VecMathTests@aos@shdfnd@physx@@3T__m128@@B 10152ba0     GuSweepBoxTriangle_FeatureBased.obj
 0003:00003bb0       ?minV4Error@_VecMathTests@aos@shdfnd@physx@@3T__m128@@B 10152bb0     GuSweepBoxTriangle_FeatureBased.obj
 0003:00003bc0       ?minV3Error@_VecMathTests@aos@shdfnd@physx@@3T__m128@@B 10152bc0     GuSweepBoxTriangle_FeatureBased.obj
 0003:00003bd0       ?maxFError@_VecMathTests@aos@shdfnd@physx@@3T__m128@@B 10152bd0     GuSweepBoxTriangle_FeatureBased.obj
 0003:00003be0       ?maxV3Error@_VecMathTests@aos@shdfnd@physx@@3T__m128@@B 10152be0     GuSweepBoxTriangle_SAT.obj
 0003:00003bf0       ?minFError@_VecMathTests@aos@shdfnd@physx@@3T__m128@@B 10152bf0     GuSweepBoxTriangle_SAT.obj
 0003:00003c00       ?maxV4Error@_VecMathTests@aos@shdfnd@physx@@3T__m128@@B 10152c00     GuSweepBoxTriangle_SAT.obj
 0003:00003c10       ?minV4Error@_VecMathTests@aos@shdfnd@physx@@3T__m128@@B 10152c10     GuSweepBoxTriangle_SAT.obj
 0003:00003c20       ?minV3Error@_VecMathTests@aos@shdfnd@physx@@3T__m128@@B 10152c20     GuSweepBoxTriangle_SAT.obj
 0003:00003c30       ?maxFError@_VecMathTests@aos@shdfnd@physx@@3T__m128@@B 10152c30     GuSweepBoxTriangle_SAT.obj
 0003:00003c40       ?maxV3Error@_VecMathTests@aos@shdfnd@physx@@3T__m128@@B 10152c40     GuSweepCapsuleBox.obj
 0003:00003c50       ?minFError@_VecMathTests@aos@shdfnd@physx@@3T__m128@@B 10152c50     GuSweepCapsuleBox.obj
 0003:00003c60       ?maxV4Error@_VecMathTests@aos@shdfnd@physx@@3T__m128@@B 10152c60     GuSweepCapsuleBox.obj
 0003:00003c70       ?minV4Error@_VecMathTests@aos@shdfnd@physx@@3T__m128@@B 10152c70     GuSweepCapsuleBox.obj
 0003:00003c80       ?minV3Error@_VecMathTests@aos@shdfnd@physx@@3T__m128@@B 10152c80     GuSweepCapsuleBox.obj
 0003:00003c90       ?maxFError@_VecMathTests@aos@shdfnd@physx@@3T__m128@@B 10152c90     GuSweepCapsuleBox.obj
 0003:00003ca0       ?maxV3Error@_VecMathTests@aos@shdfnd@physx@@3T__m128@@B 10152ca0     GuSweepCapsuleTriangle.obj
 0003:00003cb0       ?minFError@_VecMathTests@aos@shdfnd@physx@@3T__m128@@B 10152cb0     GuSweepCapsuleTriangle.obj
 0003:00003cc0       ?maxV4Error@_VecMathTests@aos@shdfnd@physx@@3T__m128@@B 10152cc0     GuSweepCapsuleTriangle.obj
 0003:00003cd0       ?minV4Error@_VecMathTests@aos@shdfnd@physx@@3T__m128@@B 10152cd0     GuSweepCapsuleTriangle.obj
 0003:00003ce0       ?minV3Error@_VecMathTests@aos@shdfnd@physx@@3T__m128@@B 10152ce0     GuSweepCapsuleTriangle.obj
 0003:00003cf0       ?maxFError@_VecMathTests@aos@shdfnd@physx@@3T__m128@@B 10152cf0     GuSweepCapsuleTriangle.obj
 0003:00003d00       ?maxV3Error@_VecMathTests@aos@shdfnd@physx@@3T__m128@@B 10152d00     GuSweepSphereTriangle.obj
 0003:00003d10       ?minFError@_VecMathTests@aos@shdfnd@physx@@3T__m128@@B 10152d10     GuSweepSphereTriangle.obj
 0003:00003d20       ?maxV4Error@_VecMathTests@aos@shdfnd@physx@@3T__m128@@B 10152d20     GuSweepSphereTriangle.obj
 0003:00003d30       ?minV4Error@_VecMathTests@aos@shdfnd@physx@@3T__m128@@B 10152d30     GuSweepSphereTriangle.obj
 0003:00003d40       ?minV3Error@_VecMathTests@aos@shdfnd@physx@@3T__m128@@B 10152d40     GuSweepSphereTriangle.obj
 0003:00003d50       ?maxFError@_VecMathTests@aos@shdfnd@physx@@3T__m128@@B 10152d50     GuSweepSphereTriangle.obj
 0003:00003d60       ?maxV3Error@_VecMathTests@aos@shdfnd@physx@@3T__m128@@B 10152d60     GuSweepTriangleUtils.obj
 0003:00003d70       ?minFError@_VecMathTests@aos@shdfnd@physx@@3T__m128@@B 10152d70     GuSweepTriangleUtils.obj
 0003:00003d80       ?maxV4Error@_VecMathTests@aos@shdfnd@physx@@3T__m128@@B 10152d80     GuSweepTriangleUtils.obj
 0003:00003d90       ?minV4Error@_VecMathTests@aos@shdfnd@physx@@3T__m128@@B 10152d90     GuSweepTriangleUtils.obj
 0003:00003da0       ?minV3Error@_VecMathTests@aos@shdfnd@physx@@3T__m128@@B 10152da0     GuSweepTriangleUtils.obj
 0003:00003db0       ?maxFError@_VecMathTests@aos@shdfnd@physx@@3T__m128@@B 10152db0     GuSweepTriangleUtils.obj
 0003:00003de8       ?__proc_attached@@3HA      10152de8     LIBCMT:dll_dllmain.obj
 0003:00003e10       ?is_initialized_as_dll@@3_NA 10152e10     LIBCMT:utility.obj
 0003:00003e11       ?module_local_atexit_table_initialized@@3_NA 10152e11     LIBCMT:utility.obj
 0003:00003e14       ?module_local_atexit_table@@3U_onexit_table_t@@A 10152e14     LIBCMT:utility.obj
 0003:00003e20       ?module_local_at_quick_exit_table@@3U_onexit_table_t@@A 10152e20     LIBCMT:utility.obj
 0003:00003e30       _GS_ExceptionRecord        10152e30     LIBCMT:gs_report.obj
 0003:00003e80       _GS_ContextRecord          10152e80     LIBCMT:gs_report.obj
 0003:0000417c       ?heap@@3V_HeapManager@@A   1015317c     libvcruntime:undname.obj
 0003:00004190       ?__vcrt_startup_thread_ptd@@3U__vcrt_ptd@@A 10153190     libvcruntime:per_thread_data.obj
 0003:000041b8       ___vcrt_lock_table         101531b8     libvcruntime:locks.obj
 0003:000041d0       ___vcrt_locks_initialized  101531d0     libvcruntime:locks.obj
 0003:000041d4       ?module_handles@@3PAPAUHINSTANCE__@@A 101531d4     libvcruntime:winapi_downlevel.obj
 0003:000041e0       ?function_pointers@@3PAPAXA 101531e0     libvcruntime:winapi_downlevel.obj
 0003:000041f4       ?c_termination_complete@@3JA 101531f4     libucrt:exit.obj
 0003:000041f8       ?thread_local_exit_callback_func@@3P6GXPAXK0@ZA 101531f8     libucrt:exit.obj
 0003:00004200       ?program_name@?1???$common_configure_argv@D@@YAHW4_crt_argv_mode@@@Z@4PADA 10153200     libucrt:argv_parsing.obj
 0003:00004330       __pmatherr_set             10153330     libucrt:libm_error.obj
 0003:00004334       ?user_matherr@@3V?$dual_state_global@P6AHPAU_exception@@@Z@__crt_state_management@@A 10153334     libucrt:matherr.obj
 0003:00004338       ?__acrt_lock_table@@3PAU_RTL_CRITICAL_SECTION@@A 10153338     libucrt:locks.obj
 0003:00004488       ?__acrt_locks_initialized@@3IA 10153488     libucrt:locks.obj
 0003:0000448c       ?__acrt_invalid_parameter_handler@@3V?$dual_state_global@P6AXPB_W00II@Z@__crt_state_management@@A 1015348c     libucrt:invalid_parameter.obj
 0003:0000449c       ?fSystemSet@@3HA           1015349c     libucrt:mbctype.obj
 0003:000044a0       ?initialized@?1??__acrt_initialize_multibyte@@9@4_NA 101534a0     libucrt:mbctype.obj
 0003:000044c0       ?module_handles@@3PAPAUHINSTANCE__@@A 101534c0     libucrt:winapi_thunks.obj
 0003:00004510       ?encoded_function_pointers@@3PAPAXA 10153510     libucrt:winapi_thunks.obj
 0003:000047a4       ?__acrt_new_handler@@3V?$dual_state_global@P6AHI@Z@__crt_state_management@@A 101537a4     libucrt:new_handler.obj
 0003:000047a8       ?ctrlc_action@@3V?$dual_state_global@P6AXH@Z@__crt_state_management@@A 101537a8     libucrt:signal.obj
 0003:000047ac       ?ctrlbreak_action@@3V?$dual_state_global@P6AXH@Z@__crt_state_management@@A 101537ac     libucrt:signal.obj
 0003:000047b0       ?abort_action@@3V?$dual_state_global@P6AXH@Z@__crt_state_management@@A 101537b0     libucrt:signal.obj
 0003:000047b4       ?term_action@@3V?$dual_state_global@P6AXH@Z@__crt_state_management@@A 101537b4     libucrt:signal.obj
 0003:000047cc       ?internal_state@?1??_mbtowc_l@@9@4U_Mbstatet@@A 101537cc     libucrt:mbtowc.obj
 0003:000047d4       ?enable_percent_n@@3IA     101537d4     libucrt:printf_count_output.obj
 0003:000047dc       ?__acrt_global_new_mode@@3V?$dual_state_global@J@__crt_state_management@@A 101537dc     libucrt:new_mode.obj
 0003:000047ec       ?__acrt_app_type@@3W4_crt_app_type@@A 101537ec     libucrt:report_runtime_error.obj
 0003:000047f0       ?internal_pst@?1??__mbrtoc32_utf8@__crt_mbstring@@YAIPA_UPBDIPAU_Mbstatet@@@Z@4U3@A 101537f0     libucrt:mbrtoc32.obj
 0004:00000000       _static_const_table        10154000     LIBCMT:svml_ssinf4_sse2.obj
 0004:00000100       __e02PI                    10154100     LIBCMT:svml_dtrig.obj
 0004:000002a0       __e04PI                    101542a0     LIBCMT:svml_dtrig.obj
 0004:00000430       _2il0floatpacket_0         10154430     LIBCMT:svml_dtrig.obj
 0004:00000440       _2il0floatpacket_1         10154440     LIBCMT:svml_dtrig.obj
 0004:00000448       __d02PI                    10154448     LIBCMT:svml_dtrig.obj
 0004:00000458       __DP4                      10154458     LIBCMT:svml_dtrig.obj
 0004:00000478       __dPI02                    10154478     LIBCMT:svml_dtrig.obj
 0004:00000488       __d04PI                    10154488     LIBCMT:svml_dtrig.obj
 0004:00000498       __QP4                      10154498     LIBCMT:svml_dtrig.obj
 0004:000004b8       __dPI04                    101544b8     LIBCMT:svml_dtrig.obj
 0004:00002600       __vmlsSinHATab             10156600     LIBCMT:svml_s_sin_cout.obj
 0005:000000a0       $R000000                   101570a0     PhysXCommon.res
 0005:000003d0       $R000330                   101573d0     PhysXCommon.res
